******************************************************************************
              TMS320C55x Linker PC v4.4.1                      
******************************************************************************
>> Linked Wed Mar 20 21:28:30 2013

OUTPUT FILE NAME:   <C:/Users/Alex/C5535/build/CSL_USB_IsoHighSpeedExample_Out/../../build/CSL_USB_IsoHighSpeedExample_Out/Release/CSL_USB_IsoHighSpeedExample_Out.out>
ENTRY POINT SYMBOL: "_c_int00"  address: 0002ff95


MEMORY CONFIGURATION

         name            origin    length      used     unused   attr    fill
                        (bytes)   (bytes)    (bytes)   (bytes)
----------------------  --------  ---------  --------  --------  ----  --------
  DARAM                 000000c0   0000fe40  0000ab3e  00005302  RWIX
  SARAM                 00010000   0003df00  00020180  0001dd80  RWIX
  VECT                  0004df00   00000100  00000100  00000000  RWIX
  SARAM31               0004e000   00002000  00002000  00000000  RWIX


SECTION ALLOCATION MAP
(Addresses surrounded by []'s are displayed for convenience only!)

output                                                          attributes/
section   page  orgn(bytes) orgn(words) len(bytes) len(words)   input sections
--------  ----  ----------- ----------- ---------- ----------   --------------
.vers        0   [ 00000000 ]  00000000          *   00000048   COPY SECTION
                 [ 00000000 ]  00000000          *   00000048   VC5505_CSL_BIOS_cfg.obj (.vers)

.sysstack 
*            0   [ 000000c0 ]  00000060          *   00000800   UNINITIALIZED
                 [ 000000c0 ]  00000060          *   00000800   --HOLE--

.stack       0   [ 000010c0 ]  00000860          *   00001000   UNINITIALIZED
                 [ 000010c0 ]  00000860          *   00001000   --HOLE--

.cinit       0   [ 000030c0 ]  00001860          *   000012e8   
                 [ 000030c0 ]  00001860          *   00000ae7   VC5505_CSL_BIOS_cfg.obj (.cinit)
                 [ 0000468e ]  00002347          *   000002d8   app_usbac_descs.obj (.cinit)
                 [ 00004c3e ]  0000261f          *   000000bb   app_usb.obj (.cinit)
                 [ 00004db4 ]  000026da          *   000000af   bios.a55L : biosdata.o55L (.cinit)
                 [ 00004f12 ]  00002789          *   000000a0             : knl.o55L (.cinit)
                 [ 00005052 ]  00002829          *   0000009e   app_usbac.obj (.cinit)
                 [ 0000518e ]  000028c7          *   0000007c   dma_bios_drv_lib.lib : ddc_dma.obj (.cinit)
                 [ 00005286 ]  00002943          *   00000036   i2s_sample.obj (.cinit)
                 [ 000052f2 ]  00002979          *   00000035   csl_usb_iso_highspeed_example.obj (.cinit)
                 [ 0000535c ]  000029ae          *   00000031   bios.a55L : tsk.o55L (.cinit)
                 [ 000053be ]  000029df          *   00000031   cslVC5505_Lib.lib : csl_audioClass.obj (.cinit)
                 [ 00005420 ]  00002a10          *   0000002e   bios.a55L : tsk_stup.o55L (.cinit)
                 [ 0000547c ]  00002a3e          *   0000001e   app_audio_alg.obj (.cinit)
                 [ 000054b8 ]  00002a5c          *   0000001b   codec_config.obj (.cinit)
                 [ 000054ee ]  00002a77          *   00000019   bios.a55L : rta.o55L (.cinit)
                 [ 00005520 ]  00002a90          *   00000019   i2s_bios_drv_lib.lib : ddc_i2s.obj (.cinit)
                 [ 00005552 ]  00002aa9          *   00000017   rtdxx.lib : buffer1.o55L (.cinit)
                 [ 00005580 ]  00002ac0          *   0000000f   bios.a55L : utl_putc.o55L (.cinit)
                 [ 0000559e ]  00002acf          *   0000000b             : knl_tick.o55L (.cinit)
                 [ 000055b4 ]  00002ada          *   0000000a             : obj_init.o55L (.cinit)
                 [ 000055c8 ]  00002ae4          *   0000000a             : sys.o55L (.cinit)
                 [ 000055dc ]  00002aee          *   0000000a   rts55x.lib : _lock.obj (.cinit)
                 [ 000055f0 ]  00002af8          *   0000000a              : exit.obj (.cinit)
                 [ 00005604 ]  00002b02          *   00000009   lnkrtdx.a55L : rtdx.o55L (.cinit)
                 [ 00005616 ]  00002b0b          *   00000008   gpio_control.obj (.cinit)
                 [ 00005626 ]  00002b13          *   00000008   rts55x.lib : atexit.obj (.cinit)
                 [ 00005636 ]  00002b1b          *   00000008   user_interface.obj (.cinit)
                 [ 00005646 ]  00002b23          *   00000007   bios.a55L : sem_crea.o55L (.cinit)
                 [ 00005654 ]  00002b2a          *   00000005             : idl_busy.o55L (.cinit)
                 [ 0000565e ]  00002b2f          *   00000005             : knl_swit.o55L (.cinit)
                 [ 00005668 ]  00002b34          *   00000005   codec_aic3254.obj (.cinit)
                 [ 00005672 ]  00002b39          *   00000005   cslVC5505_Lib.lib : csl_usb.obj (.cinit)
                 [ 0000567c ]  00002b3e          *   00000005   rts55x.lib : sinit.obj (.cinit)
                 [ 00005686 ]  00002b43          *   00000004   bios.a55L : tsk_disa.o55L (.cinit)
                 [ 0000568e ]  00002b47          *   00000001   --HOLE-- [fill = 0]

.rtdx_text 
*            0     00005690  [ 00002b48 ] 00000942          *   
                   00005690  [ 00002b48 ] 000001db          *   rtdxx.lib : buffer1.o55L (.rtdx_text:_RTDX_write_next)
                   0000586b  [ 00002c35+] 0000017c          *             : buffer1.o55L (.rtdx_text:_RTDX_Buffer_WriteCB)
                   000059e7  [ 00002cf3+] 0000010f          *             : rtdx_mon.o55L (.rtdx_text:_RTDX_Init_RT_Monitor)
                   00005af6  [ 00002d7b ] 000000ec          *             : rtdx_mon.o55L (.rtdx_text:_RTDX_Poll)
                   00005be2  [ 00002df1 ] 000000b5          *             : buffer1.o55L (.rtdx_text:_claim)
                   00005c97  [ 00002e4b+] 00000093          *             : rtdx_mon.o55L (.rtdx_text:_StartXFer)
                   00005d2a  [ 00002e95 ] 00000088          *             : rtdx_mon.o55L (.rtdx_text:_RTDX_Mon_Queue)
                   00005db2  [ 00002ed9 ] 00000065          *             : rtdx_mon.o55L (.rtdx_text:_RTDX_H2TPoll)
                   00005e17  [ 00002f0b+] 00000053          *             : buffer1.o55L (.rtdx_text:_RTDX_Buffer_Initialize)
                   00005e6a  [ 00002f35 ] 0000004b          *             : buffer2.o55L (.rtdx_text:_RTDX_Buffer_ReadCB)
                   00005eb5  [ 00002f5a+] 0000003c          *             : rtdx_mon.o55L (.rtdx_text:_RTDX_Final_RT_Monitor)
                   00005ef1  [ 00002f78+] 0000003b          *             : buffer1.o55L (.rtdx_text:_RTDX_Buffer_Size)
                   00005f2c  [ 00002f96 ] 0000002a          *             : intr_tgt.o55L (.rtdx_text:_RTDX_Mask_IER)
                   00005f56  [ 00002fab ] 00000022          *             : buffer2.o55L (.rtdx_text:_RTDX_Buffer_Read)
                   00005f78  [ 00002fbc ] 0000001e          *             : intr_tgt.o55L (.rtdx_text:_RTDX_Set_IER)
                   00005f96  [ 00002fcb ] 0000001c          *             : buffer1.o55L (.rtdx_text:_RTDX_Buffer_Write)
                   00005fb2  [ 00002fd9 ] 00000017          *             : rtdx_mon.o55L (.rtdx_text:_Allow_EmuAccess)
                   00005fc9  [ 00002fe4+] 00000004          *             : rtdx_mon.o55L (.rtdx_text:_Disallow_EmuAccess)
                   00005fcd  [ 00002fe6+] 00000004          *             : rtdx_mon.o55L (.rtdx_text:_Wait)
                   00005fd1  [ 00002fe8 ] 00000001          *   --HOLE-- [fill = 20]

.log         0   [ 00005fd4 ]  00002fea          *   00000014   UNINITIALIZED
                 [ 00005fd4 ]  00002fea          *   00000014   VC5505_CSL_BIOS_cfg.obj (.log)

.LOG_system$buf 
*            0   [ 00006000 ]  00003000          *   00001000   UNINITIALIZED
                 [ 00006000 ]  00003000          *   00001000   VC5505_CSL_BIOS_cfg.obj (.LOG_system$buf)

.TSK_PbAudioAlg$stk 
*            0   [ 00008000 ]  00004000          *   00000500   UNINITIALIZED
                 [ 00008000 ]  00004000          *   00000500   VC5505_CSL_BIOS_cfg.obj (.TSK_PbAudioAlg$stk)

.TSK_RecAudioAlg$stk 
*            0   [ 00008a00 ]  00004500          *   00000500   UNINITIALIZED
                 [ 00008a00 ]  00004500          *   00000500   VC5505_CSL_BIOS_cfg.obj (.TSK_RecAudioAlg$stk)

.sem         0   [ 00009400 ]  00004a00          *   00000252   UNINITIALIZED
                 [ 00009400 ]  00004a00          *   00000252   VC5505_CSL_BIOS_cfg.obj (.sem)

.trace       0   [ 000098a4 ]  00004c52          *   00000200   
                 [ 000098a4 ]  00004c52          *   00000200   --HOLE-- [fill = 00]

.tsk         0   [ 00009ca4 ]  00004e52          *   00000134   UNINITIALIZED
                 [ 00009ca4 ]  00004e52          *   00000134   VC5505_CSL_BIOS_cfg.obj (.tsk)

.rtdx_data 
*            0   [ 00009f0c ]  00004f86          *   00000128   UNINITIALIZED
                 [ 00009f0c ]  00004f86          *   00000102   VC5505_CSL_BIOS_cfg.obj (.rtdx_data)
                 [ 0000a110 ]  00005088          *   00000012   rtdxx.lib : rtdx_mon.o55L (.rtdx_data)
                 [ 0000a134 ]  0000509a          *   00000010             : buffer1.o55L (.rtdx_data)
                 [ 0000a154 ]  000050aa          *   00000004   bios.a55L : rtdx_data.o55L (.rtdx_data)

.sysdata     0   [ 0000a15c ]  000050ae          *   000000ce   UNINITIALIZED
                 [ 0000a15c ]  000050ae          *   000000b0   bios.a55L : biosdata.o55L (.sysdata)
                 [ 0000a2bc ]  0000515e          *   00000016             : rta.o55L (.sysdata)
                 [ 0000a2e8 ]  00005174          *   00000006   lnkrtdx.a55L : rtdx.o55L (.sysdata)
                 [ 0000a2f4 ]  0000517a          *   00000002   bios.a55L : idl_busy.o55L (.sysdata)

.sts         0   [ 0000a2f8 ]  0000517c          *   000000a8   UNINITIALIZED
                 [ 0000a2f8 ]  0000517c          *   000000a8   VC5505_CSL_BIOS_cfg.obj (.sts)

.mbx         0   [ 0000a448 ]  00005224          *   0000009c   UNINITIALIZED
                 [ 0000a448 ]  00005224          *   0000009c   VC5505_CSL_BIOS_cfg.obj (.mbx)

.swi         0   [ 0000a580 ]  000052c0          *   00000078   UNINITIALIZED
                 [ 0000a580 ]  000052c0          *   00000078   VC5505_CSL_BIOS_cfg.obj (.swi)

.pip         0   [ 0000a670 ]  00005338          *   00000064   UNINITIALIZED
                 [ 0000a670 ]  00005338          *   00000064   VC5505_CSL_BIOS_cfg.obj (.pip)

.MBX_msc$que 
*            0   [ 0000a738 ]  0000539c          *   00000060   UNINITIALIZED
                 [ 0000a738 ]  0000539c          *   00000060   --HOLE--

.MBX_musb$que 
*            0   [ 0000a7f8 ]  000053fc          *   00000060   UNINITIALIZED
                 [ 0000a7f8 ]  000053fc          *   00000060   --HOLE--

.switch      0   [ 0000a8b8 ]  0000545c          *   00000056   
                 [ 0000a8b8 ]  0000545c          *   0000001a   app_usb.obj (.switch:_MUSB_Handle_EP0_Intr)
                 [ 0000a8ec ]  00005476          *   00000018   cslVC5505_Lib.lib : csl_usb.obj (.switch:_USB_coreEventProcessEp0)
                 [ 0000a91c ]  0000548e          *   00000012   i2s_bios_drv_lib.lib : llc_i2s.obj (.switch:_LLC_I2SSetClkdiv)
                 [ 0000a940 ]  000054a0          *   00000012                        : llc_i2s.obj (.switch:_LLC_I2SSetWordLength)

.gblinit     0   [ 0000a964 ]  000054b2          *   00000051   
                 [ 0000a964 ]  000054b2          *   00000051   VC5505_CSL_BIOS_cfg.obj (.gblinit)

.args        0   [ 0000aa08 ]  00005504          *   00000040   
                 [ 0000aa08 ]  00005504          *   00000040   --HOLE-- [fill = 0]

.hst0        0   [ 0000aa88 ]  00005544          *   00000040   UNINITIALIZED
                 [ 0000aa88 ]  00005544          *   00000040   VC5505_CSL_BIOS_cfg.obj (.hst0)

.MBX_codecConfig$que 
*            0   [ 0000ab08 ]  00005584          *   00000020   UNINITIALIZED
                 [ 0000ab08 ]  00005584          *   00000020   --HOLE--

.hst         0   [ 0000ab48 ]  000055a4          *   0000001a   UNINITIALIZED
                 [ 0000ab48 ]  000055a4          *   0000001a   VC5505_CSL_BIOS_cfg.obj (.hst)

.prd         0   [ 0000ab7c ]  000055be          *   00000018   UNINITIALIZED
                 [ 0000ab7c ]  000055be          *   00000018   VC5505_CSL_BIOS_cfg.obj (.prd)

.hst1        0   [ 0000abac ]  000055d6          *   00000008   UNINITIALIZED
                 [ 0000abac ]  000055d6          *   00000008   VC5505_CSL_BIOS_cfg.obj (.hst1)

.idl         0   [ 0000abbc ]  000055de          *   00000008   UNINITIALIZED
                 [ 0000abbc ]  000055de          *   00000008   VC5505_CSL_BIOS_cfg.obj (.idl)

.idlcal      0   [ 0000abcc ]  000055e6          *   00000008   UNINITIALIZED
                 [ 0000abcc ]  000055e6          *   00000008   VC5505_CSL_BIOS_cfg.obj (.idlcal)

.sys         0   [ 0000abdc ]  000055ee          *   00000008   UNINITIALIZED
                 [ 0000abdc ]  000055ee          *   00000008   VC5505_CSL_BIOS_cfg.obj (.sys)

.pinit       0   [ 0000abec ]  000055f6          *   00000006   
                 [ 0000abec ]  000055f6          *   00000002   rtdxx.lib : buffer1.o55L (.pinit)
                 [ 0000abf0 ]  000055f8          *   00000002             : rtdx_mon.o55L (.pinit)
                 [ 0000abf4 ]  000055fa          *   00000002   --HOLE-- [fill = 0]

.clk         0   [ 0000abf8 ]  000055fc          *   00000004   UNINITIALIZED
                 [ 0000abf8 ]  000055fc          *   00000004   VC5505_CSL_BIOS_cfg.obj (.clk)

.trcdata     0   [ 0000ac00 ]  00005600          *   00000003   
                 [ 0000ac00 ]  00005600          *   00000003   bios.a55L : trc.o55L (.trcdata)

.text        0     00010000  [ 00008000 ] 0000cd4c          *   
                   00010000  [ 00008000 ] 00001b00          *   app_usb.obj (.text)
                   00011b00  [ 00008d80 ] 00001ae4          *   cslVC5505_Lib.lib : csl_usb.obj (.text)
                   000135e4  [ 00009af2 ] 00001264          *                     : csl_audioClass.obj (.text)
                   00014848  [ 0000a424 ] 00001141          *   codec_aic3254.obj (.text)
                   00015989  [ 0000acc4+] 00000d54          *   dma_bios_drv_lib.lib : ddc_dma.obj (.text)
                   000166dd  [ 0000b36e+] 00000cfd          *   i2c_bios_drv_lib.lib : ddc_i2c.obj (.text)
                   000173da  [ 0000b9ed ] 000008cd          *   csl_usb_iso_highspeed_example.obj (.text)
                   00017ca7  [ 0000be53+] 00000849          *   app_usbac.obj (.text)
                   000184f0  [ 0000c278 ] 00000819          *   cslVC5505_Lib.lib : csl_sar.obj (.text)
                   00018d09  [ 0000c684+] 000007a2          *                     : csl_i2c.obj (.text)
                   000194ab  [ 0000ca55+] 00000520          *   i2s_bios_drv_lib.lib : ddc_i2s.obj (.text)
                   000199cb  [ 0000cce5+] 000004ee          *   cslVC5505_Lib.lib : csl_gpio.obj (.text)
                   00019eb9  [ 0000cf5c+] 00000489          *   i2s_sample.obj (.text)
                   0001a342  [ 0000d1a1 ] 00000401          *   i2s_bios_drv_lib.lib : llc_i2s.obj (.text)
                   0001a743  [ 0000d3a1+] 000003ef          *   user_interface.obj (.text)
                   0001ab32  [ 0000d599 ] 000003cc          *   rts55x.lib : divd.obj (.text)
                   0001aefe  [ 0000d77f ] 00000331          *   app_audio_alg.obj (.text)
                   0001b22f  [ 0000d917+] 0000025a          *   rts55x.lib : addd.obj (.text)
                   0001b489  [ 0000da44+] 0000020c          *   cslVC5505_Lib.lib : csl_gpt.obj (.text)
                   0001b695  [ 0000db4a+] 00000203          *   app_asrc.obj (.text)
                   0001b898  [ 0000dc4c ] 000001e7          *   ezdsp5535bsl.lib : ezdsp5535_led.obj (.text)
                   0001ba7f  [ 0000dd3f+] 000001d9          *   cslVC5505_Lib.lib : csl_pll.obj (.text)
                   0001bc58  [ 0000de2c ] 000001b5          *   codec_config.obj (.text)
                   0001be0d  [ 0000df06+] 00000194          *   i2s_bios_drv_lib.lib : dda_i2s.obj (.text)
                   0001bfa1  [ 0000dfd0+] 00000192          *   ezdsp5535bsl.lib : ezdsp5535_lcd.obj (.text)
                   0001c133  [ 0000e099+] 0000014c          *   rts55x.lib : mpyd.obj (.text)
                   0001c27f  [ 0000e13f+] 000000e8          *   i2c_bios_drv_lib.lib : dda_i2c.obj (.text)
                   0001c367  [ 0000e1b3+] 000000d7          *   dma_bios_drv_lib.lib : dda_dma.obj (.text)
                   0001c43e  [ 0000e21f ] 000000c7          *   pll_control.obj (.text)
                   0001c505  [ 0000e282+] 000000b1          *   gpio_control.obj (.text)
                   0001c5b6  [ 0000e2db ] 000000a1          *   rts55x.lib : divul.obj (.text)
                   0001c657  [ 0000e32b+] 0000008e          *   ezdsp5535bsl.lib : ezdsp5535_i2c.obj (.text)
                   0001c6e5  [ 0000e372+] 00000087          *                    : ezdsp5535_gpio.obj (.text)
                   0001c76c  [ 0000e3b6 ] 00000080          *   dbg_sdram.obj (.text)
                   0001c7ec  [ 0000e3f6 ] 00000077          *   rts55x.lib : fixdul.obj (.text)
                   0001c863  [ 0000e431+] 00000076          *              : frcmpyd.obj (.text)
                   0001c8d9  [ 0000e46c+] 00000075          *              : sinit.obj (.text)
                   0001c94e  [ 0000e4a7 ] 00000073          *              : frcmpyd_div.obj (.text)
                   0001c9c1  [ 0000e4e0+] 00000072          *              : remul.obj (.text)
                   0001ca33  [ 0000e519+] 0000006f          *              : atexit.obj (.text)
                   0001caa2  [ 0000e551 ] 00000002          *   --HOLE-- [fill = 20]
                   0001caa4  [ 0000e552 ] 0000005c          *   bios.a55L : tsk_stup.o55L (.text)
                   0001cb00  [ 0000e580 ] 00000058          *   palos_bios_lib.lib : pal_osSem.obj (.text)
                   0001cb58  [ 0000e5ac ] 00000057          *                      : pal_osprotect.obj (.text)
                   0001cbaf  [ 0000e5d7+] 00000054          *   ezdsp5535bsl.lib : ezdsp5535.obj (.text)
                   0001cc03  [ 0000e601+] 00000048          *   rts55x.lib : divli.obj (.text)
                   0001cc4b  [ 0000e625+] 0000003f          *              : memcpy.obj (.text)
                   0001cc8a  [ 0000e645 ] 0000003e          *              : exit.obj (.text)
                   0001ccc8  [ 0000e664 ] 00000028          *   palos_bios_lib.lib : pal_osTime.obj (.text)
                   0001ccf0  [ 0000e678 ] 0000001b          *   rts55x.lib : fixdu.obj (.text)
                   0001cd0b  [ 0000e685+] 00000014          *   palos_bios_lib.lib : pal_osWait.obj (.text)
                   0001cd1f  [ 0000e68f+] 00000013          *   rts55x.lib : lmpy.obj (.text)
                   0001cd32  [ 0000e699 ] 00000012          *              : _lock.obj (.text)
                   0001cd44  [ 0000e6a2 ] 00000007          *              : exit.obj (.text:CIO_breakpoint)
                   0001cd4b  [ 0000e6a5 ] 00000001          *   --HOLE-- [fill = 20]

.data        0   [ 00010000 ]  00008000          *   00000000   UNINITIALIZED

.bss         0   [ 0001cd50 ]  0000e6a8          *   000065f2   UNINITIALIZED
                 [ 0001cd50 ]  0000e6a8          *   00004824   i2s_sample.obj (.bss)
                 [ 00025d98 ]  00012ecc          *   00000e92   app_usbac.obj (.bss)
                 [ 00027abc ]  00013d5e          *   00000002   bios.a55L : clk_data2.o55L (.bss)
                 [ 00027ac0 ]  00013d60          *   000005a4   csl_usb_iso_highspeed_example.obj (.bss)
                 [ 00028608 ]  00014304          *   000002ec   app_usbac_descs.obj (.bss)
                 [ 00028be0 ]  000145f0          *   000001c2   cslVC5505_Lib.lib : csl_usb.obj (.bss)
                 [ 00028f64 ]  000147b2          *   00000172   dma_bios_drv_lib.lib : ddc_dma.obj (.bss)
                 [ 00029248 ]  00014924          *   000000c2   rts55x.lib : atexit.obj (.bss)
                 [ 000293cc ]  000149e6          *   0000008a   bios.a55L : knl.o55L (.bss)
                 [ 000294e0 ]  00014a70          *   00000048   app_usb.obj (.bss)
                 [ 00029570 ]  00014ab8          *   00000044   i2c_bios_drv_lib.lib : ddc_i2c.obj (.bss)
                 [ 000295f8 ]  00014afc          *   00000040   i2s_bios_drv_lib.lib : ddc_i2s.obj (.bss)
                 [ 00029678 ]  00014b3c          *   00000030   bios.a55L : tsk.o55L (.bss)
                 [ 000296d8 ]  00014b6c          *   00000028             : tsk_stup.o55L (.bss)
                 [ 00029728 ]  00014b94          *   00000023             : obj_init.o55L (.bss)
                 [ 0002976e ]  00014bb7          *   00000001             : tsk_disa.o55L (.bss)
                 [ 00029770 ]  00014bb8          *   00000014             : sys.o55L (.bss)
                 [ 00029798 ]  00014bcc          *   00000014   user_interface.obj (.bss)
                 [ 000297c0 ]  00014be0          *   00000012   app_asrc.obj (.bss)
                 [ 000297e4 ]  00014bf2          *   00000012   cslVC5505_Lib.lib : csl_i2c.obj (.bss)
                 [ 00029808 ]  00014c04          *   00000010   i2s_bios_drv_lib.lib : dda_i2s.obj (.bss)
                 [ 00029828 ]  00014c14          *   0000000e   cslVC5505_Lib.lib : csl_audioClass.obj (.bss)
                 [ 00029844 ]  00014c22          *   0000000e   pll_control.obj (.bss)
                 [ 00029860 ]  00014c30          *   0000000c   VC5505_CSL_BIOS_cfg.obj (.bss)
                 [ 00029878 ]  00014c3c          *   0000000c   app_audio_alg.obj (.bss)
                 [ 00029890 ]  00014c48          *   0000000c   bios5505.a55L : clk5505_data.o55L (.bss)
                 [ 000298a8 ]  00014c54          *   0000000c   dbg_sdram.obj (.bss)
                 [ 000298c0 ]  00014c60          *   00000009   codec_config.obj (.bss)
                 [ 000298d2 ]  00014c69          *   00000001   --HOLE--
                 [ 000298d4 ]  00014c6a          *   00000008   bios.a55L : knl_tick.o55L (.bss)
                 [ 000298e4 ]  00014c72          *   00000006             : utl_putc.o55L (.bss)
                 [ 000298f0 ]  00014c78          *   00000006   rtdxx.lib : buffer1.o55L (.bss)
                 [ 000298fc ]  00014c7e          *   00000004   bios.a55L : clk_data.o55L (.bss)
                 [ 00029904 ]  00014c82          *   00000004             : sem_crea.o55L (.bss)
                 [ 0002990c ]  00014c86          *   00000004   ezdsp5535bsl.lib : ezdsp5535_gpio.obj (.bss)
                 [ 00029914 ]  00014c8a          *   00000004   gpio_control.obj (.bss)
                 [ 0002991c ]  00014c8e          *   00000004   rts55x.lib : _lock.obj (.bss)
                 [ 00029924 ]  00014c92          *   00000004              : exit.obj (.bss)
                 [ 0002992c ]  00014c96          *   00000002   codec_aic3254.obj (.bss)
                 [ 00029930 ]  00014c98          *   00000002   rts55x.lib : sinit.obj (.bss)

.bios        0     00029934  [ 00014c9a ] 000026c8          *   
                   00029934  [ 00014c9a ] 000003d4          *   bios.a55L : swi.o55L (.bios)
                   00029d08  [ 00014e84 ] 000003a3          *   lnkrtdx.a55L : rtdx.o55L (.bios)
                   0002a0ab  [ 00015055+] 0000035f          *   bios.a55L : hwi_disp_asm.o55L (.bios)
                   0002a40a  [ 00015205 ] 00000002          *   --HOLE-- [fill = 20]
                   0002a40c  [ 00015206 ] 0000018b          *             : sem_pend.o55L (.bios)
                   0002a597  [ 000152cb+] 00000186          *             : prd.o55L (.bios)
                   0002a71d  [ 0001538e ] 00000003          *   --HOLE-- [fill = 20]
                   0002a720  [ 00015390 ] 00000185          *             : knl_run.o55L (.bios)
                   0002a8a5  [ 00015452 ] 00000003          *   --HOLE-- [fill = 20]
                   0002a8a8  [ 00015454 ] 00000175          *             : mem_free.o55L (.bios:.near)
                   0002aa1d  [ 0001550e ] 00000003          *   --HOLE-- [fill = 20]
                   0002aa20  [ 00015510 ] 00000144          *             : knl_tick.o55L (.bios)
                   0002ab64  [ 000155b2 ] 00000130          *             : rta.o55L (.bios)
                   0002ac94  [ 0001564a ] 0000012d          *             : mem_allo.o55L (.bios:.near)
                   0002adc1  [ 000156e0+] 00000119          *             : pip.o55L (.bios)
                   0002aeda  [ 0001576d ] 0000010e          *             : knl_swit.o55L (.bios)
                   0002afe8  [ 000157f4 ] 0000010d          *             : mbx.o55L (.bios)
                   0002b0f5  [ 0001587a ] 00000003          *   --HOLE-- [fill = 20]
                   0002b0f8  [ 0001587c ] 00000104          *             : sem_dopo.o55L (.bios)
                   0002b1fc  [ 000158fe ] 000000f8          *             : tsk_exit.o55L (.bios)
                   0002b2f4  [ 0001597a ] 000000f6          *             : tsk_setu.o55L (.bios)
                   0002b3ea  [ 000159f5 ] 00000002          *   --HOLE-- [fill = 20]
                   0002b3ec  [ 000159f6 ] 000000bf          *             : tsk_stup.o55L (.bios)
                   0002b4ab  [ 00015a55+] 000000a2          *             : c55_c.o55L (.bios)
                   0002b54d  [ 00015aa6 ] 00000003          *   --HOLE-- [fill = 20]
                   0002b550  [ 00015aa8 ] 00000090          *   bios5505.a55L : clk5505_start.o55L (.bios)
                   0002b5e0  [ 00015af0 ] 0000008d          *   bios.a55L : knl_chec.o55L (.bios)
                   0002b66d  [ 00015b36 ] 00000003          *   --HOLE-- [fill = 20]
                   0002b670  [ 00015b38 ] 0000008d          *   bios5505.a55L : clk5505_isr.o55L (.bios)
                   0002b6fd  [ 00015b7e ] 00000003          *   --HOLE-- [fill = 20]
                   0002b700  [ 00015b80 ] 00000087          *                 : clk5505_htime.o55L (.bios)
                   0002b787  [ 00015bc3+] 00000082          *   bios.a55L : sem_post_asm.o55L (.bios)
                   0002b809  [ 00015c04 ] 00000003          *   --HOLE-- [fill = 20]
                   0002b80c  [ 00015c06 ] 00000068          *   bios5505.a55L : clk5505_meas.o55L (.bios)
                   0002b874  [ 00015c3a ] 00000062          *   bios.a55L : log_printf.o55L (.bios)
                   0002b8d6  [ 00015c6b ] 00000002          *   --HOLE-- [fill = 20]
                   0002b8d8  [ 00015c6c ] 00000062          *             : obj_crea.o55L (.bios)
                   0002b93a  [ 00015c9d ] 00000002          *   --HOLE-- [fill = 20]
                   0002b93c  [ 00015c9e ] 0000005f          *             : knl_exit.o55L (.bios)
                   0002b99b  [ 00015ccd ] 00000001          *   --HOLE-- [fill = 20]
                   0002b99c  [ 00015cce ] 0000005b          *             : knl_ipos.o55L (.bios)
                   0002b9f7  [ 00015cfb ] 00000001          *   --HOLE-- [fill = 20]
                   0002b9f8  [ 00015cfc ] 0000005b          *             : sem_crea.o55L (.bios)
                   0002ba53  [ 00015d29 ] 00000001          *   --HOLE-- [fill = 20]
                   0002ba54  [ 00015d2a ] 00000058          *             : lck.o55L (.bios)
                   0002baac  [ 00015d56 ] 00000051          *             : log.o55L (.bios)
                   0002bafd  [ 00015d7e+] 0000004e          *             : sem_pend_counting.o55L (.bios)
                   0002bb4b  [ 00015da5 ] 00000001          *   --HOLE-- [fill = 20]
                   0002bb4c  [ 00015da6 ] 00000048          *             : sem_post.o55L (.bios)
                   0002bb94  [ 00015dca ] 00000048          *             : sts.o55L (.bios)
                   0002bbdc  [ 00015dee ] 00000048          *             : sys_exit.o55L (.bios)
                   0002bc24  [ 00015e12 ] 00000047          *             : idl_busy.o55L (.bios)
                   0002bc6b  [ 00015e35+] 00000046          *             : idl_cal.o55L (.bios)
                   0002bcb1  [ 00015e58 ] 00000003          *   --HOLE-- [fill = 20]
                   0002bcb4  [ 00015e5a ] 00000045          *             : obj_dele.o55L (.bios)
                   0002bcf9  [ 00015e7c ] 00000003          *   --HOLE-- [fill = 20]
                   0002bcfc  [ 00015e7e ] 00000044          *             : tsk_disa.o55L (.bios)
                   0002bd40  [ 00015ea0 ] 00000043          *             : rta_andn.o55L (.bios)
                   0002bd83  [ 00015ec1+] 00000042          *             : que_get.o55L (.bios)
                   0002bdc5  [ 00015ee2+] 00000036          *             : prd_c.o55L (.bios)
                   0002bdfb  [ 00015efd ] 00000001          *   --HOLE-- [fill = 20]
                   0002bdfc  [ 00015efe ] 00000036          *             : utl_putc.o55L (.bios)
                   0002be32  [ 00015f19 ] 00000002          *   --HOLE-- [fill = 20]
                   0002be34  [ 00015f1a ] 00000034          *             : knl_post.o55L (.bios)
                   0002be68  [ 00015f34 ] 00000034          *   bios5505.a55L : clk_itime.o55L (.bios)
                   0002be9c  [ 00015f4e ] 00000032          *   bios.a55L : mem_vall.o55L (.bios:.near)
                   0002bece  [ 00015f67 ] 00000025          *             : fxn.o55L (.bios)
                   0002bef3  [ 00015f79+] 00000024          *             : idl_stub.o55L (.bios)
                   0002bf17  [ 00015f8b ] 00000001          *   --HOLE-- [fill = 20]
                   0002bf18  [ 00015f8c ] 00000023          *             : utl_doab.o55L (.bios)
                   0002bf3b  [ 00015f9d ] 00000001          *   --HOLE-- [fill = 20]
                   0002bf3c  [ 00015f9e ] 00000020          *             : utl_doer.o55L (.bios)
                   0002bf5c  [ 00015fae ] 0000001a          *             : hwi_xable.o55L (.bios)
                   0002bf76  [ 00015fbb ] 00000017          *             : clk_run.o55L (.bios)
                   0002bf8d  [ 00015fc6 ] 00000003          *   --HOLE-- [fill = 20]
                   0002bf90  [ 00015fc8 ] 00000017          *             : sys_abor.o55L (.bios)
                   0002bfa7  [ 00015fd3 ] 00000001          *   --HOLE-- [fill = 20]
                   0002bfa8  [ 00015fd4 ] 00000016          *             : sys_erro.o55L (.bios:.near)
                   0002bfbe  [ 00015fdf ] 00000002          *   --HOLE-- [fill = 20]
                   0002bfc0  [ 00015fe0 ] 00000010          *             : sem_dele.o55L (.bios)
                   0002bfd0  [ 00015fe8 ] 0000000c          *             : idl.o55L (.bios)
                   0002bfdc  [ 00015fee ] 00000008          *             : utl_halt.o55L (.bios)
                   0002bfe4  [ 00015ff2 ] 00000007          *             : sts_set.o55L (.bios)
                   0002bfeb  [ 00015ff5+] 00000006          *             : gbl_vers.o55L (.bios)
                   0002bff1  [ 00015ff8 ] 00000003          *   --HOLE-- [fill = 20]
                   0002bff4  [ 00015ffa ] 00000002          *             : fxn_c.o55L (.bios)
                   0002bff6  [ 00015ffb ] 00000002          *   --HOLE-- [fill = 20]
                   0002bff8  [ 00015ffc ] 00000002          *   bios5505.a55L : clk5505_wdog.o55L (.bios)
                   0002bffa  [ 00015ffd ] 00000002          *   --HOLE-- [fill = 20]

.TSK_CodecConfig$stk 
*            0   [ 0002bffc ]  00015ffe          *   00000500   UNINITIALIZED
                 [ 0002bffc ]  00015ffe          *   00000500   VC5505_CSL_BIOS_cfg.obj (.TSK_CodecConfig$stk)

.TSK_MUSBMSCTask$stk 
*            0   [ 0002c9fc ]  000164fe          *   00000500   UNINITIALIZED
                 [ 0002c9fc ]  000164fe          *   00000500   VC5505_CSL_BIOS_cfg.obj (.TSK_MUSBMSCTask$stk)

.TSK_MUSBMainTask$stk 
*            0   [ 0002d3fc ]  000169fe          *   00000500   UNINITIALIZED
                 [ 0002d3fc ]  000169fe          *   00000500   VC5505_CSL_BIOS_cfg.obj (.TSK_MUSBMainTask$stk)

.TSK_idle$stk 
*            0   [ 0002ddfc ]  00016efe          *   00000500   UNINITIALIZED
                 [ 0002ddfc ]  00016efe          *   00000500   VC5505_CSL_BIOS_cfg.obj (.TSK_idle$stk)

.mainTsk$stk 
*            0   [ 0002e7fc ]  000173fe          *   00000500   UNINITIALIZED
                 [ 0002e7fc ]  000173fe          *   00000500   VC5505_CSL_BIOS_cfg.obj (.mainTsk$stk)

.const       0   [ 0002f200 ]  00017900          *   00000410   
                 [ 0002f200 ]  00017900          *   000000ab   csl_usb_iso_highspeed_example.obj (.const:.string)
                 [ 0002f356 ]  000179ab          *   00000001   --HOLE-- [fill = 0]
                 [ 0002f358 ]  000179ac          *   000000a0   app_usbac_descs.obj (.const:_configDescriptor)
                 [ 0002f498 ]  00017a4c          *   00000084   user_interface.obj (.const:.string)
                 [ 0002f5a0 ]  00017ad0          *   00000056   codec_aic3254.obj (.const:.string)
                 [ 0002f64c ]  00017b26          *   00000054   i2s_bios_drv_lib.lib : ddc_i2s.obj (.const:.string)
                 [ 0002f6f4 ]  00017b7a          *   0000004f   bios.a55L : tsk_stup.o55L (.const)
                 [ 0002f792 ]  00017bc9          *   00000001   --HOLE-- [fill = 0]
                 [ 0002f794 ]  00017bca          *   00000001             : sem_crea.o55L (.const)
                 [ 0002f796 ]  00017bcb          *   00000001   --HOLE-- [fill = 0]
                 [ 0002f798 ]  00017bcc          *   00000035   app_usbac_descs.obj (.const:_acHidReportDescriptor)
                 [ 0002f802 ]  00017c01          *   00000001   --HOLE-- [fill = 0]
                 [ 0002f804 ]  00017c02          *   00000025   app_usb.obj (.const:.string)
                 [ 0002f84e ]  00017c27          *   00000025   codec_aic3254.obj (.const:_volume_table)
                 [ 0002f898 ]  00017c4c          *   00000024   app_usbac.obj (.const:.string)
                 [ 0002f8e0 ]  00017c70          *   00000023   bios.a55L : utl_doab.o55L (.const)
                 [ 0002f926 ]  00017c93          *   00000001   --HOLE-- [fill = 0]
                 [ 0002f928 ]  00017c94          *   00000022             : utl_doer.o55L (.const)
                 [ 0002f96c ]  00017cb6          *   00000013   i2c_bios_drv_lib.lib : ddc_i2c.obj (.const:.string)
                 [ 0002f992 ]  00017cc9          *   00000001   --HOLE-- [fill = 0]
                 [ 0002f994 ]  00017cca          *   00000001   bios.a55L : tsk.o55L (.const)
                 [ 0002f996 ]  00017ccb          *   00000001   --HOLE-- [fill = 0]
                 [ 0002f998 ]  00017ccc          *   00000012   app_usbac_descs.obj (.const:_deviceDescriptorB)
                 [ 0002f9bc ]  00017cde          *   00000002   --HOLE-- [fill = 0]
                 [ 0002f9c0 ]  00017ce0          *   0000000a   app_usbac_descs.obj (.const:_deviceQualifierDescr)
                 [ 0002f9d4 ]  00017cea          *   00000008   rts55x.lib : divd.obj (.const:_initial_approx$1)
                 [ 0002f9e4 ]  00017cf2          *   00000006   rtdxx.lib : rtdx_mon.o55L (.const)
                 [ 0002f9f0 ]  00017cf8          *   00000004   i2c_bios_drv_lib.lib : ddc_i2c.obj (.const:_$P$T0$1)
                 [ 0002f9f8 ]  00017cfc          *   00000004   pll_control.obj (.const:_pllCfg_120MHz)
                 [ 0002fa00 ]  00017d00          *   00000004   bios.a55L : mem_allo.o55L (.const)
                 [ 0002fa08 ]  00017d04          *   00000004             : mem_free.o55L (.const)
                 [ 0002fa10 ]  00017d08          *   00000004   rtdxx.lib : buffer1.o55L (.const)
                 [ 0002fa18 ]  00017d0c          *   00000004   user_interface.obj (.const)

.printf      0   [ 0002fa20 ]  00017d10          *   000001d6   
                 [ 0002fa20 ]  00017d10          *   000001d6   VC5505_CSL_BIOS_cfg.obj (.printf)

.sysinit     0     0002fdcc  [ 00017ee6 ] 0000023c          *   
                   0002fdcc  [ 00017ee6 ] 000000d2          *   VC5505_CSL_BIOS_cfg.obj (.sysinit)
                   0002fe9e  [ 00017f4f ] 00000002          *   --HOLE-- [fill = 20]
                   0002fea0  [ 00017f50 ] 00000084          *   bios.a55L : tsk_init.o55L (.sysinit)
                   0002ff24  [ 00017f92 ] 00000071          *             : autoinit.o55L (.sysinit)
                   0002ff95  [ 00017fca+] 0000006f          *             : boot.o55L (.sysinit)
                   00030004  [ 00018002 ] 00000002          *             : obj_init.o55L (.sysinit)
                   00030006  [ 00018003 ] 00000002          *   --HOLE-- [fill = 20]

.hwi_disp_sec 
*            0   [ 00030008 ]  00018004          *   000000c0   UNINITIALIZED
                 [ 00030008 ]  00018004          *   000000c0   bios.a55L : hwi_disp_asm.o55L (.hwi_disp_sec)

.hwi_vec     0     0004df00  [ 00026f80 ] 00000100          *   
                   0004df00  [ 00026f80 ] 00000100          *   VC5505_CSL_BIOS_cfg.obj (.hwi_vec)

.trace$buf 
*            0   [ 0004e000 ]  00027000          *   00001000   UNINITIALIZED
                 [ 0004e000 ]  00027000          *   00001000   VC5505_CSL_BIOS_cfg.obj (.trace$buf)


GLOBAL SYMBOLS: SORTED ALPHABETICALLY BY Name 

abs. value/
byte addr   word addr   name
---------   ---------   ----
00000002                $TI_capability$C5500$CallingConvention
00000002                $TI_capability$C5500$MemoryModel
00000001                $TI_capability_requires_rev3
            0000e6a8    .bss
            00008000    .data
00010000                .text
00000014                BIOSDATA_O_CLK_D_COUNTSPMS
0000000e                BIOSDATA_O_CLK_D_DIRTY
00000016                BIOSDATA_O_CLK_D_IDLETIME
00000018                BIOSDATA_O_CLK_D_ISRHOOK
00000010                BIOSDATA_O_CLK_D_PRD
0000001a                BIOSDATA_O_CLK_D_TABBEG
00000012                BIOSDATA_O_CLK_D_TDDR
0000001c                BIOSDATA_O_CLK_D_TIMEFXN
00000006                BIOSDATA_O_CLK_HTIMEDIV
00000008                BIOSDATA_O_CLK_HTIMEMULT
0000000a                BIOSDATA_O_CLK_LTIMEDIV
0000000c                BIOSDATA_O_CLK_LTIMEMULT
0000001e                BIOSDATA_O_CLK_R_TIMH
0000001f                BIOSDATA_O_CLK_R_TIML
00000020                BIOSDATA_O_HST_D_CHANMASK
000000a0                BIOSDATA_O_HST_D_TABBEGADDR
000000a2                BIOSDATA_O_HST_D_TABENDADDR
00000088                BIOSDATA_O_HWI_D_SPSAVE
0000008a                BIOSDATA_O_HWI_D_SSPSAVE
0000008c                BIOSDATA_O_HWI_D_STKBOTADDR
00000090                BIOSDATA_O_HWI_D_STKTOPADDR
0000008e                BIOSDATA_O_HWI_D_SYSTKBOTADDR
00000092                BIOSDATA_O_HWI_D_SYSTKTOPADDR
00000022                BIOSDATA_O_IDL_D_CALBEG
00000024                BIOSDATA_O_IDL_D_CALIBRATE
00000026                BIOSDATA_O_IDL_D_TABBEG
00000028                BIOSDATA_O_LOG_D_SYSTEM
00000098                BIOSDATA_O_MEM_D_FREELIST
0000009a                BIOSDATA_O_MEM_D_LOCKADDR
00000096                BIOSDATA_O_MEM_D_MEMTAB
00000095                BIOSDATA_O_MEM_D_NUMSEGMENTS
0000009c                BIOSDATA_O_MEM_D_UNLOCKADDR
0000002a                BIOSDATA_O_PIP_D_TABBEG
0000002c                BIOSDATA_O_PIP_D_TABLEN
0000002e                BIOSDATA_O_PRD_D_CUR
00000030                BIOSDATA_O_PRD_D_ELAPSED
00000031                BIOSDATA_O_PRD_D_PREVTIM
00000032                BIOSDATA_O_PRD_D_SCALAR
00000034                BIOSDATA_O_PRD_D_SWIHANDLE
00000036                BIOSDATA_O_PRD_D_TABBEG
00000038                BIOSDATA_O_PRD_D_TABLEN
0000003a                BIOSDATA_O_PRD_D_THOOK
0000003c                BIOSDATA_O_PRD_D_TICKH
0000003d                BIOSDATA_O_PRD_D_TICKL
000000a8                BIOSDATA_O_RTDX_D_BUFREAD
000000aa                BIOSDATA_O_RTDX_D_BUFWRITE
00000046                BIOSDATA_O_SWI_D_CURFXN
00000042                BIOSDATA_O_SWI_D_CURMASK
00000045                BIOSDATA_O_SWI_D_CURMBOX
00000043                BIOSDATA_O_SWI_D_CURSET
00000040                BIOSDATA_O_SWI_D_EXECADDR
00000044                BIOSDATA_O_SWI_D_LOCK
00000048                BIOSDATA_O_SWI_D_RDYBEG
0000004a                BIOSDATA_O_SWI_D_RDYTAB
0000003e                BIOSDATA_O_SWI_D_RUNADDR
0000009e                BIOSDATA_O_SYS
000000a4                BIOSDATA_O_TSK_D_IDLSTKADDR
000000a6                BIOSDATA_O_TSK_D_IDLSYSTKADDR
0002fdcc                BIOS_init
0002fe5a                BIOS_start
00000000                BUF$
00000001                BUF_ENABLED
0001cd45                C$$EXIT
            000050ae    C55_BIOSDATAOBJ
00000001                CLK$
000055fc                CLK_A_TABBEG
0000abf8                CLK_A_TABBEGb
00000001                CLK_CALDIV
00000004                CLK_CALMULT
0000ea60                CLK_COUNTSPMS
00000000                CLK_COUNTSPMSHIGH
            000050c4    CLK_D_idletime
            000050c6    CLK_D_isrhook
            000050c8    CLK_D_tabbeg
            000050ca    CLK_D_timefxn
0002bf81                CLK_F_dispRun
0002b740                CLK_F_gethtime
0002be68                CLK_F_itime
0002bf81                CLK_HOOKFXN
00000001                CLK_HTIMEDIV
00000002                CLK_HTIMEMULT
0000ea60                CLK_HTIMEPERLTIME
00000010                CLK_IMR0TINTMASK
00000000                CLK_IMR1TINTMASK
00000000                CLK_INTBIT
00000004                CLK_INTID
00000001                CLK_LTIMEDIV
0001d4c0                CLK_LTIMEMULT
000003e8                CLK_MICROSECS
            000055fe    CLK_NULL
0000ea5f                CLK_PRD
00000000                CLK_PRDHIGH
00001810                CLK_REGS
            000050cc    CLK_R_timh
            000050cd    CLK_R_timl
00000020                CLK_TCR
00000000                CLK_TDDR
00000000                CLK_TDDRHIGH
0002b740                CLK_TIMEFXN
00000001                CLK_TIMER0ARG
0002b6b8                CLK_TIMER0FUNC
00000000                CLK_TIMER1ARG
0001a90d                CLK_TIMER1FUNC
00000000                CLK_TIMER2ARG
0002bece                CLK_TIMER2FUNC
00000001                CLK_TIMERIFR
00000000                CLK_TIMERIMR
00000010                CLK_TIMERIMRMASK
00000000                CLK_TIMERNUM
00000001                CLK_USETIMER
ffffffff                DARAM
00000000                DEV$
00000000                DGN$
00000000                DHL$
00000000                DHL_gChannelsAvailable
00000000                DIO$
00000000                DIO_NUMSWIBASE
00000000                DIO_NUMTSKBASE
00000000                DIO_STATIC
00000000                DPI$
0002bece                FXN_F_nop
0002bed0                FXN_F_run
0002bef1                FXN_F_selfLoop
0002beed                FXN_F_zero
00000001                GBL$
00005205                GBL_A_VERSION
0002bff4                GBL_BIOS_BOOTFXN
00f80000                GBL_CACHEICRTAG1
00f81000                GBL_CACHEICRTAG2
00000002                GBL_CACHETYPE
00000000                GBL_CALLCSLCFGINIT
00000020                GBL_CLKIN
00000001                GBL_CLKMD
00001581                GBL_CLKTYPE
00000001                GBL_DCRPOSTEDWRITE
00001581                GBL_DSPSUBTYPE
00000037                GBL_DSPTYPE
00000000                GBL_ENABLEICACHE
00000001                GBL_ENABLEINST
00000042                GBL_FOOTPRINT
0001d4c0                GBL_FREQ
00000001                GBL_LARGEMODEL
00000000                GBL_MODIFYCLKMD
00000000                GBL_NULL
00008000                GBL_PLLDIV0
00008003                GBL_PLLDIV1
0000000f                GBL_PLLM
00000000                GBL_PROCID
00000000                GBL_ROM
00000000                GBL_SUPPORTCSL
0000dbef                GBL_TRCMASKVALUE
00000000                GBL_USERINIT
0002bff4                GBL_USERINITFXN
00000001                GBL_boot
            00005602    GBL_initdone
            00000860    GBL_stackbeg
            0000185f    GBL_stackend
            00000060    GBL_sysstackbeg
            0000085f    GBL_sysstackend
00000000                GIO$
0002bff4                GIO_CREATEFXN
0002bff4                GIO_DELETEFXN
0002bff4                GIO_PENDFXN
0002bff4                GIO_POSTFXN
00000000                HOOK$
00000000                HOOK_KNLID
00000001                HST$
000055a4                HST_A_TABBEG
0000ab48                HST_A_TABBEGb
000055be                HST_A_TABEND
0000ab7c                HST_A_TABENDb
00000000                HST_BIOSLINK
00000000                HST_DSM
ffffffff                HST_DSMBUFSEG
00000400                HST_DSMMEMSIZE
            000050ce    HST_D_chanmask
            0000514e    HST_D_tabbegaddr
            00005150    HST_D_tabendaddr
000000ff                HST_MAXFRAMEALLOWED
00000040                HST_MAXFRAMESET
00000000                HST_NONE
00000001                HST_RTDX
00000001                HWI$
0004df00                HWI_A_VECS
00000018                HWI_BERR
00000019                HWI_DLOG
            00005142    HWI_D_inhwi
            00005136    HWI_D_spsave
            00005138    HWI_D_sspsave
            0000513a    HWI_D_stkbotaddr
            0000513e    HWI_D_stktopaddr
            0000513c    HWI_D_systkbotaddr
            00005140    HWI_D_systktopaddr
0002a0ab                HWI_F_dispatch
0000000a                HWI_INT10
0000000b                HWI_INT11
0000000c                HWI_INT12
0000000d                HWI_INT13
0000000e                HWI_INT14
0000000f                HWI_INT15
00000010                HWI_INT16
00000011                HWI_INT17
00000012                HWI_INT18
00000013                HWI_INT19
00000002                HWI_INT2
00000014                HWI_INT20
00000015                HWI_INT21
00000016                HWI_INT22
00000017                HWI_INT23
00000003                HWI_INT3
00000004                HWI_INT4
00000005                HWI_INT5
00000006                HWI_INT6
00000007                HWI_INT7
00000008                HWI_INT8
00000009                HWI_INT9
00000001                HWI_NMI
00000000                HWI_RESET
0000001a                HWI_RTOS
0000001b                HWI_SINT27
0000001c                HWI_SINT28
0000001d                HWI_SINT29
0000001e                HWI_SINT30
0000001f                HWI_SINT31
00000004                HWI_TINT
00000000                HWI_ZEROTAB
0001cd1f                I$$LMPY
00000001                IDL$
000055e6                IDL_A_CALBEG
0000abcc                IDL_A_CALBEGb
000055de                IDL_A_TABBEG
0000abbc                IDL_A_TABBEGb
00000000                IDL_CALIBRERROR
0002bef3                IDL_CALIBRFXN
            0000517a    IDL_D_busyObj
            000050d0    IDL_D_calbeg
            000050d2    IDL_D_calibrate
            000050d4    IDL_D_tabbeg
            000055e4    IDL_END
            000055ec    IDL_END$
0002bc24                IDL_F_busy
0002bfd0                IDL_F_loop
00000001                IDL_USECLKIDLTIME
            000051f6    IDL_busyObj
            00017eaa    IDL_busyObj$avgfmt
00000001                IDL_busyObj$filter
00000001                IDL_busyObj$iA
00000000                IDL_busyObj$iB
00000001                IDL_busyObj$iC
            00017ea4    IDL_busyObj$maxfmt
00000000                IDL_busyObj$operation
            000051f4    IDL_busyObj$stsobj
            00017ea7    IDL_busyObj$sumfmt
00000002                IDL_busyObj$unittype
            000055de    IDL_cpuLoad
            000055e6    IDL_cpuLoad$
00000001                ISRC$
0002af28                KNL_glue
            000052d4    KNL_swi
00000001                KNL_swi$dorta
00000002                KNL_swi$ord
00000000                KNL_swi$pri
            00005196    KNL_swi$sts
            00017d7c    KNL_swi$sts$avgfmt
00000002                KNL_swi$sts$filter
00000001                KNL_swi$sts$filtmaxmult
00000001                KNL_swi$sts$filtsummult
            00017d6c    KNL_swi$sts$maxfmt
            00005194    KNL_swi$sts$stsobj
            00017d74    KNL_swi$sts$sumfmt
00000000                KNL_swi$sts$unittype
00000000                KNL_swi$swi
0002af67                KNL_tick_stub
00000001                LCK$
            00005174    LNKCTRL
            00005175    LNK_D_dataReadyMask
            00005174    LNK_D_fromHostMask
            00005177    LNK_D_readDone
            00005178    LNK_D_readFail
            00005176    LNK_D_readPend
            00005179    LNK_D_writeFail
00029d0a                LNK_F_checkChanEnabled
00029d63                LNK_F_dataPump
00029d31                LNK_F_getChanPtr
00029d18                LNK_F_getNextChan
00029d08                LNK_F_init
0002a086                LNK_F_readCallBack
            000055e0    LNK_dataPump
            000055e8    LNK_dataPump$
00029ece                LNK_newin
00029fb2                LNK_newout
00029d63                LNK_rcloop
00029db7                LNK_rdrtry
00029dc1                LNK_rrloop
00029e41                LNK_wrloop
00029e37                LNK_wrrtry
00000001                LOG$
00002fea                LOG_A_TABBEG
00005fd4                LOG_A_TABBEGb
00002ffe                LOG_A_TABEND
00005ffc                LOG_A_TABENDb
00000002                LOG_A_TABLEN
            000050d6    LOG_D_system
00000001                LOG_ENABLED
0002baac                LOG_F_event
            00002fea    LOG_system
            00003000    LOG_system$buf
00000000                LOG_system$datatype
00000000                LOG_system$log
00001000                LOG_system$size
00000001                MBX$
            00005292    MBX_codecConfig
            0000529a    MBX_codecConfig$data
            000052aa    MBX_codecConfig$free
            00005584    MBX_codecConfig$queElems
            0000525e    MBX_msc
            00005266    MBX_msc$data
            00005276    MBX_msc$free
            0000539c    MBX_msc$queElems
            0000522a    MBX_musb
            00005232    MBX_musb$data
            00005242    MBX_musb$free
            000053fc    MBX_musb$queElems
00000001                MEM$
00000000                MEM_MALLOCSEG
00000000                MEM_NULL
00000000                MEM_SEGZERO
00000000                MEM_gNumHeap
00000000                MSGQ$
00000000                MSGQ_USEMSGQ
00000000                OBJ$
00000000                PIP$
00005338                PIP_A_TABBEG
0000a670                PIP_A_TABBEGb
0000539c                PIP_A_TABEND
0000a738                PIP_A_TABENDb
00000002                PIP_A_TABLEN
            000050d8    PIP_D_tabbeg
            000050da    PIP_D_tablen
0002ae17                PIP_F_give
0002ae15                PIP_F_probe
0002ae89                PIP_F_start
0002adc1                PIP_F_take
00000064                PIP_OBJSIZE
00000000                PIP_gNextId
00000002                PIP_gNumEmbed
00000000                POOL$
00000000                POOL_USEPOOL
00000001                PRD$
000055be                PRD_A_TABBEG
0000ab7c                PRD_A_TABBEGb
000055d6                PRD_A_TABEND
0000abac                PRD_A_TABENDb
00000002                PRD_A_TABLEN
            000050dc    PRD_D_cur
            000050de    PRD_D_elapsed
            000050df    PRD_D_prevtim
            000050e0    PRD_D_scalar
            000050e2    PRD_D_swihandle
            000050e4    PRD_D_tabbeg
            000050e6    PRD_D_tablen
            000050e8    PRD_D_thook
            000050ea    PRD_D_tickh
            000050eb    PRD_D_tickl
0002a597                PRD_F_swi
0002a6bc                PRD_F_tick
00000002                PRD_SCALAR
            000052c0    PRD_SWIHANDLE
0002af67                PRD_THOOKFXN
            000055fc    PRD_clock
            000052c0    PRD_swi
00000001                PRD_swi$dorta
00000001                PRD_swi$ord
00000001                PRD_swi$pri
            0000518e    PRD_swi$sts
            00017d62    PRD_swi$sts$avgfmt
00000002                PRD_swi$sts$filter
00000001                PRD_swi$sts$filtmaxmult
00000001                PRD_swi$sts$filtsummult
            00017d52    PRD_swi$sts$maxfmt
            0000518c    PRD_swi$sts$stsobj
            00017d5a    PRD_swi$sts$sumfmt
00000000                PRD_swi$sts$unittype
00000000                PRD_swi$swi
00000001                PWRM$
00000000                PWRM_PWRM_ADAPTCLK
0002bff4                PWRM_PWRM_BOOTHOOKFXN
00000023                PWRM_PWRM_CAPSMASK
0000003f                PWRM_PWRM_DS_IDLEMASK
00000000                PWRM_PWRM_ENABLE
00000005                PWRM_PWRM_IDLEMASK
00000000                PWRM_PWRM_IER0
00000000                PWRM_PWRM_IER1
00000640                PWRM_PWRM_INITMILVOLTS
0000000f                PWRM_PWRM_INITSP
00000000                PWRM_PWRM_SCALING
00000001                QUE$
            0000515e    RTA_D_fromHost
            00005162    RTA_D_logval
            0000516c    RTA_D_stsval
            00005160    RTA_D_toHost
0002bd40                RTA_F_andn
0002abed                RTA_F_dispatch
0002ab64                RTA_F_getlog
0002ab90                RTA_F_getsts
0002bd56                RTA_F_or
0002abbf                RTA_F_readblk
0002abd2                RTA_F_resetmem
0002abce                RTA_F_writeword
            000055e2    RTA_dispatcher
            000055ea    RTA_dispatcher$
            000055a6    RTA_fromHost
            000055d6    RTA_fromHost$buf
00000008                RTA_fromHost$framesize
00000000                RTA_fromHost$hst
00000001                RTA_fromHost$id
00000000                RTA_fromHost$mode
            00005338    RTA_fromHost$pipe
            00014c30    RTA_fromHost$pipe$dtab
            0000533a    RTA_fromHost$pipe$rd
            0000533c    RTA_fromHost$pipe$rdaddr
            00005340    RTA_fromHost$pipe$rdcurdesc
            0000533e    RTA_fromHost$pipe$rdsize
            00005350    RTA_fromHost$pipe$rdstshdl
            00005352    RTA_fromHost$pipe$wr
            00005354    RTA_fromHost$pipe$wraddr
            00005358    RTA_fromHost$pipe$wrcurdesc
            00005356    RTA_fromHost$pipe$wrsize
            00005368    RTA_fromHost$pipe$wrstshdl
            000055aa    RTA_fromHost$rtdx
            000055b2    RTA_toHost
            00005544    RTA_toHost$buf
00000040                RTA_toHost$framesize
00000000                RTA_toHost$hst
00000000                RTA_toHost$id
00000001                RTA_toHost$mode
            0000536a    RTA_toHost$pipe
            00014c36    RTA_toHost$pipe$dtab
            0000536c    RTA_toHost$pipe$rd
            0000536e    RTA_toHost$pipe$rdaddr
            00005372    RTA_toHost$pipe$rdcurdesc
            00005370    RTA_toHost$pipe$rdsize
            00005382    RTA_toHost$pipe$rdstshdl
            00005384    RTA_toHost$pipe$wr
            00005386    RTA_toHost$pipe$wraddr
            0000538a    RTA_toHost$pipe$wrcurdesc
            00005388    RTA_toHost$pipe$wrsize
            0000539a    RTA_toHost$pipe$wrstshdl
            000055b6    RTA_toHost$rtdx
00000001                RTDX$
00000102                RTDX_BUFMEMSIZE
ffffffff                RTDX_DATAMEMSEG
            00005156    RTDX_D_BufRead
            00005158    RTDX_D_BufWrite
00000000                RTDX_MODE
00000001                RTDX_USERTDX
00000000                RTDX_USERTEXECUTION
ffffffff                SARAM
ffffffff                SARAM31
00000001                SEM$
            00004a1c    SEM_AbortTransferDone
            00004c42    SEM_BufferInReady
            00004a74    SEM_ClearEndpointStalltDone
            00004a32    SEM_ConnectDeviceDone
            00004aa0    SEM_DisconnectDeviceDone
            00004ab6    SEM_I2cDevBusy
            00004a5e    SEM_MUSBDMARxComplete
            00004a8a    SEM_MUSBMSCTaskExited
            00004a06    SEM_MUSBMainTaskExited
            00004ae2    SEM_PingPongRxLeftComplete
            00004b66    SEM_PingPongRxLeftComplete2
            00004b92    SEM_PingPongRxLeftComplete3
            00004bea    SEM_PingPongRxLeftComplete4
            00004af8    SEM_PingPongRxRightComplete
            00004b7c    SEM_PingPongRxRightComplete2
            00004ba8    SEM_PingPongRxRightComplete3
            00004c00    SEM_PingPongRxRightComplete4
            00004b0e    SEM_PingPongTxLeftComplete
            00004b3a    SEM_PingPongTxLeftComplete2
            00004bbe    SEM_PingPongTxLeftComplete3
            00004c16    SEM_PingPongTxLeftComplete4
            00004b24    SEM_PingPongTxRightComplete
            00004b50    SEM_PingPongTxRightComplete2
            00004bd4    SEM_PingPongTxRightComplete3
            00004c2c    SEM_PingPongTxRightComplete4
            00004acc    SEM_RTCAlarmOff
            00004a48    SEM_ResetDeviceDone
00000000                SIO$
00000001                STS$
0000517c                STS_A_TABBEG
0000a2f8                STS_A_TABBEGb
00005224                STS_A_TABEND
0000a448                STS_A_TABENDb
0002bbb6                STS_F_add
0002bb94                STS_F_delta
0002bbce                STS_F_reset
00000001                SWI$
000052c0                SWI_A_TABBEG
0000a580                SWI_A_TABBEGb
00005338                SWI_A_TABEND
0000a670                SWI_A_TABENDb
00000006                SWI_A_TABLEN
            000050f4    SWI_D_curfxn
            000050f0    SWI_D_curmask
            000050f3    SWI_D_curmbox
            000050f1    SWI_D_curset
            000050ee    SWI_D_execaddr
            00005134    SWI_D_inswi
            000050f2    SWI_D_lock
            000050f6    SWI_D_rdybeg
            000050f8    SWI_D_rdytab
            000050ec    SWI_D_runaddr
00000000                SWI_EHOOKFXN
00029a7a                SWI_EXECFXN
00029934                SWI_F_enable
00029a7a                SWI_F_exec
000299f2                SWI_F_exec_sync
00029967                SWI_F_post
00029b66                SWI_F_run
00000000                SWI_IHOOKFXN
            000052e8    SWI_Process_USB_Input
00000001                SWI_Process_USB_Input$dorta
00000003                SWI_Process_USB_Input$ord
00000005                SWI_Process_USB_Input$pri
            0000519e    SWI_Process_USB_Input$sts
            00017d96    SWI_Process_USB_Input$sts$avgfmt
00000002                SWI_Process_USB_Input$sts$filter
00000001                SWI_Process_USB_Input$sts$filtmaxmult
00000001                SWI_Process_USB_Input$sts$filtsummult
            00017d86    SWI_Process_USB_Input$sts$maxfmt
            0000519c    SWI_Process_USB_Input$sts$stsobj
            00017d8e    SWI_Process_USB_Input$sts$sumfmt
00000000                SWI_Process_USB_Input$sts$unittype
00000000                SWI_Process_USB_Input$swi
00029b66                SWI_RUNFXN
            00005324    SWI_Send_USB_Output
00000001                SWI_Send_USB_Output$dorta
00000006                SWI_Send_USB_Output$ord
00000005                SWI_Send_USB_Output$pri
            000051b6    SWI_Send_USB_Output$sts
            00017de4    SWI_Send_USB_Output$sts$avgfmt
00000002                SWI_Send_USB_Output$sts$filter
00000001                SWI_Send_USB_Output$sts$filtmaxmult
00000001                SWI_Send_USB_Output$sts$filtsummult
            00017dd4    SWI_Send_USB_Output$sts$maxfmt
            000051b4    SWI_Send_USB_Output$sts$stsobj
            00017ddc    SWI_Send_USB_Output$sts$sumfmt
00000000                SWI_Send_USB_Output$sts$unittype
00000000                SWI_Send_USB_Output$swi
            000052fc    SWI_Store_USB_Input
00000001                SWI_Store_USB_Input$dorta
00000004                SWI_Store_USB_Input$ord
00000005                SWI_Store_USB_Input$pri
            000051a6    SWI_Store_USB_Input$sts
            00017db0    SWI_Store_USB_Input$sts$avgfmt
00000002                SWI_Store_USB_Input$sts$filter
00000001                SWI_Store_USB_Input$sts$filtmaxmult
00000001                SWI_Store_USB_Input$sts$filtsummult
            00017da0    SWI_Store_USB_Input$sts$maxfmt
            000051a4    SWI_Store_USB_Input$sts$stsobj
            00017da8    SWI_Store_USB_Input$sts$sumfmt
00000000                SWI_Store_USB_Input$sts$unittype
00000000                SWI_Store_USB_Input$swi
            00005310    SWI_UserInterface
00000001                SWI_UserInterface$dorta
00000005                SWI_UserInterface$ord
00000004                SWI_UserInterface$pri
            000051ae    SWI_UserInterface$sts
            00017dca    SWI_UserInterface$sts$avgfmt
00000002                SWI_UserInterface$sts$filter
00000001                SWI_UserInterface$sts$filtmaxmult
00000001                SWI_UserInterface$sts$filtsummult
            00017dba    SWI_UserInterface$sts$maxfmt
            000051ac    SWI_UserInterface$sts$stsobj
            00017dc2    SWI_UserInterface$sts$sumfmt
00000000                SWI_UserInterface$sts$unittype
00000000                SWI_UserInterface$swi
00000001                SYS$
            000055ee    SYS$config
0002bf18                SYS_ABORTFXN
0002bf3c                SYS_ERRORFXN
0002bfdc                SYS_EXITFXN
0002bdfc                SYS_PUTCFXN
00004000                TRC_GBLTARG
            00005601    TRC_R_mask
            00005600    TRC_cinit
00000001                TSK$
            00004f34    TSK_CodecConfig
00000006                TSK_CodecConfig$ord
00000006                TSK_CodecConfig$pri
            00015ffe    TSK_CodecConfig$stack
            000163e0    TSK_CodecConfig$stkptr
            000051e6    TSK_CodecConfig$sts
            00017e80    TSK_CodecConfig$sts$avgfmt
00000002                TSK_CodecConfig$sts$filter
00000001                TSK_CodecConfig$sts$filtmaxmult
00000001                TSK_CodecConfig$sts$filtsummult
            00017e70    TSK_CodecConfig$sts$maxfmt
            000051e4    TSK_CodecConfig$sts$stsobj
            00017e78    TSK_CodecConfig$sts$sumfmt
00000000                TSK_CodecConfig$sts$unittype
            000163fe    TSK_CodecConfig$sysstack
            000164e0    TSK_CodecConfig$sysstkptr
00000000                TSK_CodecConfig$tsk
            00004f4c    TSK_CodecConfig$tskobj
            00005152    TSK_D_idlstkaddr
            00005154    TSK_D_idlsystkaddr
            00004edc    TSK_MUSBMSCTask
00000004                TSK_MUSBMSCTask$ord
00000008                TSK_MUSBMSCTask$pri
            000164fe    TSK_MUSBMSCTask$stack
            000168e0    TSK_MUSBMSCTask$stkptr
            000051d6    TSK_MUSBMSCTask$sts
            00017e4c    TSK_MUSBMSCTask$sts$avgfmt
00000002                TSK_MUSBMSCTask$sts$filter
00000001                TSK_MUSBMSCTask$sts$filtmaxmult
00000001                TSK_MUSBMSCTask$sts$filtsummult
            00017e3c    TSK_MUSBMSCTask$sts$maxfmt
            000051d4    TSK_MUSBMSCTask$sts$stsobj
            00017e44    TSK_MUSBMSCTask$sts$sumfmt
00000000                TSK_MUSBMSCTask$sts$unittype
            000168fe    TSK_MUSBMSCTask$sysstack
            000169e0    TSK_MUSBMSCTask$sysstkptr
00000000                TSK_MUSBMSCTask$tsk
            00004ef4    TSK_MUSBMSCTask$tskobj
            00004f08    TSK_MUSBMainTask
00000005                TSK_MUSBMainTask$ord
00000009                TSK_MUSBMainTask$pri
            000169fe    TSK_MUSBMainTask$stack
            00016de0    TSK_MUSBMainTask$stkptr
            000051de    TSK_MUSBMainTask$sts
            00017e66    TSK_MUSBMainTask$sts$avgfmt
00000002                TSK_MUSBMainTask$sts$filter
00000001                TSK_MUSBMainTask$sts$filtmaxmult
00000001                TSK_MUSBMainTask$sts$filtsummult
            00017e56    TSK_MUSBMainTask$sts$maxfmt
            000051dc    TSK_MUSBMainTask$sts$stsobj
            00017e5e    TSK_MUSBMainTask$sts$sumfmt
00000000                TSK_MUSBMainTask$sts$unittype
            00016dfe    TSK_MUSBMainTask$sysstack
            00016ee0    TSK_MUSBMainTask$sysstkptr
00000000                TSK_MUSBMainTask$tsk
            00004f20    TSK_MUSBMainTask$tskobj
00000000                TSK_NUM_HOOKS
00000001                TSK_PRIORITY
            00004e58    TSK_PbAudioAlg
00000001                TSK_PbAudioAlg$ord
00000007                TSK_PbAudioAlg$pri
            00004000    TSK_PbAudioAlg$stack
            000043e2    TSK_PbAudioAlg$stkptr
            000051be    TSK_PbAudioAlg$sts
            00017dfe    TSK_PbAudioAlg$sts$avgfmt
00000002                TSK_PbAudioAlg$sts$filter
00000001                TSK_PbAudioAlg$sts$filtmaxmult
00000001                TSK_PbAudioAlg$sts$filtsummult
            00017dee    TSK_PbAudioAlg$sts$maxfmt
            000051bc    TSK_PbAudioAlg$sts$stsobj
            00017df6    TSK_PbAudioAlg$sts$sumfmt
00000000                TSK_PbAudioAlg$sts$unittype
            00004400    TSK_PbAudioAlg$sysstack
            000044e2    TSK_PbAudioAlg$sysstkptr
00000000                TSK_PbAudioAlg$tsk
            00004e70    TSK_PbAudioAlg$tskobj
00000000                TSK_READYFXN
            00004f60    TSK_RecAudioAlg
00000007                TSK_RecAudioAlg$ord
00000007                TSK_RecAudioAlg$pri
            00004500    TSK_RecAudioAlg$stack
            000048e2    TSK_RecAudioAlg$stkptr
            000051ee    TSK_RecAudioAlg$sts
            00017e9a    TSK_RecAudioAlg$sts$avgfmt
00000002                TSK_RecAudioAlg$sts$filter
00000001                TSK_RecAudioAlg$sts$filtmaxmult
00000001                TSK_RecAudioAlg$sts$filtsummult
            00017e8a    TSK_RecAudioAlg$sts$maxfmt
            000051ec    TSK_RecAudioAlg$sts$stsobj
            00017e92    TSK_RecAudioAlg$sts$sumfmt
00000000                TSK_RecAudioAlg$sts$unittype
            00004900    TSK_RecAudioAlg$sysstack
            000049e2    TSK_RecAudioAlg$sysstkptr
00000000                TSK_RecAudioAlg$tsk
            00004f78    TSK_RecAudioAlg$tskobj
00000000                TSK_STACKSEG
00000400                TSK_STACKSIZE
00000000                TSK_SWITCHFXN
00000100                TSK_SYSTACKSIZE
0002bff4                TSK_VCREATEFXN
0002bff4                TSK_VDELETEFXN
0002bff4                TSK_VEXITFXN
            00004e84    TSK_idle
00000002                TSK_idle$ord
00000000                TSK_idle$pri
            00016efe    TSK_idle$stack
            000172e0    TSK_idle$stkptr
            000051c6    TSK_idle$sts
            00017e18    TSK_idle$sts$avgfmt
00000002                TSK_idle$sts$filter
00000001                TSK_idle$sts$filtmaxmult
00000001                TSK_idle$sts$filtsummult
            00017e08    TSK_idle$sts$maxfmt
            000051c4    TSK_idle$sts$stsobj
            00017e10    TSK_idle$sts$sumfmt
00000000                TSK_idle$sts$unittype
            000172fe    TSK_idle$sysstack
            000173e0    TSK_idle$sysstkptr
00000000                TSK_idle$tsk
            00004e9c    TSK_idle$tskobj
00000000                UDEV$
ffffffff                VECT
            00012f10    _ACAppBuffer
            00012ecc    _AC_AppHandle
00014826                _AC_Close
00014613                _AC_Ctrl
0001460d                _AC_GetactivityFlagStatus
00014607                _AC_GetsuspendFlagStatus
000145aa                _AC_Hid
000144b3                _AC_Iso
00014129                _AC_Open
00013ecf                _AC_initDescriptors
00013bc2                _AC_reqGetCurrent
00013ab0                _AC_reqGetDescriptor
00013a91                _AC_reqGetMaximum
00013a72                _AC_reqGetMinimum
00013a53                _AC_reqGetResolution
00013a07                _AC_reqHidGetIdle
00013991                _AC_reqHidGetReport
0001394a                _AC_reqHidSetIdle
0001365f                _AC_reqSetCurrent
000135e8                _AC_reqSetInterface
0001595a                _AIC3254_Read
0001484c                _AIC3254_Write
0001497e                _AIC3254_init
000148d2                _Adjust_Volume
000184ec                _AppGetMediaSize
000184e8                _AppGetMediaStatus
000184e4                _AppLockMedia
000184e0                _AppMediaEject
000184dc                _AppMediaInit
0002fdcc                _BIOS_init
0002fe5a                _BIOS_start
00017456                _C5515_reset
0002b523                _C55_clearIFR0
0002b538                _C55_clearIFR1
0002b4ab                _C55_disableIMR0
0002b4ce                _C55_disableIMR1
0002b4f1                _C55_enableIMR0
0002b50a                _C55_enableIMR1
0000ea60                _CLK_COUNTSPMS
            00014c7e    _CLK_DFLTMICROSECS
            000050c2    _CLK_D_countspms
            000050bc    _CLK_D_dirty
            00014c80    _CLK_D_microseconds
            000050be    _CLK_D_prd
            000050c0    _CLK_D_tddr
0000ea5f                _CLK_PRD
00001810                _CLK_REGS
00000020                _CLK_TCR
00000000                _CLK_TDDR
00000000                _CLK_TIMERNUM
00000001                _CLK_USETIMER
0002bf81                _CLK_dispRun
0002b670                _CLK_dispatch
0002b734                _CLK_getfhtime
0002b740                _CLK_getshtime
            000050b4    _CLK_htimeDiv
            000050b6    _CLK_htimeMult
            00013d5e    _CLK_htimePerLtime
0002b6b8                _CLK_isr
            000050c6    _CLK_isrhook
0002be68                _CLK_itime
            000050b8    _CLK_ltimeDiv
            000050ba    _CLK_ltimeMult
0002b80c                _CLK_measure
0002bf76                _CLK_run
0002b550                _CLK_start
0002b5d8                _CLK_stop
            000050cc    _CLK_time
            00014c4e    _CLK_timer0arg
            00014c48    _CLK_timer0func
            00014c50    _CLK_timer1arg
            00014c4a    _CLK_timer1func
            00014c52    _CLK_timer2arg
            00014c4c    _CLK_timer2func
00001810                _CLK_timer5505
00001c14                _CLK_timerIAFR
00000000                _CLK_timerNum
0002bff8                _CLK_wdogdisable
0001760f                _CSL_acTest
00011af0                _CSL_selfWakeupCallBack
00011ae0                _CSL_suspendCallBack
000175d9                _ClockGating
0001bde6                _CodecConfigTask
00011a27                _CompleteTransfer
ffffffff                _DARAM
0001bf72                _DDA_I2SHWInit
            00014c04    _DDA_I2SInfo
000161bc                _DDC_DMAAdjustAddrOffset
000166c7                _DDC_DMAChangeDestAddr
000166b3                _DDC_DMAChangeSrcAddr
00016625                _DDC_DMACheckTxComplete
00016499                _DDC_DMAConfigChan
0001617a                _DDC_DMADrvInit
0001615c                _DDC_DMAReleaseChan
00015cce                _DDC_DMARequestChan
00015c37                _DDC_DMAStartTransfer
00015ba0                _DDC_DMAStopTransfer
0001998f                _DDC_I2SClose
0001997d                _DDC_I2SDMADeinit
00019914                _DDC_I2SDMAInit
00019851                _DDC_I2SDMARead
0001975a                _DDC_I2SDMAWrite
0001961e                _DDC_I2SHwSetup
00019596                _DDC_I2SOpen
            00014afc    _DDC_I2S_Instance
0001a32b                _DDC_I2S_transEnable
0001a2cc                _DDC_I2S_write
0001c434                _DMA_AdjustAddrOffset
0001c422                _DMA_ChangeDestAddr
00015ae4                _DMA_ChangeI2SDestAddr
00015a28                _DMA_ChangeI2SSrcAddr
0001c410                _DMA_ChangeSrcAddr
0001c3fc                _DMA_ConfigChan
0001c3f2                _DMA_DrvInit
0001c3b6                _DMA_HwInit
00015989                _DMA_Isr
0001c3a4                _DMA_ReleaseChan
0001c38b                _DMA_RequestChan
0001c379                _DMA_StartTransfer
0001c367                _DMA_StopTransfer
000175a6                _DemoSwitch
            00013e71    _DemoSwitchFlag
00010999                _DeviceNotification
0001c74e                _EZDSP5535_GPIO_getInput
0001c6e5                _EZDSP5535_GPIO_init
0001c710                _EZDSP5535_GPIO_setDirection
0001c734                _EZDSP5535_GPIO_setOutput
0001c657                _EZDSP5535_I2C_init
0001c6bd                _EZDSP5535_I2C_read
0001c68c                _EZDSP5535_I2C_reset
0001c697                _EZDSP5535_I2C_write
0001b8ce                _EZDSP5535_LED_getall
0001b898                _EZDSP5535_LED_init
0001b9c3                _EZDSP5535_LED_off
0001b98e                _EZDSP5535_LED_on
0001b920                _EZDSP5535_LED_setall
0001b9f6                _EZDSP5535_LED_toggle
0001c014                _EZDSP5535_OSD9616_init
0001bfc9                _EZDSP5535_OSD9616_multiSend
0001c0f6                _EZDSP5535_OSD9616_printLetter
0001bfa1                _EZDSP5535_OSD9616_send
0001ba51                _EZDSP5535_XF_get
0001ba46                _EZDSP5535_XF_off
0001ba3b                _EZDSP5535_XF_on
0001ba60                _EZDSP5535_XF_toggle
0001cbf5                _EZDSP5535_init
0001cbaf                _EZDSP5535_wait
0001cbe3                _EZDSP5535_waitusec
0002bff4                _FXN_F_nop
            000050b0    _GBL_clkIn
            000050b2    _GBL_freq
0002bfeb                _GBL_getVersion
            000050ae    _GBL_procId
00019e54                _GPIO_clearInt
00019e38                _GPIO_close
00019dc6                _GPIO_config
00019cff                _GPIO_configBit
00019c9f                _GPIO_disableInt
00019c3c                _GPIO_enableInt
00019bca                _GPIO_getConfig
00019ba1                _GPIO_open
00019b32                _GPIO_read
00019ab1                _GPIO_reset
00019a4c                _GPIO_statusBit
000199cb                _GPIO_write
0001b64f                _GPT_close
0001b5d7                _GPT_config
0001b5ad                _GPT_getCnt
0001b525                _GPT_open
0001b4c3                _GPT_reset
0001b4a6                _GPT_start
0001b489                _GPT_stop
            00014c86    _GpioObj
0001c59a                _GpioWrite02
0001c57e                _GpioWrite04
000055a4                _HST_A_TABBEG
000055be                _HST_A_TABEND
            00017d10    _HST_HOST_CHANNEL_DRIVER
00000018                _HWI_BERR
00000019                _HWI_DLOG
            00005142    _HWI_D_inhwi
            00005136    _HWI_D_spsave
            00005138    _HWI_D_sspsave
0002a32a                _HWI_F_DispIsr0
0002a0ab                _HWI_F_dispatch
0000000a                _HWI_INT10
0000000b                _HWI_INT11
0000000c                _HWI_INT12
0000000d                _HWI_INT13
0000000e                _HWI_INT14
0000000f                _HWI_INT15
00000010                _HWI_INT16
00000011                _HWI_INT17
00000012                _HWI_INT18
00000013                _HWI_INT19
00000002                _HWI_INT2
00000014                _HWI_INT20
00000015                _HWI_INT21
00000016                _HWI_INT22
00000017                _HWI_INT23
00000003                _HWI_INT3
00000004                _HWI_INT4
00000005                _HWI_INT5
00000006                _HWI_INT6
00000007                _HWI_INT7
00000008                _HWI_INT8
00000009                _HWI_INT9
00000001                _HWI_NMI
00000000                _HWI_RESET
0000001a                _HWI_RTOS
0000001b                _HWI_SINT27
0000001c                _HWI_SINT28
0000001d                _HWI_SINT29
0000001e                _HWI_SINT30
0000001f                _HWI_SINT31
            00001860    _HWI_STKBOTTOM
            00000860    _HWI_STKTOP
            00000860    _HWI_SYSSTKBOTTOM
            00000060    _HWI_SYSSTKTOP
00000004                _HWI_TINT
            00005136    _HWI_data
0002bf5c                _HWI_disable
            00018004    _HWI_dispatchTab
0002bf6c                _HWI_enable
0002bf70                _HWI_restore
00011138                _HandleUSBInterrupt
0001c31e                _I2C_Init
0001c2b5                _I2C_Read
0001c294                _I2C_Write
000193b6                _I2C_config
000192f9                _I2C_eventDisable
0001923c                _I2C_eventEnable
0001918d                _I2C_getConfig
00019179                _I2C_getEventId
0001911b                _I2C_init
00018ffd                _I2C_read
00018fa3                _I2C_setCallback
00018e27                _I2C_setup
00018d09                _I2C_write
0001bf60                _I2S_DMA_Deinit
0001bf39                _I2S_DMA_INIT
0001bf27                _I2S_DMA_ISR_INPUT
0001bf15                _I2S_DMA_ISR_OUTPUT
0001bef0                _I2S_DeInit
0001955d                _I2S_DmaRxLChCallBack
00019524                _I2S_DmaRxRChCallBack
000194e4                _I2S_DmaTxLChCallBack
000194ab                _I2S_DmaTxRChCallBack
0001be31                _I2S_INIT
0001be1f                _I2S_ReceiveData
0001be0d                _I2S_TransmitData
0002bc24                _IDL_busy
            000051f6    _IDL_busyObj
0002bc6b                _IDL_calibrate
            000055de    _IDL_cpuLoad
0002bc50                _IDL_init
0002bfd0                _IDL_loop
0002bef3                _IDL_stub
            00014a3a    _KNL_alarm
0002b5e0                _KNL_check
            00014a62    _KNL_curqueue
            00014a5a    _KNL_curtask
            00014a5e    _KNL_curtime
            00014a42    _KNL_dummy
0002b93c                _KNL_enter
0002b97c                _KNL_exit
0002b63b                _KNL_idle
            00014a6e    _KNL_idlefxn
            00014a3e    _KNL_inactive
0002b99c                _KNL_ipost
0002b658                _KNL_max
            00014a64    _KNL_maxqueue
0002be34                _KNL_post
            00014a5c    _KNL_prevtask
            00014a40    _KNL_priority
            000149e8    _KNL_queues
0002a720                _KNL_run
0002af87                _KNL_saveIsrFrame
            000149e7    _KNL_set
            00014a3c    _KNL_setpri
            000052d4    _KNL_swi
            00014a60    _KNL_swiptr
0002aeda                _KNL_switch
            00014a68    _KNL_tcreatefxn
            00014a6a    _KNL_tdeletefxn
0002ab54                _KNL_tick
            00014a6c    _KNL_treadyfxn
            00014a66    _KNL_tswitchfxn
            000149e6    _KNL_wFlag
            00014a38    _KNL_wList
0002ba74                _LCK_pend
0002ba54                _LCK_post
0001a73c                _LLC_I2SDisable
0001a6cd                _LLC_I2SDisableICMR
0001a6c6                _LLC_I2SDisableLoopBack
0001a6bf                _LLC_I2SEnable
0001a650                _LLC_I2SEnableICMR
0001a649                _LLC_I2SEnableLoopBack
0001a63d                _LLC_I2SResetIR
0001a61e                _LLC_I2SSetClkPol
0001a5b6                _LLC_I2SSetClkdiv
0001a597                _LLC_I2SSetDataDelay
0001a578                _LLC_I2SSetDataFormat
0001a559                _LLC_I2SSetDataPacking
0001a53a                _LLC_I2SSetFsPol
0001a4c4                _LLC_I2SSetFsdiv
0001a4a5                _LLC_I2SSetMono
0001a486                _LLC_I2SSetSignExt
0001a467                _LLC_I2SSetTransmitMode
0001a3f9                _LLC_I2SSetWordLength
0001a342                _LLC_ResetAll
0002a086                _LNK_F_readCallBack
            000055e0    _LNK_dataPump
00002fea                _LOG_A_TABBEG
00002ffe                _LOG_A_TABEND
00000002                _LOG_A_TABLEN
            000050d6    _LOG_D_system
[...]
            00013d5a    _msgIsoInCount
            00013d5c    _msgIsoInFbCount
            00013d5e    _CLK_htimePerLtime
            00013d60    _SEM_BufferInReady
            00013d70    _bufferIn
            00013e70    _bufferInIdx
            00013e71    _DemoSwitchFlag
            00013e72    _recAudioTaskCountSave
            00013e74    _bufferFFT
            00014074    _bufferScrach
            00014274    _display_buffer
            000142f4    _playAudioTaskCountSave
            000142f6    _sofIntCountRecSaved
            000142f8    _sofIntCountPlaySave
            000142fa    _recAudioTaskCountSec
            000142fc    _playAudioTaskCountSec
            000142fe    _sofIntCountRecSec
            00014300    _sofIntCountPlaySec
            00014302    _secCount
            00014304    _strDesc
            000145ac    _string_descriptor
            000145f0    _usbRegisters
            000145f1    _sysCtrlRegs
            000145f2    _gUsbContext
            000146bc    _gCtrlTransfer
            000146ca    _gBulkInTransfer
            000146d8    _gBulkOutTransfer
            000146e6    _gIsoInTransfer
            000146f4    _gIsoOutTransfer
            00014702    _gIntInTransfer
            00014710    _gEpStatus
            000147a0    _gUsbEpHandle
            000147b0    _startTransferNum
            000147b2    _dmaChanObj
            000148b2    _dmaEngObj
            000148ba    _dmaChanLookUp
            000148d4    _dmaEvtLookUp
            000148fe    _dmaIsrCount
            00014900    _dmaCallbackReqCount
            00014902    _dmaCallbackCount
            00014904    _dmaIsrCountArray
            00014924    ___atexit_func_id__
            000149e6    _KNL_wFlag
            000149e7    _KNL_set
            000149e8    _KNL_queues
            00014a38    _KNL_wList
            00014a3a    _KNL_alarm
            00014a3c    _KNL_setpri
            00014a3e    _KNL_inactive
            00014a40    _KNL_priority
            00014a42    _KNL_dummy
            00014a5a    _KNL_curtask
            00014a5c    _KNL_prevtask
            00014a5e    _KNL_curtime
            00014a60    _KNL_swiptr
            00014a62    _KNL_curqueue
            00014a64    _KNL_maxqueue
            00014a66    _KNL_tswitchfxn
            00014a68    _KNL_tcreatefxn
            00014a6a    _KNL_tdeletefxn
            00014a6c    _KNL_treadyfxn
            00014a6e    _KNL_idlefxn
            00014a73    _usb_rec_mode
            00014a74    _usb_rec_start
            00014a75    _usb_play_mode
            00014a76    _usb_play_start
            00014a77    _no_main_task
            00014a78    _hidIntInEpReady
            00014a79    _firstRecordFlag
            00014a7a    _sus
            00014a7c    _wake
            00014a7e    _firstFbckFlag
            00014a7f    _stopMsgMscCtlFlag
            00014a80    _feedback_rate
            00014a82    _isoInIntCount
            00014a84    _isoOutIntCount
            00014a86    _isoSofIntCount
            00014a88    _usbIntTotalCount
            00014a8a    _completeTransCount
            00014a8c    _deviceNotifyCount
            00014a8e    _isoTxCount
            00014a90    _isoRxCount
            00014a92    _swiStoreCount
            00014a94    _rxPbSampNum
            00014a95    _rxPacketSize
            00014a96    _swiSendCount
            00014a98    _underRunCount
            00014a9a    _fifoEmptyCount
            00014a9c    _sofIntCountPlay
            00014a9e    _sofIntCountRec
            00014aa0    _sofIntCountRecSave
            00014aa2    _usbIntCount
            00014aa4    _sof_int_count
            00014aa6    _uFrameCount
            00014aa8    _sofNoRxCount
            00014aaa    _sofNoTxCount
            00014aac    _dmaSampCntPerSec
            00014aae    _usbIsoInSampCntPerSec
            00014ab0    _isoFbckIntCount
            00014ab2    _mainTaskNum
            00014ab4    _inTransferNum
            00014ab6    _inTransferErrNum
            00014ab8    _ddcI2CObj
            00014ade    _ddcI2CDriver
            00014afc    _DDC_I2S_Instance
            00014b24    _gi2sTxLeftBuf
            00014b26    _gi2sTxRightBuf
            00014b28    _gi2sNextTxLeftBuf
            00014b2a    _gi2sNextTxRightBuf
            00014b2c    _gi2sNextRxLeftBuf
            00014b2e    _gi2sNextRxRightBuf
            00014b30    _gZeroBuf
            00014b32    _dma_error
            00014b34    _i2sDmaTxLChCallBackCount
            00014b36    _i2sDmaTxRChCallBackCount
            00014b38    _i2sDmaRxLChCallBackCount
            00014b3a    _i2sDmaRxRChCallBackCount
            00014b3c    _TSK_nTasks
            00014b3d    _TSK_pid
            00014b3e    _TSK_ATTRS
            00014b4c    _TSK_config
            00014b5a    _TSK
            00014b5c    _TSK_timerSem
            00014b6c    __TSK_mutex
            00014b80    __MEM_mutex
            00014b94    _OBJ_table
            00014bb0    _OBJ_segtab
            00014bb8    _SYS_exitStack
            00014bc8    _SYS_exitStackPtr
            00014bca    _SYS_exitStackTop
            00014bcc    _gAllowedPbnStates
            00014bd1    _gHidReportReady
            00014bd2    _gHidReport
            00014be0    _gUsbPbSampRateHz
            00014be2    _gDacSampRateHz
            00014be4    _dmaChanNum
            00014be5    _dmaFrameLenSamps
            00014be6    _dmaBaseAddr
            00014be8    _dmaStartAddrReg0
            00014be9    _dmaStartAddrReg1
            00014bea    _dmaCXferCnt
            00014beb    _numCDmaXfer
            00014bec    _dmaCurAddr
            00014bee    _firstSof
            00014bef    _dmaCurCnt
            00014bf0    _dmaPrevCnt
            00014bf1    _i2sRxSampCnt
            00014bf2    _gI2cObj
            00014c02    _i2cHandle
            00014c04    _DDA_I2SInfo
            00014c14    _gPbSampRateChange
            00014c15    _gRecSampRateChange
            00014c16    _mute_flag_change
            00014c17    _rec_mute_flag_change
            00014c18    _playback_volume_flag_change_Left
            00014c19    _playback_volume_flag_change_Right
            00014c1a    _playback_volume_flag_change_Left_Right
            00014c1b    _numRecSamps
            00014c1c    _numPbSamps
            00014c1d    _alt_setting_rec
            00014c1e    _alt_setting_play
            00014c20    _inPacketNum
            00014c22    _pllObj
            00014c28    _pllCfg1
            00014c2c    _hPll
            00014c2e    _pConfigInfo
            00014c30    RTA_fromHost$pipe$dtab
            00014c36    RTA_toHost$pipe$dtab
            00014c3c    _sdramIndex
            00014c3e    _recAudioTaskCount
            00014c40    _recAudioCopyCount
            00014c42    _playAudioTaskCount
            00014c44    _playAudioCopyCount
            00014c46    _playMemsetCount
            00014c48    _CLK_timer0func
            00014c4a    _CLK_timer1func
            00014c4c    _CLK_timer2func
            00014c4e    _CLK_timer0arg
            00014c50    _CLK_timer1arg
            00014c52    _CLK_timer2arg
            00014c54    _sdramBasePtr0
            00014c56    _sdramPtr0
            00014c58    _sdramBasePtr1
            00014c5a    _sdramPtr1
            00014c5c    _sdram_cntr
            00014c5e    _sdram_flag
            00014c60    _gSetRecSampRateFlag
            00014c61    _gSetRecSampNum
            00014c62    _gSetRecSampRateTemp
            00014c64    _gSetRecSampRate
            00014c66    _gSetRecSampRatePrev
            00014c68    _gSetRecSampNumDelta
            00014c7c    _rtdxNullChanCnt
            00014c7d    _rtdxNullFuncCnt
            00014c7e    _CLK_DFLTMICROSECS
            00014c80    _CLK_D_microseconds
            00014c82    _SEM_ATTRS
            00014c86    _GpioObj
            00014c88    _hGpio
            00014c8a    _gGpioObj
            00014c8c    _gpio02State
            00014c8d    _gpio04State
            00014c8e    __lock
            00014c90    __unlock
            00014c92    __cleanup_ptr
            00014c94    __dtors_ptr
            00014c96    _hi2c
            00014c98    _dtors
00029934                SWI_F_enable
00029934                _SWI_enable
            00014c9a    ___end__
            00014c9a    end
00029967                SWI_F_post
00029967                _SWI_post
000299f2                SWI_F_exec_sync
00029a7a                SWI_EXECFXN
00029a7a                SWI_F_exec
00029b66                SWI_F_run
00029b66                SWI_RUNFXN
00029c6c                logPost
00029cbe                stsPost
00029d08                LNK_F_init
00029d0a                LNK_F_checkChanEnabled
00029d18                LNK_F_getNextChan
00029d31                LNK_F_getChanPtr
00029d63                LNK_F_dataPump
00029d63                LNK_rcloop
00029db7                LNK_rdrtry
00029dc1                LNK_rrloop
00029e37                LNK_wrrtry
00029e41                LNK_wrloop
00029ece                LNK_newin
00029fb2                LNK_newout
0002a086                LNK_F_readCallBack
0002a086                _LNK_F_readCallBack
0002a0ab                HWI_F_dispatch
0002a0ab                _HWI_F_dispatch
0002a32a                _HWI_F_DispIsr0
0002a40c                _SEM_pendEnterKnl
0002a597                PRD_F_swi
0002a6bc                PRD_F_tick
0002a720                _KNL_run
0002a8a8                _MEM_free
0002ab54                _KNL_tick
0002ab64                RTA_F_getlog
0002ab64                _RTA_F_getlog
0002ab90                RTA_F_getsts
0002abbf                RTA_F_readblk
0002abce                RTA_F_writeword
0002abd2                RTA_F_resetmem
0002abed                RTA_F_dispatch
0002ac94                _MEM_alloc
0002adc1                PIP_F_take
0002ae15                PIP_F_probe
0002ae17                PIP_F_give
0002ae89                PIP_F_start
0002aeda                _KNL_switch
0002af28                KNL_glue
0002af67                KNL_tick_stub
0002af67                PRD_THOOKFXN
0002af87                _KNL_saveIsrFrame
0002afe8                _MBX_pend
0002b070                _MBX_post
0002b0f8                __SEM_dopost
0002b1fc                _TSK_exit
0002b2f4                _TSK_setup
0002b448                _TSK_startup
0002b4ab                _C55_disableIMR0
0002b4ce                _C55_disableIMR1
0002b4f1                _C55_enableIMR0
0002b50a                _C55_enableIMR1
0002b523                _C55_clearIFR0
0002b538                _C55_clearIFR1
0002b550                _CLK_start
0002b5d8                _CLK_stop
0002b5e0                _KNL_check
0002b63b                _KNL_idle
0002b658                _KNL_max
0002b670                _CLK_dispatch
0002b6b8                CLK_TIMER0FUNC
0002b6b8                _CLK_isr
0002b734                _CLK_getfhtime
0002b740                CLK_F_gethtime
0002b740                CLK_TIMEFXN
0002b740                _CLK_getshtime
0002b787                _SEM_post
0002b787                _SEM_postBinary
0002b80c                _CLK_measure
0002b874                _LOG_printf
0002b8d8                _OBJ_create
0002b93c                _KNL_enter
0002b97c                _KNL_exit
0002b99c                _KNL_ipost
0002b9f8                _SEM_create
0002ba54                _LCK_post
0002ba74                _LCK_pend
0002baac                LOG_F_event
0002baac                _LOG_event
0002bafd                _SEM_pend
0002bb4c                _SEM_postEnterKnl
0002bb94                STS_F_delta
0002bb94                _STS_delta
0002bbb6                STS_F_add
0002bbb6                _STS_add
0002bbce                STS_F_reset
0002bbce                _STS_reset
0002bbdc                _SYS_exit
0002bc24                IDL_F_busy
0002bc24                _IDL_busy
0002bc50                _IDL_init
0002bc6b                _IDL_calibrate
0002bcb4                _OBJ_delete
0002bcfc                _TSK_disable
0002bd28                _TSK_enable
0002bd40                RTA_F_andn
0002bd56                RTA_F_or
0002bd6d                iRTA_F_or
0002bd83                _QUE_get
0002bda2                _QUE_put
0002bdc5                _PRD_getticks
0002bdcd                _PRD_tick
0002bdd3                _PRD_start
0002bdf5                _PRD_stop
0002bdfc                SYS_PUTCFXN
0002bdfc                _UTL_doPutc
0002be34                _KNL_post
0002be68                CLK_F_itime
0002be68                _CLK_itime
0002be9c                _MEM_valloc
0002bece                CLK_TIMER2FUNC
0002bece                FXN_F_nop
0002bed0                FXN_F_run
0002beed                FXN_F_zero
0002bef1                FXN_F_selfLoop
0002bef3                IDL_CALIBRFXN
0002bef3                _IDL_stub
0002bf18                SYS_ABORTFXN
0002bf18                _UTL_doAbort
0002bf3c                SYS_ERRORFXN
0002bf3c                _UTL_doError
0002bf5c                _HWI_disable
0002bf6c                _HWI_enable
0002bf70                _HWI_restore
0002bf76                _CLK_run
0002bf81                CLK_F_dispRun
0002bf81                CLK_HOOKFXN
0002bf81                _CLK_dispRun
0002bf90                _SYS_abort
0002bfa8                _SYS_error
0002bfc0                _SEM_delete
0002bfd0                IDL_F_loop
0002bfd0                _IDL_loop
0002bfdc                SYS_EXITFXN
0002bfdc                _UTL_halt
0002bfe4                _STS_set
0002bfeb                _GBL_getVersion
0002bff4                GBL_BIOS_BOOTFXN
0002bff4                GBL_USERINITFXN
0002bff4                GIO_CREATEFXN
0002bff4                GIO_DELETEFXN
0002bff4                GIO_PENDFXN
0002bff4                GIO_POSTFXN
0002bff4                PWRM_PWRM_BOOTHOOKFXN
0002bff4                TSK_VCREATEFXN
0002bff4                TSK_VDELETEFXN
0002bff4                TSK_VEXITFXN
0002bff4                _FXN_F_nop
0002bff8                _CLK_wdogdisable
            00015ffe    TSK_CodecConfig$stack
            000163e0    TSK_CodecConfig$stkptr
            000163fe    TSK_CodecConfig$sysstack
            000164e0    TSK_CodecConfig$sysstkptr
            000164fe    TSK_MUSBMSCTask$stack
            000168e0    TSK_MUSBMSCTask$stkptr
            000168fe    TSK_MUSBMSCTask$sysstack
            000169e0    TSK_MUSBMSCTask$sysstkptr
            000169fe    TSK_MUSBMainTask$stack
            00016de0    TSK_MUSBMainTask$stkptr
            00016dfe    TSK_MUSBMainTask$sysstack
            00016ee0    TSK_MUSBMainTask$sysstkptr
            00016efe    TSK_idle$stack
            000172e0    TSK_idle$stkptr
            000172fe    TSK_idle$sysstack
            000173e0    TSK_idle$sysstkptr
            000173fe    mainTsk$stack
            000177e0    mainTsk$stkptr
            000177fe    mainTsk$sysstack
            000178e0    mainTsk$sysstkptr
            000179ac    _configDescriptor
            00017bcc    _acHidReportDescriptor
            00017c27    _volume_table
            00017ccc    _deviceDescriptorB
            00017ce0    _deviceQualifierDescr
            00017cfc    _pllCfg_120MHz
            00017d10    _HST_HOST_CHANNEL_DRIVER
            00017d18    poll$sts$maxfmt
            00017d21    poll$sts$sumfmt
            00017d2a    poll$sts$avgfmt
            00017d35    second$sts$maxfmt
            00017d3e    second$sts$sumfmt
            00017d47    second$sts$avgfmt
            00017d52    PRD_swi$sts$maxfmt
            00017d5a    PRD_swi$sts$sumfmt
            00017d62    PRD_swi$sts$avgfmt
            00017d6c    KNL_swi$sts$maxfmt
            00017d74    KNL_swi$sts$sumfmt
            00017d7c    KNL_swi$sts$avgfmt
            00017d86    SWI_Process_USB_Input$sts$maxfmt
            00017d8e    SWI_Process_USB_Input$sts$sumfmt
            00017d96    SWI_Process_USB_Input$sts$avgfmt
            00017da0    SWI_Store_USB_Input$sts$maxfmt
            00017da8    SWI_Store_USB_Input$sts$sumfmt
            00017db0    SWI_Store_USB_Input$sts$avgfmt
            00017dba    SWI_UserInterface$sts$maxfmt
            00017dc2    SWI_UserInterface$sts$sumfmt
            00017dca    SWI_UserInterface$sts$avgfmt
            00017dd4    SWI_Send_USB_Output$sts$maxfmt
            00017ddc    SWI_Send_USB_Output$sts$sumfmt
            00017de4    SWI_Send_USB_Output$sts$avgfmt
            00017dee    TSK_PbAudioAlg$sts$maxfmt
            00017df6    TSK_PbAudioAlg$sts$sumfmt
            00017dfe    TSK_PbAudioAlg$sts$avgfmt
            00017e08    TSK_idle$sts$maxfmt
            00017e10    TSK_idle$sts$sumfmt
            00017e18    TSK_idle$sts$avgfmt
            00017e22    mainTsk$sts$maxfmt
            00017e2a    mainTsk$sts$sumfmt
            00017e32    mainTsk$sts$avgfmt
            00017e3c    TSK_MUSBMSCTask$sts$maxfmt
            00017e44    TSK_MUSBMSCTask$sts$sumfmt
            00017e4c    TSK_MUSBMSCTask$sts$avgfmt
            00017e56    TSK_MUSBMainTask$sts$maxfmt
            00017e5e    TSK_MUSBMainTask$sts$sumfmt
            00017e66    TSK_MUSBMainTask$sts$avgfmt
            00017e70    TSK_CodecConfig$sts$maxfmt
            00017e78    TSK_CodecConfig$sts$sumfmt
            00017e80    TSK_CodecConfig$sts$avgfmt
            00017e8a    TSK_RecAudioAlg$sts$maxfmt
            00017e92    TSK_RecAudioAlg$sts$sumfmt
            00017e9a    TSK_RecAudioAlg$sts$avgfmt
            00017ea4    IDL_busyObj$maxfmt
            00017ea7    IDL_busyObj$sumfmt
            00017eaa    IDL_busyObj$avgfmt
            00017eaf    mySts1$maxfmt
            00017eb2    mySts1$sumfmt
            00017eb5    mySts1$avgfmt
            00017eba    mySts2$maxfmt
            00017ebd    mySts2$sumfmt
            00017ec0    mySts2$avgfmt
            00017ec5    mySts3$maxfmt
            00017ec8    mySts3$sumfmt
            00017ecb    mySts3$avgfmt
            00017ed0    mySts4$maxfmt
            00017ed3    mySts4$sumfmt
            00017ed6    mySts4$avgfmt
            00017edb    mySts5$maxfmt
            00017ede    mySts5$sumfmt
            00017ee1    mySts5$avgfmt
0002fdcc                BIOS_init
0002fdcc                _BIOS_init
0002fe5a                BIOS_start
0002fe5a                _BIOS_start
0002fea0                _TSK_init
0002ff24                _auto_init
0002ff95                _c_int00
00030004                _OBJ_init
            00018004    _HWI_dispatchTab
0004df00                HWI_A_VECS
0004df00                hwi0
0004df08                hwi1
0004df10                hwi2
0004df18                hwi3
0004df20                hwi4
0004df28                hwi5
0004df30                hwi6
0004df38                hwi7
0004df40                hwi8
0004df48                hwi9
0004df50                hwi10
0004df58                hwi11
0004df60                hwi12
0004df68                hwi13
0004df70                hwi14
0004df78                hwi15
0004df80                hwi16
0004df88                hwi17
0004df90                hwi18
0004df98                hwi19
0004dfa0                hwi20
0004dfa8                hwi21
0004dfb0                hwi22
0004dfb8                hwi23
0004dfc0                hwi24
0004dfc8                hwi25
0004dfd0                hwi26
0004dfd8                hwi27
0004dfe0                hwi28
0004dfe8                hwi29
0004dff0                hwi30
0004dff8                hwi31
            00027000    trace$buf
00f80000                GBL_CACHEICRTAG1
00f81000                GBL_CACHEICRTAG2
ffffffff                DARAM
ffffffff                HST_DSMBUFSEG
ffffffff                RTDX_DATAMEMSEG
ffffffff                SARAM
ffffffff                SARAM31
ffffffff                VECT
ffffffff                _DARAM
ffffffff                _SARAM
ffffffff                _SARAM31
ffffffff                _VECT
ffffffff                ___binit__
ffffffff                ___c_args__
ffffffff                binit

[1717 symbols]
