******************************************************************************
              TMS320C55x Linker PC v4.4.1                      
******************************************************************************
>> Linked Thu Mar 14 19:19:07 2013

OUTPUT FILE NAME:   <C:/Users/Alex/C5535/build/CSL_USB_IsoHighSpeedExample_Out/../../build/CSL_USB_IsoHighSpeedExample_Out/Release/CSL_USB_IsoHighSpeedExample_Out.out>
ENTRY POINT SYMBOL: "_c_int00"  address: 0002ff4d


MEMORY CONFIGURATION

         name            origin    length      used     unused   attr    fill
                        (bytes)   (bytes)    (bytes)   (bytes)
----------------------  --------  ---------  --------  --------  ----  --------
  DARAM                 000000c0   0000fe40  0000aac4  0000537c  RWIX
  SARAM                 00010000   0003df00  0002013c  0001ddc4  RWIX
  VECT                  0004df00   00000100  00000100  00000000  RWIX
  SARAM31               0004e000   00002000  00002000  00000000  RWIX


SECTION ALLOCATION MAP
(Addresses surrounded by []'s are displayed for convenience only!)

output                                                          attributes/
section   page  orgn(bytes) orgn(words) len(bytes) len(words)   input sections
--------  ----  ----------- ----------- ---------- ----------   --------------
.vers        0   [ 00000000 ]  00000000          *   00000048   COPY SECTION
                 [ 00000000 ]  00000000          *   00000048   VC5505_CSL_BIOS_cfg.obj (.vers)

.sysstack 
*            0   [ 000000c0 ]  00000060          *   00000800   UNINITIALIZED
                 [ 000000c0 ]  00000060          *   00000800   --HOLE--

.stack       0   [ 000010c0 ]  00000860          *   00001000   UNINITIALIZED
                 [ 000010c0 ]  00000860          *   00001000   --HOLE--

.cinit       0   [ 000030c0 ]  00001860          *   000012c1   
                 [ 000030c0 ]  00001860          *   00000ace   VC5505_CSL_BIOS_cfg.obj (.cinit)
                 [ 0000465c ]  0000232e          *   000002d8   app_usbac_descs.obj (.cinit)
                 [ 00004c0c ]  00002606          *   000000b2   app_usb.obj (.cinit)
                 [ 00004d70 ]  000026b8          *   000000af   bios.a55L : biosdata.o55L (.cinit)
                 [ 00004ece ]  00002767          *   000000a0             : knl.o55L (.cinit)
                 [ 0000500e ]  00002807          *   00000099   app_usbac.obj (.cinit)
                 [ 00005140 ]  000028a0          *   0000007c   dma_bios_drv_lib.lib : ddc_dma.obj (.cinit)
                 [ 00005238 ]  0000291c          *   00000036   i2s_sample.obj (.cinit)
                 [ 000052a4 ]  00002952          *   00000035   csl_usb_iso_highspeed_example.obj (.cinit)
                 [ 0000530e ]  00002987          *   00000031   bios.a55L : tsk.o55L (.cinit)
                 [ 00005370 ]  000029b8          *   00000031   cslVC5505_Lib.lib : csl_audioClass.obj (.cinit)
                 [ 000053d2 ]  000029e9          *   0000002e   bios.a55L : tsk_stup.o55L (.cinit)
                 [ 0000542e ]  00002a17          *   0000001e   app_audio_alg.obj (.cinit)
                 [ 0000546a ]  00002a35          *   0000001b   codec_config.obj (.cinit)
                 [ 000054a0 ]  00002a50          *   00000019   bios.a55L : rta.o55L (.cinit)
                 [ 000054d2 ]  00002a69          *   00000019   i2s_bios_drv_lib.lib : ddc_i2s.obj (.cinit)
                 [ 00005504 ]  00002a82          *   00000017   rtdxx.lib : buffer1.o55L (.cinit)
                 [ 00005532 ]  00002a99          *   0000000f   bios.a55L : utl_putc.o55L (.cinit)
                 [ 00005550 ]  00002aa8          *   0000000b             : knl_tick.o55L (.cinit)
                 [ 00005566 ]  00002ab3          *   0000000a             : obj_init.o55L (.cinit)
                 [ 0000557a ]  00002abd          *   0000000a             : sys.o55L (.cinit)
                 [ 0000558e ]  00002ac7          *   0000000a   rts55x.lib : _lock.obj (.cinit)
                 [ 000055a2 ]  00002ad1          *   0000000a              : exit.obj (.cinit)
                 [ 000055b6 ]  00002adb          *   00000009   lnkrtdx.a55L : rtdx.o55L (.cinit)
                 [ 000055c8 ]  00002ae4          *   00000008   gpio_control.obj (.cinit)
                 [ 000055d8 ]  00002aec          *   00000008   rts55x.lib : atexit.obj (.cinit)
                 [ 000055e8 ]  00002af4          *   00000008   user_interface.obj (.cinit)
                 [ 000055f8 ]  00002afc          *   00000007   bios.a55L : sem_crea.o55L (.cinit)
                 [ 00005606 ]  00002b03          *   00000005             : idl_busy.o55L (.cinit)
                 [ 00005610 ]  00002b08          *   00000005             : knl_swit.o55L (.cinit)
                 [ 0000561a ]  00002b0d          *   00000005   codec_aic3254.obj (.cinit)
                 [ 00005624 ]  00002b12          *   00000005   cslVC5505_Lib.lib : csl_usb.obj (.cinit)
                 [ 0000562e ]  00002b17          *   00000005   rts55x.lib : sinit.obj (.cinit)
                 [ 00005638 ]  00002b1c          *   00000004   bios.a55L : tsk_disa.o55L (.cinit)
                 [ 00005640 ]  00002b20          *   00000001   --HOLE-- [fill = 0]

.rtdx_text 
*            0     00005642  [ 00002b21 ] 00000942          *   
                   00005642  [ 00002b21 ] 000001db          *   rtdxx.lib : buffer1.o55L (.rtdx_text:_RTDX_write_next)
                   0000581d  [ 00002c0e+] 0000017c          *             : buffer1.o55L (.rtdx_text:_RTDX_Buffer_WriteCB)
                   00005999  [ 00002ccc+] 0000010f          *             : rtdx_mon.o55L (.rtdx_text:_RTDX_Init_RT_Monitor)
                   00005aa8  [ 00002d54 ] 000000ec          *             : rtdx_mon.o55L (.rtdx_text:_RTDX_Poll)
                   00005b94  [ 00002dca ] 000000b5          *             : buffer1.o55L (.rtdx_text:_claim)
                   00005c49  [ 00002e24+] 00000093          *             : rtdx_mon.o55L (.rtdx_text:_StartXFer)
                   00005cdc  [ 00002e6e ] 00000088          *             : rtdx_mon.o55L (.rtdx_text:_RTDX_Mon_Queue)
                   00005d64  [ 00002eb2 ] 00000065          *             : rtdx_mon.o55L (.rtdx_text:_RTDX_H2TPoll)
                   00005dc9  [ 00002ee4+] 00000053          *             : buffer1.o55L (.rtdx_text:_RTDX_Buffer_Initialize)
                   00005e1c  [ 00002f0e ] 0000004b          *             : buffer2.o55L (.rtdx_text:_RTDX_Buffer_ReadCB)
                   00005e67  [ 00002f33+] 0000003c          *             : rtdx_mon.o55L (.rtdx_text:_RTDX_Final_RT_Monitor)
                   00005ea3  [ 00002f51+] 0000003b          *             : buffer1.o55L (.rtdx_text:_RTDX_Buffer_Size)
                   00005ede  [ 00002f6f ] 0000002a          *             : intr_tgt.o55L (.rtdx_text:_RTDX_Mask_IER)
                   00005f08  [ 00002f84 ] 00000022          *             : buffer2.o55L (.rtdx_text:_RTDX_Buffer_Read)
                   00005f2a  [ 00002f95 ] 0000001e          *             : intr_tgt.o55L (.rtdx_text:_RTDX_Set_IER)
                   00005f48  [ 00002fa4 ] 0000001c          *             : buffer1.o55L (.rtdx_text:_RTDX_Buffer_Write)
                   00005f64  [ 00002fb2 ] 00000017          *             : rtdx_mon.o55L (.rtdx_text:_Allow_EmuAccess)
                   00005f7b  [ 00002fbd+] 00000004          *             : rtdx_mon.o55L (.rtdx_text:_Disallow_EmuAccess)
                   00005f7f  [ 00002fbf+] 00000004          *             : rtdx_mon.o55L (.rtdx_text:_Wait)
                   00005f83  [ 00002fc1 ] 00000001          *   --HOLE-- [fill = 20]

.MBX_codecConfig$que 
*            0   [ 00005f84 ]  00002fc2          *   00000020   UNINITIALIZED
                 [ 00005f84 ]  00002fc2          *   00000020   --HOLE--

.hst         0   [ 00005fc4 ]  00002fe2          *   0000001a   UNINITIALIZED
                 [ 00005fc4 ]  00002fe2          *   0000001a   VC5505_CSL_BIOS_cfg.obj (.hst)

.clk         0   [ 00005ff8 ]  00002ffc          *   00000004   UNINITIALIZED
                 [ 00005ff8 ]  00002ffc          *   00000004   VC5505_CSL_BIOS_cfg.obj (.clk)

.LOG_system$buf 
*            0   [ 00006000 ]  00003000          *   00001000   UNINITIALIZED
                 [ 00006000 ]  00003000          *   00001000   VC5505_CSL_BIOS_cfg.obj (.LOG_system$buf)

.TSK_PbAudioAlg$stk 
*            0   [ 00008000 ]  00004000          *   00000500   UNINITIALIZED
                 [ 00008000 ]  00004000          *   00000500   VC5505_CSL_BIOS_cfg.obj (.TSK_PbAudioAlg$stk)

.TSK_RecAudioAlg$stk 
*            0   [ 00008a00 ]  00004500          *   00000500   UNINITIALIZED
                 [ 00008a00 ]  00004500          *   00000500   VC5505_CSL_BIOS_cfg.obj (.TSK_RecAudioAlg$stk)

.sem         0   [ 00009400 ]  00004a00          *   0000023c   UNINITIALIZED
                 [ 00009400 ]  00004a00          *   0000023c   VC5505_CSL_BIOS_cfg.obj (.sem)

.trace       0   [ 00009878 ]  00004c3c          *   00000200   
                 [ 00009878 ]  00004c3c          *   00000200   --HOLE-- [fill = 00]

.tsk         0   [ 00009c78 ]  00004e3c          *   00000134   UNINITIALIZED
                 [ 00009c78 ]  00004e3c          *   00000134   VC5505_CSL_BIOS_cfg.obj (.tsk)

.rtdx_data 
*            0   [ 00009ee0 ]  00004f70          *   00000128   UNINITIALIZED
                 [ 00009ee0 ]  00004f70          *   00000102   VC5505_CSL_BIOS_cfg.obj (.rtdx_data)
                 [ 0000a0e4 ]  00005072          *   00000012   rtdxx.lib : rtdx_mon.o55L (.rtdx_data)
                 [ 0000a108 ]  00005084          *   00000010             : buffer1.o55L (.rtdx_data)
                 [ 0000a128 ]  00005094          *   00000004   bios.a55L : rtdx_data.o55L (.rtdx_data)

.sysdata     0   [ 0000a130 ]  00005098          *   000000ce   UNINITIALIZED
                 [ 0000a130 ]  00005098          *   000000b0   bios.a55L : biosdata.o55L (.sysdata)
                 [ 0000a290 ]  00005148          *   00000016             : rta.o55L (.sysdata)
                 [ 0000a2bc ]  0000515e          *   00000006   lnkrtdx.a55L : rtdx.o55L (.sysdata)
                 [ 0000a2c8 ]  00005164          *   00000002   bios.a55L : idl_busy.o55L (.sysdata)

.sts         0   [ 0000a2cc ]  00005166          *   000000a8   UNINITIALIZED
                 [ 0000a2cc ]  00005166          *   000000a8   VC5505_CSL_BIOS_cfg.obj (.sts)

.mbx         0   [ 0000a41c ]  0000520e          *   0000009c   UNINITIALIZED
                 [ 0000a41c ]  0000520e          *   0000009c   VC5505_CSL_BIOS_cfg.obj (.mbx)

.swi         0   [ 0000a554 ]  000052aa          *   00000078   UNINITIALIZED
                 [ 0000a554 ]  000052aa          *   00000078   VC5505_CSL_BIOS_cfg.obj (.swi)

.pip         0   [ 0000a644 ]  00005322          *   00000064   UNINITIALIZED
                 [ 0000a644 ]  00005322          *   00000064   VC5505_CSL_BIOS_cfg.obj (.pip)

.MBX_msc$que 
*            0   [ 0000a70c ]  00005386          *   00000060   UNINITIALIZED
                 [ 0000a70c ]  00005386          *   00000060   --HOLE--

.MBX_musb$que 
*            0   [ 0000a7cc ]  000053e6          *   00000060   UNINITIALIZED
                 [ 0000a7cc ]  000053e6          *   00000060   --HOLE--

.switch      0   [ 0000a88c ]  00005446          *   00000056   
                 [ 0000a88c ]  00005446          *   0000001a   app_usb.obj (.switch:_MUSB_Handle_EP0_Intr)
                 [ 0000a8c0 ]  00005460          *   00000018   cslVC5505_Lib.lib : csl_usb.obj (.switch:_USB_coreEventProcessEp0)
                 [ 0000a8f0 ]  00005478          *   00000012   i2s_bios_drv_lib.lib : llc_i2s.obj (.switch:_LLC_I2SSetClkdiv)
                 [ 0000a914 ]  0000548a          *   00000012                        : llc_i2s.obj (.switch:_LLC_I2SSetWordLength)

.gblinit     0   [ 0000a938 ]  0000549c          *   00000051   
                 [ 0000a938 ]  0000549c          *   00000051   VC5505_CSL_BIOS_cfg.obj (.gblinit)

.args        0   [ 0000a9dc ]  000054ee          *   00000040   
                 [ 0000a9dc ]  000054ee          *   00000040   --HOLE-- [fill = 0]

.hst0        0   [ 0000aa5c ]  0000552e          *   00000040   UNINITIALIZED
                 [ 0000aa5c ]  0000552e          *   00000040   VC5505_CSL_BIOS_cfg.obj (.hst0)

.prd         0   [ 0000aadc ]  0000556e          *   00000018   UNINITIALIZED
                 [ 0000aadc ]  0000556e          *   00000018   VC5505_CSL_BIOS_cfg.obj (.prd)

.log         0   [ 0000ab0c ]  00005586          *   00000014   UNINITIALIZED
                 [ 0000ab0c ]  00005586          *   00000014   VC5505_CSL_BIOS_cfg.obj (.log)

.hst1        0   [ 0000ab34 ]  0000559a          *   00000008   UNINITIALIZED
                 [ 0000ab34 ]  0000559a          *   00000008   VC5505_CSL_BIOS_cfg.obj (.hst1)

.idl         0   [ 0000ab44 ]  000055a2          *   00000008   UNINITIALIZED
                 [ 0000ab44 ]  000055a2          *   00000008   VC5505_CSL_BIOS_cfg.obj (.idl)

.idlcal      0   [ 0000ab54 ]  000055aa          *   00000008   UNINITIALIZED
                 [ 0000ab54 ]  000055aa          *   00000008   VC5505_CSL_BIOS_cfg.obj (.idlcal)

.sys         0   [ 0000ab64 ]  000055b2          *   00000008   UNINITIALIZED
                 [ 0000ab64 ]  000055b2          *   00000008   VC5505_CSL_BIOS_cfg.obj (.sys)

.pinit       0   [ 0000ab74 ]  000055ba          *   00000006   
                 [ 0000ab74 ]  000055ba          *   00000002   rtdxx.lib : buffer1.o55L (.pinit)
                 [ 0000ab78 ]  000055bc          *   00000002             : rtdx_mon.o55L (.pinit)
                 [ 0000ab7c ]  000055be          *   00000002   --HOLE-- [fill = 0]

.trcdata     0   [ 0000ab80 ]  000055c0          *   00000003   
                 [ 0000ab80 ]  000055c0          *   00000003   bios.a55L : trc.o55L (.trcdata)

.text        0     00010000  [ 00008000 ] 0000cd20          *   
                   00010000  [ 00008000 ] 00001b05          *   app_usb.obj (.text)
                   00011b05  [ 00008d82+] 00001ada          *   cslVC5505_Lib.lib : csl_usb.obj (.text)
                   000135df  [ 00009aef+] 0000121d          *                     : csl_audioClass.obj (.text)
                   000147fc  [ 0000a3fe ] 00001141          *   codec_aic3254.obj (.text)
                   0001593d  [ 0000ac9e+] 00000d54          *   dma_bios_drv_lib.lib : ddc_dma.obj (.text)
                   00016691  [ 0000b348+] 00000cfd          *   i2c_bios_drv_lib.lib : ddc_i2c.obj (.text)
                   0001738e  [ 0000b9c7 ] 000008c7          *   csl_usb_iso_highspeed_example.obj (.text)
                   00017c55  [ 0000be2a+] 00000870          *   app_usbac.obj (.text)
                   000184c5  [ 0000c262+] 00000819          *   cslVC5505_Lib.lib : csl_sar.obj (.text)
                   00018cde  [ 0000c66f ] 000007a2          *                     : csl_i2c.obj (.text)
                   00019480  [ 0000ca40 ] 00000520          *   i2s_bios_drv_lib.lib : ddc_i2s.obj (.text)
                   000199a0  [ 0000ccd0 ] 000004ee          *   cslVC5505_Lib.lib : csl_gpio.obj (.text)
                   00019e8e  [ 0000cf47 ] 00000489          *   i2s_sample.obj (.text)
                   0001a317  [ 0000d18b+] 00000401          *   i2s_bios_drv_lib.lib : llc_i2s.obj (.text)
                   0001a718  [ 0000d38c ] 000003ef          *   user_interface.obj (.text)
                   0001ab07  [ 0000d583+] 000003cc          *   rts55x.lib : divd.obj (.text)
                   0001aed3  [ 0000d769+] 00000331          *   app_audio_alg.obj (.text)
                   0001b204  [ 0000d902 ] 0000025a          *   rts55x.lib : addd.obj (.text)
                   0001b45e  [ 0000da2f ] 0000020c          *   cslVC5505_Lib.lib : csl_gpt.obj (.text)
                   0001b66a  [ 0000db35 ] 00000203          *   app_asrc.obj (.text)
                   0001b86d  [ 0000dc36+] 000001e7          *   ezdsp5535bsl.lib : ezdsp5535_led.obj (.text)
                   0001ba54  [ 0000dd2a ] 000001d9          *   cslVC5505_Lib.lib : csl_pll.obj (.text)
                   0001bc2d  [ 0000de16+] 000001b5          *   codec_config.obj (.text)
                   0001bde2  [ 0000def1 ] 00000194          *   i2s_bios_drv_lib.lib : dda_i2s.obj (.text)
                   0001bf76  [ 0000dfbb ] 00000192          *   ezdsp5535bsl.lib : ezdsp5535_lcd.obj (.text)
                   0001c108  [ 0000e084 ] 0000014c          *   rts55x.lib : mpyd.obj (.text)
                   0001c254  [ 0000e12a ] 000000e8          *   i2c_bios_drv_lib.lib : dda_i2c.obj (.text)
                   0001c33c  [ 0000e19e ] 000000d7          *   dma_bios_drv_lib.lib : dda_dma.obj (.text)
                   0001c413  [ 0000e209+] 000000c7          *   pll_control.obj (.text)
                   0001c4da  [ 0000e26d ] 000000b1          *   gpio_control.obj (.text)
                   0001c58b  [ 0000e2c5+] 000000a1          *   rts55x.lib : divul.obj (.text)
                   0001c62c  [ 0000e316 ] 0000008e          *   ezdsp5535bsl.lib : ezdsp5535_i2c.obj (.text)
                   0001c6ba  [ 0000e35d ] 00000087          *                    : ezdsp5535_gpio.obj (.text)
                   0001c741  [ 0000e3a0+] 00000080          *   dbg_sdram.obj (.text)
                   0001c7c1  [ 0000e3e0+] 00000077          *   rts55x.lib : fixdul.obj (.text)
                   0001c838  [ 0000e41c ] 00000076          *              : frcmpyd.obj (.text)
                   0001c8ae  [ 0000e457 ] 00000075          *              : sinit.obj (.text)
                   0001c923  [ 0000e491+] 00000073          *              : frcmpyd_div.obj (.text)
                   0001c996  [ 0000e4cb ] 00000072          *              : remul.obj (.text)
                   0001ca08  [ 0000e504 ] 0000006f          *              : atexit.obj (.text)
                   0001ca77  [ 0000e53b ] 00000001          *   --HOLE-- [fill = 20]
                   0001ca78  [ 0000e53c ] 0000005c          *   bios.a55L : tsk_stup.o55L (.text)
                   0001cad4  [ 0000e56a ] 00000058          *   palos_bios_lib.lib : pal_osSem.obj (.text)
                   0001cb2c  [ 0000e596 ] 00000057          *                      : pal_osprotect.obj (.text)
                   0001cb83  [ 0000e5c1+] 00000054          *   ezdsp5535bsl.lib : ezdsp5535.obj (.text)
                   0001cbd7  [ 0000e5eb+] 00000048          *   rts55x.lib : divli.obj (.text)
                   0001cc1f  [ 0000e60f+] 0000003f          *              : memcpy.obj (.text)
                   0001cc5e  [ 0000e62f ] 0000003e          *              : exit.obj (.text)
                   0001cc9c  [ 0000e64e ] 00000028          *   palos_bios_lib.lib : pal_osTime.obj (.text)
                   0001ccc4  [ 0000e662 ] 0000001b          *   rts55x.lib : fixdu.obj (.text)
                   0001ccdf  [ 0000e66f+] 00000014          *   palos_bios_lib.lib : pal_osWait.obj (.text)
                   0001ccf3  [ 0000e679+] 00000013          *   rts55x.lib : lmpy.obj (.text)
                   0001cd06  [ 0000e683 ] 00000012          *              : _lock.obj (.text)
                   0001cd18  [ 0000e68c ] 00000007          *              : exit.obj (.text:CIO_breakpoint)
                   0001cd1f  [ 0000e68f ] 00000001          *   --HOLE-- [fill = 20]

.data        0   [ 00010000 ]  00008000          *   00000000   UNINITIALIZED

.bss         0   [ 0001cd20 ]  0000e690          *   000065e6   UNINITIALIZED
                 [ 0001cd20 ]  0000e690          *   00004824   i2s_sample.obj (.bss)
                 [ 00025d68 ]  00012eb4          *   00000e8a   app_usbac.obj (.bss)
                 [ 00027a7c ]  00013d3e          *   00000002   bios.a55L : clk_data2.o55L (.bss)
                 [ 00027a80 ]  00013d40          *   000005a4   csl_usb_iso_highspeed_example.obj (.bss)
                 [ 000285c8 ]  000142e4          *   000002ec   app_usbac_descs.obj (.bss)
                 [ 00028ba0 ]  000145d0          *   000001c2   cslVC5505_Lib.lib : csl_usb.obj (.bss)
                 [ 00028f24 ]  00014792          *   00000172   dma_bios_drv_lib.lib : ddc_dma.obj (.bss)
                 [ 00029208 ]  00014904          *   000000c2   rts55x.lib : atexit.obj (.bss)
                 [ 0002938c ]  000149c6          *   0000008a   bios.a55L : knl.o55L (.bss)
                 [ 000294a0 ]  00014a50          *   00000044   app_usb.obj (.bss)
                 [ 00029528 ]  00014a94          *   00000044   i2c_bios_drv_lib.lib : ddc_i2c.obj (.bss)
                 [ 000295b0 ]  00014ad8          *   00000040   i2s_bios_drv_lib.lib : ddc_i2s.obj (.bss)
                 [ 00029630 ]  00014b18          *   00000030   bios.a55L : tsk.o55L (.bss)
                 [ 00029690 ]  00014b48          *   00000028             : tsk_stup.o55L (.bss)
                 [ 000296e0 ]  00014b70          *   00000023             : obj_init.o55L (.bss)
                 [ 00029726 ]  00014b93          *   00000001             : tsk_disa.o55L (.bss)
                 [ 00029728 ]  00014b94          *   00000014             : sys.o55L (.bss)
                 [ 00029750 ]  00014ba8          *   00000014   user_interface.obj (.bss)
                 [ 00029778 ]  00014bbc          *   00000012   app_asrc.obj (.bss)
                 [ 0002979c ]  00014bce          *   00000012   cslVC5505_Lib.lib : csl_i2c.obj (.bss)
                 [ 000297c0 ]  00014be0          *   00000010   i2s_bios_drv_lib.lib : dda_i2s.obj (.bss)
                 [ 000297e0 ]  00014bf0          *   0000000e   cslVC5505_Lib.lib : csl_audioClass.obj (.bss)
                 [ 000297fc ]  00014bfe          *   0000000e   pll_control.obj (.bss)
                 [ 00029818 ]  00014c0c          *   0000000c   VC5505_CSL_BIOS_cfg.obj (.bss)
                 [ 00029830 ]  00014c18          *   0000000c   app_audio_alg.obj (.bss)
                 [ 00029848 ]  00014c24          *   0000000c   bios5505.a55L : clk5505_data.o55L (.bss)
                 [ 00029860 ]  00014c30          *   0000000c   dbg_sdram.obj (.bss)
                 [ 00029878 ]  00014c3c          *   00000009   codec_config.obj (.bss)
                 [ 0002988a ]  00014c45          *   00000001   --HOLE--
                 [ 0002988c ]  00014c46          *   00000008   bios.a55L : knl_tick.o55L (.bss)
                 [ 0002989c ]  00014c4e          *   00000006             : utl_putc.o55L (.bss)
                 [ 000298a8 ]  00014c54          *   00000006   rtdxx.lib : buffer1.o55L (.bss)
                 [ 000298b4 ]  00014c5a          *   00000004   bios.a55L : clk_data.o55L (.bss)
                 [ 000298bc ]  00014c5e          *   00000004             : sem_crea.o55L (.bss)
                 [ 000298c4 ]  00014c62          *   00000004   ezdsp5535bsl.lib : ezdsp5535_gpio.obj (.bss)
                 [ 000298cc ]  00014c66          *   00000004   gpio_control.obj (.bss)
                 [ 000298d4 ]  00014c6a          *   00000004   rts55x.lib : _lock.obj (.bss)
                 [ 000298dc ]  00014c6e          *   00000004              : exit.obj (.bss)
                 [ 000298e4 ]  00014c72          *   00000002   codec_aic3254.obj (.bss)
                 [ 000298e8 ]  00014c74          *   00000002   rts55x.lib : sinit.obj (.bss)

.bios        0     000298ec  [ 00014c76 ] 000026c8          *   
                   000298ec  [ 00014c76 ] 000003d4          *   bios.a55L : swi.o55L (.bios)
                   00029cc0  [ 00014e60 ] 000003a3          *   lnkrtdx.a55L : rtdx.o55L (.bios)
                   0002a063  [ 00015031+] 0000035f          *   bios.a55L : hwi_disp_asm.o55L (.bios)
                   0002a3c2  [ 000151e1 ] 00000002          *   --HOLE-- [fill = 20]
                   0002a3c4  [ 000151e2 ] 0000018b          *             : sem_pend.o55L (.bios)
                   0002a54f  [ 000152a7+] 00000186          *             : prd.o55L (.bios)
                   0002a6d5  [ 0001536a ] 00000003          *   --HOLE-- [fill = 20]
                   0002a6d8  [ 0001536c ] 00000185          *             : knl_run.o55L (.bios)
                   0002a85d  [ 0001542e ] 00000003          *   --HOLE-- [fill = 20]
                   0002a860  [ 00015430 ] 00000175          *             : mem_free.o55L (.bios:.near)
                   0002a9d5  [ 000154ea ] 00000003          *   --HOLE-- [fill = 20]
                   0002a9d8  [ 000154ec ] 00000144          *             : knl_tick.o55L (.bios)
                   0002ab1c  [ 0001558e ] 00000130          *             : rta.o55L (.bios)
                   0002ac4c  [ 00015626 ] 0000012d          *             : mem_allo.o55L (.bios:.near)
                   0002ad79  [ 000156bc+] 00000119          *             : pip.o55L (.bios)
                   0002ae92  [ 00015749 ] 0000010e          *             : knl_swit.o55L (.bios)
                   0002afa0  [ 000157d0 ] 0000010d          *             : mbx.o55L (.bios)
                   0002b0ad  [ 00015856 ] 00000003          *   --HOLE-- [fill = 20]
                   0002b0b0  [ 00015858 ] 00000104          *             : sem_dopo.o55L (.bios)
                   0002b1b4  [ 000158da ] 000000f8          *             : tsk_exit.o55L (.bios)
                   0002b2ac  [ 00015956 ] 000000f6          *             : tsk_setu.o55L (.bios)
                   0002b3a2  [ 000159d1 ] 00000002          *   --HOLE-- [fill = 20]
                   0002b3a4  [ 000159d2 ] 000000bf          *             : tsk_stup.o55L (.bios)
                   0002b463  [ 00015a31+] 000000a2          *             : c55_c.o55L (.bios)
                   0002b505  [ 00015a82 ] 00000003          *   --HOLE-- [fill = 20]
                   0002b508  [ 00015a84 ] 00000090          *   bios5505.a55L : clk5505_start.o55L (.bios)
                   0002b598  [ 00015acc ] 0000008d          *   bios.a55L : knl_chec.o55L (.bios)
                   0002b625  [ 00015b12 ] 00000003          *   --HOLE-- [fill = 20]
                   0002b628  [ 00015b14 ] 0000008d          *   bios5505.a55L : clk5505_isr.o55L (.bios)
                   0002b6b5  [ 00015b5a ] 00000003          *   --HOLE-- [fill = 20]
                   0002b6b8  [ 00015b5c ] 00000087          *                 : clk5505_htime.o55L (.bios)
                   0002b73f  [ 00015b9f+] 00000082          *   bios.a55L : sem_post_asm.o55L (.bios)
                   0002b7c1  [ 00015be0 ] 00000003          *   --HOLE-- [fill = 20]
                   0002b7c4  [ 00015be2 ] 00000068          *   bios5505.a55L : clk5505_meas.o55L (.bios)
                   0002b82c  [ 00015c16 ] 00000062          *   bios.a55L : log_printf.o55L (.bios)
                   0002b88e  [ 00015c47 ] 00000002          *   --HOLE-- [fill = 20]
                   0002b890  [ 00015c48 ] 00000062          *             : obj_crea.o55L (.bios)
                   0002b8f2  [ 00015c79 ] 00000002          *   --HOLE-- [fill = 20]
                   0002b8f4  [ 00015c7a ] 0000005f          *             : knl_exit.o55L (.bios)
                   0002b953  [ 00015ca9 ] 00000001          *   --HOLE-- [fill = 20]
                   0002b954  [ 00015caa ] 0000005b          *             : knl_ipos.o55L (.bios)
                   0002b9af  [ 00015cd7 ] 00000001          *   --HOLE-- [fill = 20]
                   0002b9b0  [ 00015cd8 ] 0000005b          *             : sem_crea.o55L (.bios)
                   0002ba0b  [ 00015d05 ] 00000001          *   --HOLE-- [fill = 20]
                   0002ba0c  [ 00015d06 ] 00000058          *             : lck.o55L (.bios)
                   0002ba64  [ 00015d32 ] 00000051          *             : log.o55L (.bios)
                   0002bab5  [ 00015d5a+] 0000004e          *             : sem_pend_counting.o55L (.bios)
                   0002bb03  [ 00015d81 ] 00000001          *   --HOLE-- [fill = 20]
                   0002bb04  [ 00015d82 ] 00000048          *             : sem_post.o55L (.bios)
                   0002bb4c  [ 00015da6 ] 00000048          *             : sts.o55L (.bios)
                   0002bb94  [ 00015dca ] 00000048          *             : sys_exit.o55L (.bios)
                   0002bbdc  [ 00015dee ] 00000047          *             : idl_busy.o55L (.bios)
                   0002bc23  [ 00015e11+] 00000046          *             : idl_cal.o55L (.bios)
                   0002bc69  [ 00015e34 ] 00000003          *   --HOLE-- [fill = 20]
                   0002bc6c  [ 00015e36 ] 00000045          *             : obj_dele.o55L (.bios)
                   0002bcb1  [ 00015e58 ] 00000003          *   --HOLE-- [fill = 20]
                   0002bcb4  [ 00015e5a ] 00000044          *             : tsk_disa.o55L (.bios)
                   0002bcf8  [ 00015e7c ] 00000043          *             : rta_andn.o55L (.bios)
                   0002bd3b  [ 00015e9d+] 00000042          *             : que_get.o55L (.bios)
                   0002bd7d  [ 00015ebe+] 00000036          *             : prd_c.o55L (.bios)
                   0002bdb3  [ 00015ed9 ] 00000001          *   --HOLE-- [fill = 20]
                   0002bdb4  [ 00015eda ] 00000036          *             : utl_putc.o55L (.bios)
                   0002bdea  [ 00015ef5 ] 00000002          *   --HOLE-- [fill = 20]
                   0002bdec  [ 00015ef6 ] 00000034          *             : knl_post.o55L (.bios)
                   0002be20  [ 00015f10 ] 00000034          *   bios5505.a55L : clk_itime.o55L (.bios)
                   0002be54  [ 00015f2a ] 00000032          *   bios.a55L : mem_vall.o55L (.bios:.near)
                   0002be86  [ 00015f43 ] 00000025          *             : fxn.o55L (.bios)
                   0002beab  [ 00015f55+] 00000024          *             : idl_stub.o55L (.bios)
                   0002becf  [ 00015f67 ] 00000001          *   --HOLE-- [fill = 20]
                   0002bed0  [ 00015f68 ] 00000023          *             : utl_doab.o55L (.bios)
                   0002bef3  [ 00015f79 ] 00000001          *   --HOLE-- [fill = 20]
                   0002bef4  [ 00015f7a ] 00000020          *             : utl_doer.o55L (.bios)
                   0002bf14  [ 00015f8a ] 0000001a          *             : hwi_xable.o55L (.bios)
                   0002bf2e  [ 00015f97 ] 00000017          *             : clk_run.o55L (.bios)
                   0002bf45  [ 00015fa2 ] 00000003          *   --HOLE-- [fill = 20]
                   0002bf48  [ 00015fa4 ] 00000017          *             : sys_abor.o55L (.bios)
                   0002bf5f  [ 00015faf ] 00000001          *   --HOLE-- [fill = 20]
                   0002bf60  [ 00015fb0 ] 00000016          *             : sys_erro.o55L (.bios:.near)
                   0002bf76  [ 00015fbb ] 00000002          *   --HOLE-- [fill = 20]
                   0002bf78  [ 00015fbc ] 00000010          *             : sem_dele.o55L (.bios)
                   0002bf88  [ 00015fc4 ] 0000000c          *             : idl.o55L (.bios)
                   0002bf94  [ 00015fca ] 00000008          *             : utl_halt.o55L (.bios)
                   0002bf9c  [ 00015fce ] 00000007          *             : sts_set.o55L (.bios)
                   0002bfa3  [ 00015fd1+] 00000006          *             : gbl_vers.o55L (.bios)
                   0002bfa9  [ 00015fd4 ] 00000003          *   --HOLE-- [fill = 20]
                   0002bfac  [ 00015fd6 ] 00000002          *             : fxn_c.o55L (.bios)
                   0002bfae  [ 00015fd7 ] 00000002          *   --HOLE-- [fill = 20]
                   0002bfb0  [ 00015fd8 ] 00000002          *   bios5505.a55L : clk5505_wdog.o55L (.bios)
                   0002bfb2  [ 00015fd9 ] 00000002          *   --HOLE-- [fill = 20]

.TSK_CodecConfig$stk 
*            0   [ 0002bfb4 ]  00015fda          *   00000500   UNINITIALIZED
                 [ 0002bfb4 ]  00015fda          *   00000500   VC5505_CSL_BIOS_cfg.obj (.TSK_CodecConfig$stk)

.TSK_MUSBMSCTask$stk 
*            0   [ 0002c9b4 ]  000164da          *   00000500   UNINITIALIZED
                 [ 0002c9b4 ]  000164da          *   00000500   VC5505_CSL_BIOS_cfg.obj (.TSK_MUSBMSCTask$stk)

.TSK_MUSBMainTask$stk 
*            0   [ 0002d3b4 ]  000169da          *   00000500   UNINITIALIZED
                 [ 0002d3b4 ]  000169da          *   00000500   VC5505_CSL_BIOS_cfg.obj (.TSK_MUSBMainTask$stk)

.TSK_idle$stk 
*            0   [ 0002ddb4 ]  00016eda          *   00000500   UNINITIALIZED
                 [ 0002ddb4 ]  00016eda          *   00000500   VC5505_CSL_BIOS_cfg.obj (.TSK_idle$stk)

.mainTsk$stk 
*            0   [ 0002e7b4 ]  000173da          *   00000500   UNINITIALIZED
                 [ 0002e7b4 ]  000173da          *   00000500   VC5505_CSL_BIOS_cfg.obj (.mainTsk$stk)

.const       0   [ 0002f1b8 ]  000178dc          *   00000410   
                 [ 0002f1b8 ]  000178dc          *   000000ab   csl_usb_iso_highspeed_example.obj (.const:.string)
                 [ 0002f30e ]  00017987          *   00000001   --HOLE-- [fill = 0]
                 [ 0002f310 ]  00017988          *   000000a0   app_usbac_descs.obj (.const:_configDescriptor)
                 [ 0002f450 ]  00017a28          *   00000084   user_interface.obj (.const:.string)
                 [ 0002f558 ]  00017aac          *   00000056   codec_aic3254.obj (.const:.string)
                 [ 0002f604 ]  00017b02          *   00000054   i2s_bios_drv_lib.lib : ddc_i2s.obj (.const:.string)
                 [ 0002f6ac ]  00017b56          *   0000004f   bios.a55L : tsk_stup.o55L (.const)
                 [ 0002f74a ]  00017ba5          *   00000001   --HOLE-- [fill = 0]
                 [ 0002f74c ]  00017ba6          *   00000001             : sem_crea.o55L (.const)
                 [ 0002f74e ]  00017ba7          *   00000001   --HOLE-- [fill = 0]
                 [ 0002f750 ]  00017ba8          *   00000035   app_usbac_descs.obj (.const:_acHidReportDescriptor)
                 [ 0002f7ba ]  00017bdd          *   00000001   --HOLE-- [fill = 0]
                 [ 0002f7bc ]  00017bde          *   00000025   app_usb.obj (.const:.string)
                 [ 0002f806 ]  00017c03          *   00000025   codec_aic3254.obj (.const:_volume_table)
                 [ 0002f850 ]  00017c28          *   00000024   app_usbac.obj (.const:.string)
                 [ 0002f898 ]  00017c4c          *   00000023   bios.a55L : utl_doab.o55L (.const)
                 [ 0002f8de ]  00017c6f          *   00000001   --HOLE-- [fill = 0]
                 [ 0002f8e0 ]  00017c70          *   00000022             : utl_doer.o55L (.const)
                 [ 0002f924 ]  00017c92          *   00000013   i2c_bios_drv_lib.lib : ddc_i2c.obj (.const:.string)
                 [ 0002f94a ]  00017ca5          *   00000001   --HOLE-- [fill = 0]
                 [ 0002f94c ]  00017ca6          *   00000001   bios.a55L : tsk.o55L (.const)
                 [ 0002f94e ]  00017ca7          *   00000001   --HOLE-- [fill = 0]
                 [ 0002f950 ]  00017ca8          *   00000012   app_usbac_descs.obj (.const:_deviceDescriptorB)
                 [ 0002f974 ]  00017cba          *   00000002   --HOLE-- [fill = 0]
                 [ 0002f978 ]  00017cbc          *   0000000a   app_usbac_descs.obj (.const:_deviceQualifierDescr)
                 [ 0002f98c ]  00017cc6          *   00000008   rts55x.lib : divd.obj (.const:_initial_approx$1)
                 [ 0002f99c ]  00017cce          *   00000006   rtdxx.lib : rtdx_mon.o55L (.const)
                 [ 0002f9a8 ]  00017cd4          *   00000004   i2c_bios_drv_lib.lib : ddc_i2c.obj (.const:_$P$T0$1)
                 [ 0002f9b0 ]  00017cd8          *   00000004   pll_control.obj (.const:_pllCfg_120MHz)
                 [ 0002f9b8 ]  00017cdc          *   00000004   bios.a55L : mem_allo.o55L (.const)
                 [ 0002f9c0 ]  00017ce0          *   00000004             : mem_free.o55L (.const)
                 [ 0002f9c8 ]  00017ce4          *   00000004   rtdxx.lib : buffer1.o55L (.const)
                 [ 0002f9d0 ]  00017ce8          *   00000004   user_interface.obj (.const)

.printf      0   [ 0002f9d8 ]  00017cec          *   000001d6   
                 [ 0002f9d8 ]  00017cec          *   000001d6   VC5505_CSL_BIOS_cfg.obj (.printf)

.sysinit     0     0002fd84  [ 00017ec2 ] 0000023c          *   
                   0002fd84  [ 00017ec2 ] 000000d2          *   VC5505_CSL_BIOS_cfg.obj (.sysinit)
                   0002fe56  [ 00017f2b ] 00000002          *   --HOLE-- [fill = 20]
                   0002fe58  [ 00017f2c ] 00000084          *   bios.a55L : tsk_init.o55L (.sysinit)
                   0002fedc  [ 00017f6e ] 00000071          *             : autoinit.o55L (.sysinit)
                   0002ff4d  [ 00017fa6+] 0000006f          *             : boot.o55L (.sysinit)
                   0002ffbc  [ 00017fde ] 00000002          *             : obj_init.o55L (.sysinit)
                   0002ffbe  [ 00017fdf ] 00000002          *   --HOLE-- [fill = 20]

.hwi_disp_sec 
*            0   [ 0002ffc0 ]  00017fe0          *   000000c0   UNINITIALIZED
                 [ 0002ffc0 ]  00017fe0          *   000000c0   bios.a55L : hwi_disp_asm.o55L (.hwi_disp_sec)

.hwi_vec     0     0004df00  [ 00026f80 ] 00000100          *   
                   0004df00  [ 00026f80 ] 00000100          *   VC5505_CSL_BIOS_cfg.obj (.hwi_vec)

.trace$buf 
*            0   [ 0004e000 ]  00027000          *   00001000   UNINITIALIZED
                 [ 0004e000 ]  00027000          *   00001000   VC5505_CSL_BIOS_cfg.obj (.trace$buf)


GLOBAL SYMBOLS: SORTED ALPHABETICALLY BY Name 

abs. value/
byte addr   word addr   name
---------   ---------   ----
00000002                $TI_capability$C5500$CallingConvention
00000002                $TI_capability$C5500$MemoryModel
00000001                $TI_capability_requires_rev3
            0000e690    .bss
            00008000    .data
00010000                .text
00000014                BIOSDATA_O_CLK_D_COUNTSPMS
0000000e                BIOSDATA_O_CLK_D_DIRTY
00000016                BIOSDATA_O_CLK_D_IDLETIME
00000018                BIOSDATA_O_CLK_D_ISRHOOK
00000010                BIOSDATA_O_CLK_D_PRD
0000001a                BIOSDATA_O_CLK_D_TABBEG
00000012                BIOSDATA_O_CLK_D_TDDR
0000001c                BIOSDATA_O_CLK_D_TIMEFXN
00000006                BIOSDATA_O_CLK_HTIMEDIV
00000008                BIOSDATA_O_CLK_HTIMEMULT
0000000a                BIOSDATA_O_CLK_LTIMEDIV
0000000c                BIOSDATA_O_CLK_LTIMEMULT
0000001e                BIOSDATA_O_CLK_R_TIMH
0000001f                BIOSDATA_O_CLK_R_TIML
00000020                BIOSDATA_O_HST_D_CHANMASK
000000a0                BIOSDATA_O_HST_D_TABBEGADDR
000000a2                BIOSDATA_O_HST_D_TABENDADDR
00000088                BIOSDATA_O_HWI_D_SPSAVE
0000008a                BIOSDATA_O_HWI_D_SSPSAVE
0000008c                BIOSDATA_O_HWI_D_STKBOTADDR
00000090                BIOSDATA_O_HWI_D_STKTOPADDR
0000008e                BIOSDATA_O_HWI_D_SYSTKBOTADDR
00000092                BIOSDATA_O_HWI_D_SYSTKTOPADDR
00000022                BIOSDATA_O_IDL_D_CALBEG
00000024                BIOSDATA_O_IDL_D_CALIBRATE
00000026                BIOSDATA_O_IDL_D_TABBEG
00000028                BIOSDATA_O_LOG_D_SYSTEM
00000098                BIOSDATA_O_MEM_D_FREELIST
0000009a                BIOSDATA_O_MEM_D_LOCKADDR
00000096                BIOSDATA_O_MEM_D_MEMTAB
00000095                BIOSDATA_O_MEM_D_NUMSEGMENTS
0000009c                BIOSDATA_O_MEM_D_UNLOCKADDR
0000002a                BIOSDATA_O_PIP_D_TABBEG
0000002c                BIOSDATA_O_PIP_D_TABLEN
0000002e                BIOSDATA_O_PRD_D_CUR
00000030                BIOSDATA_O_PRD_D_ELAPSED
00000031                BIOSDATA_O_PRD_D_PREVTIM
00000032                BIOSDATA_O_PRD_D_SCALAR
00000034                BIOSDATA_O_PRD_D_SWIHANDLE
00000036                BIOSDATA_O_PRD_D_TABBEG
00000038                BIOSDATA_O_PRD_D_TABLEN
0000003a                BIOSDATA_O_PRD_D_THOOK
0000003c                BIOSDATA_O_PRD_D_TICKH
0000003d                BIOSDATA_O_PRD_D_TICKL
000000a8                BIOSDATA_O_RTDX_D_BUFREAD
000000aa                BIOSDATA_O_RTDX_D_BUFWRITE
00000046                BIOSDATA_O_SWI_D_CURFXN
00000042                BIOSDATA_O_SWI_D_CURMASK
00000045                BIOSDATA_O_SWI_D_CURMBOX
00000043                BIOSDATA_O_SWI_D_CURSET
00000040                BIOSDATA_O_SWI_D_EXECADDR
00000044                BIOSDATA_O_SWI_D_LOCK
00000048                BIOSDATA_O_SWI_D_RDYBEG
0000004a                BIOSDATA_O_SWI_D_RDYTAB
0000003e                BIOSDATA_O_SWI_D_RUNADDR
0000009e                BIOSDATA_O_SYS
000000a4                BIOSDATA_O_TSK_D_IDLSTKADDR
000000a6                BIOSDATA_O_TSK_D_IDLSYSTKADDR
0002fd84                BIOS_init
0002fe12                BIOS_start
00000000                BUF$
00000001                BUF_ENABLED
0001cd19                C$$EXIT
            00005098    C55_BIOSDATAOBJ
00000001                CLK$
00002ffc                CLK_A_TABBEG
00005ff8                CLK_A_TABBEGb
00000001                CLK_CALDIV
00000004                CLK_CALMULT
0000ea60                CLK_COUNTSPMS
00000000                CLK_COUNTSPMSHIGH
            000050ae    CLK_D_idletime
            000050b0    CLK_D_isrhook
            000050b2    CLK_D_tabbeg
            000050b4    CLK_D_timefxn
0002bf39                CLK_F_dispRun
0002b6f8                CLK_F_gethtime
0002be20                CLK_F_itime
0002bf39                CLK_HOOKFXN
00000001                CLK_HTIMEDIV
00000002                CLK_HTIMEMULT
0000ea60                CLK_HTIMEPERLTIME
00000010                CLK_IMR0TINTMASK
00000000                CLK_IMR1TINTMASK
00000000                CLK_INTBIT
00000004                CLK_INTID
00000001                CLK_LTIMEDIV
0001d4c0                CLK_LTIMEMULT
000003e8                CLK_MICROSECS
            00002ffe    CLK_NULL
0000ea5f                CLK_PRD
00000000                CLK_PRDHIGH
00001810                CLK_REGS
            000050b6    CLK_R_timh
            000050b7    CLK_R_timl
00000020                CLK_TCR
00000000                CLK_TDDR
00000000                CLK_TDDRHIGH
0002b6f8                CLK_TIMEFXN
00000001                CLK_TIMER0ARG
0002b670                CLK_TIMER0FUNC
00000000                CLK_TIMER1ARG
0001a8e2                CLK_TIMER1FUNC
00000000                CLK_TIMER2ARG
0002be86                CLK_TIMER2FUNC
00000001                CLK_TIMERIFR
00000000                CLK_TIMERIMR
00000010                CLK_TIMERIMRMASK
00000000                CLK_TIMERNUM
00000001                CLK_USETIMER
ffffffff                DARAM
00000000                DEV$
00000000                DGN$
00000000                DHL$
00000000                DHL_gChannelsAvailable
00000000                DIO$
00000000                DIO_NUMSWIBASE
00000000                DIO_NUMTSKBASE
00000000                DIO_STATIC
00000000                DPI$
0002be86                FXN_F_nop
0002be88                FXN_F_run
0002bea9                FXN_F_selfLoop
0002bea5                FXN_F_zero
00000001                GBL$
00005205                GBL_A_VERSION
0002bfac                GBL_BIOS_BOOTFXN
00f80000                GBL_CACHEICRTAG1
00f81000                GBL_CACHEICRTAG2
00000002                GBL_CACHETYPE
00000000                GBL_CALLCSLCFGINIT
00000020                GBL_CLKIN
00000001                GBL_CLKMD
00001581                GBL_CLKTYPE
00000001                GBL_DCRPOSTEDWRITE
00001581                GBL_DSPSUBTYPE
00000037                GBL_DSPTYPE
00000000                GBL_ENABLEICACHE
00000001                GBL_ENABLEINST
00000042                GBL_FOOTPRINT
0001d4c0                GBL_FREQ
00000001                GBL_LARGEMODEL
00000000                GBL_MODIFYCLKMD
00000000                GBL_NULL
00008000                GBL_PLLDIV0
00008003                GBL_PLLDIV1
0000000f                GBL_PLLM
00000000                GBL_PROCID
00000000                GBL_ROM
00000000                GBL_SUPPORTCSL
0000dbef                GBL_TRCMASKVALUE
00000000                GBL_USERINIT
0002bfac                GBL_USERINITFXN
00000001                GBL_boot
            000055c2    GBL_initdone
            00000860    GBL_stackbeg
            0000185f    GBL_stackend
            00000060    GBL_sysstackbeg
            0000085f    GBL_sysstackend
00000000                GIO$
0002bfac                GIO_CREATEFXN
0002bfac                GIO_DELETEFXN
0002bfac                GIO_PENDFXN
0002bfac                GIO_POSTFXN
00000000                HOOK$
00000000                HOOK_KNLID
00000001                HST$
00002fe2                HST_A_TABBEG
00005fc4                HST_A_TABBEGb
00002ffc                HST_A_TABEND
00005ff8                HST_A_TABENDb
00000000                HST_BIOSLINK
00000000                HST_DSM
ffffffff                HST_DSMBUFSEG
00000400                HST_DSMMEMSIZE
            000050b8    HST_D_chanmask
            00005138    HST_D_tabbegaddr
            0000513a    HST_D_tabendaddr
000000ff                HST_MAXFRAMEALLOWED
00000040                HST_MAXFRAMESET
00000000                HST_NONE
00000001                HST_RTDX
00000001                HWI$
0004df00                HWI_A_VECS
00000018                HWI_BERR
00000019                HWI_DLOG
            0000512c    HWI_D_inhwi
            00005120    HWI_D_spsave
            00005122    HWI_D_sspsave
            00005124    HWI_D_stkbotaddr
            00005128    HWI_D_stktopaddr
            00005126    HWI_D_systkbotaddr
            0000512a    HWI_D_systktopaddr
0002a063                HWI_F_dispatch
0000000a                HWI_INT10
0000000b                HWI_INT11
0000000c                HWI_INT12
0000000d                HWI_INT13
0000000e                HWI_INT14
0000000f                HWI_INT15
00000010                HWI_INT16
00000011                HWI_INT17
00000012                HWI_INT18
00000013                HWI_INT19
00000002                HWI_INT2
00000014                HWI_INT20
00000015                HWI_INT21
00000016                HWI_INT22
00000017                HWI_INT23
00000003                HWI_INT3
00000004                HWI_INT4
00000005                HWI_INT5
00000006                HWI_INT6
00000007                HWI_INT7
00000008                HWI_INT8
00000009                HWI_INT9
00000001                HWI_NMI
00000000                HWI_RESET
0000001a                HWI_RTOS
0000001b                HWI_SINT27
0000001c                HWI_SINT28
0000001d                HWI_SINT29
0000001e                HWI_SINT30
0000001f                HWI_SINT31
00000004                HWI_TINT
00000000                HWI_ZEROTAB
0001ccf3                I$$LMPY
00000001                IDL$
000055aa                IDL_A_CALBEG
0000ab54                IDL_A_CALBEGb
000055a2                IDL_A_TABBEG
0000ab44                IDL_A_TABBEGb
00000000                IDL_CALIBRERROR
0002beab                IDL_CALIBRFXN
            00005164    IDL_D_busyObj
            000050ba    IDL_D_calbeg
            000050bc    IDL_D_calibrate
            000050be    IDL_D_tabbeg
            000055a8    IDL_END
            000055b0    IDL_END$
0002bbdc                IDL_F_busy
0002bf88                IDL_F_loop
00000001                IDL_USECLKIDLTIME
            000051e0    IDL_busyObj
            00017e86    IDL_busyObj$avgfmt
00000001                IDL_busyObj$filter
00000001                IDL_busyObj$iA
00000000                IDL_busyObj$iB
00000001                IDL_busyObj$iC
            00017e80    IDL_busyObj$maxfmt
00000000                IDL_busyObj$operation
            000051de    IDL_busyObj$stsobj
            00017e83    IDL_busyObj$sumfmt
00000002                IDL_busyObj$unittype
            000055a2    IDL_cpuLoad
            000055aa    IDL_cpuLoad$
00000001                ISRC$
0002aee0                KNL_glue
            000052be    KNL_swi
00000001                KNL_swi$dorta
00000002                KNL_swi$ord
00000000                KNL_swi$pri
            00005180    KNL_swi$sts
            00017d58    KNL_swi$sts$avgfmt
00000002                KNL_swi$sts$filter
00000001                KNL_swi$sts$filtmaxmult
00000001                KNL_swi$sts$filtsummult
            00017d48    KNL_swi$sts$maxfmt
            0000517e    KNL_swi$sts$stsobj
            00017d50    KNL_swi$sts$sumfmt
00000000                KNL_swi$sts$unittype
00000000                KNL_swi$swi
0002af1f                KNL_tick_stub
00000001                LCK$
            0000515e    LNKCTRL
            0000515f    LNK_D_dataReadyMask
            0000515e    LNK_D_fromHostMask
            00005161    LNK_D_readDone
            00005162    LNK_D_readFail
            00005160    LNK_D_readPend
            00005163    LNK_D_writeFail
00029cc2                LNK_F_checkChanEnabled
00029d1b                LNK_F_dataPump
00029ce9                LNK_F_getChanPtr
00029cd0                LNK_F_getNextChan
00029cc0                LNK_F_init
0002a03e                LNK_F_readCallBack
            000055a4    LNK_dataPump
            000055ac    LNK_dataPump$
00029e86                LNK_newin
00029f6a                LNK_newout
00029d1b                LNK_rcloop
00029d6f                LNK_rdrtry
00029d79                LNK_rrloop
00029df9                LNK_wrloop
00029def                LNK_wrrtry
00000001                LOG$
00005586                LOG_A_TABBEG
0000ab0c                LOG_A_TABBEGb
0000559a                LOG_A_TABEND
0000ab34                LOG_A_TABENDb
00000002                LOG_A_TABLEN
            000050c0    LOG_D_system
00000001                LOG_ENABLED
0002ba64                LOG_F_event
            00005586    LOG_system
            00003000    LOG_system$buf
00000000                LOG_system$datatype
00000000                LOG_system$log
00001000                LOG_system$size
00000001                MBX$
            0000527c    MBX_codecConfig
            00005284    MBX_codecConfig$data
            00005294    MBX_codecConfig$free
            00002fc2    MBX_codecConfig$queElems
            00005248    MBX_msc
            00005250    MBX_msc$data
            00005260    MBX_msc$free
            00005386    MBX_msc$queElems
            00005214    MBX_musb
            0000521c    MBX_musb$data
            0000522c    MBX_musb$free
            000053e6    MBX_musb$queElems
00000001                MEM$
00000000                MEM_MALLOCSEG
00000000                MEM_NULL
00000000                MEM_SEGZERO
00000000                MEM_gNumHeap
00000000                MSGQ$
00000000                MSGQ_USEMSGQ
00000000                OBJ$
00000000                PIP$
00005322                PIP_A_TABBEG
0000a644                PIP_A_TABBEGb
00005386                PIP_A_TABEND
0000a70c                PIP_A_TABENDb
00000002                PIP_A_TABLEN
            000050c2    PIP_D_tabbeg
            000050c4    PIP_D_tablen
0002adcf                PIP_F_give
0002adcd                PIP_F_probe
0002ae41                PIP_F_start
0002ad79                PIP_F_take
00000064                PIP_OBJSIZE
00000000                PIP_gNextId
00000002                PIP_gNumEmbed
00000000                POOL$
00000000                POOL_USEPOOL
00000001                PRD$
0000556e                PRD_A_TABBEG
0000aadc                PRD_A_TABBEGb
00005586                PRD_A_TABEND
0000ab0c                PRD_A_TABENDb
00000002                PRD_A_TABLEN
            000050c6    PRD_D_cur
            000050c8    PRD_D_elapsed
            000050c9    PRD_D_prevtim
            000050ca    PRD_D_scalar
            000050cc    PRD_D_swihandle
            000050ce    PRD_D_tabbeg
            000050d0    PRD_D_tablen
            000050d2    PRD_D_thook
            000050d4    PRD_D_tickh
            000050d5    PRD_D_tickl
0002a54f                PRD_F_swi
0002a674                PRD_F_tick
00000002                PRD_SCALAR
            000052aa    PRD_SWIHANDLE
0002af1f                PRD_THOOKFXN
            00002ffc    PRD_clock
            000052aa    PRD_swi
00000001                PRD_swi$dorta
00000001                PRD_swi$ord
00000001                PRD_swi$pri
            00005178    PRD_swi$sts
            00017d3e    PRD_swi$sts$avgfmt
00000002                PRD_swi$sts$filter
00000001                PRD_swi$sts$filtmaxmult
00000001                PRD_swi$sts$filtsummult
            00017d2e    PRD_swi$sts$maxfmt
            00005176    PRD_swi$sts$stsobj
            00017d36    PRD_swi$sts$sumfmt
00000000                PRD_swi$sts$unittype
00000000                PRD_swi$swi
00000001                PWRM$
00000000                PWRM_PWRM_ADAPTCLK
0002bfac                PWRM_PWRM_BOOTHOOKFXN
00000023                PWRM_PWRM_CAPSMASK
0000003f                PWRM_PWRM_DS_IDLEMASK
00000000                PWRM_PWRM_ENABLE
00000005                PWRM_PWRM_IDLEMASK
00000000                PWRM_PWRM_IER0
00000000                PWRM_PWRM_IER1
00000640                PWRM_PWRM_INITMILVOLTS
0000000f                PWRM_PWRM_INITSP
00000000                PWRM_PWRM_SCALING
00000001                QUE$
            00005148    RTA_D_fromHost
            0000514c    RTA_D_logval
            00005156    RTA_D_stsval
            0000514a    RTA_D_toHost
0002bcf8                RTA_F_andn
0002aba5                RTA_F_dispatch
0002ab1c                RTA_F_getlog
0002ab48                RTA_F_getsts
0002bd0e                RTA_F_or
0002ab77                RTA_F_readblk
0002ab8a                RTA_F_resetmem
0002ab86                RTA_F_writeword
            000055a6    RTA_dispatcher
            000055ae    RTA_dispatcher$
            00002fe4    RTA_fromHost
            0000559a    RTA_fromHost$buf
00000008                RTA_fromHost$framesize
00000000                RTA_fromHost$hst
00000001                RTA_fromHost$id
00000000                RTA_fromHost$mode
            00005322    RTA_fromHost$pipe
            00014c0c    RTA_fromHost$pipe$dtab
            00005324    RTA_fromHost$pipe$rd
            00005326    RTA_fromHost$pipe$rdaddr
            0000532a    RTA_fromHost$pipe$rdcurdesc
            00005328    RTA_fromHost$pipe$rdsize
            0000533a    RTA_fromHost$pipe$rdstshdl
            0000533c    RTA_fromHost$pipe$wr
            0000533e    RTA_fromHost$pipe$wraddr
            00005342    RTA_fromHost$pipe$wrcurdesc
            00005340    RTA_fromHost$pipe$wrsize
            00005352    RTA_fromHost$pipe$wrstshdl
            00002fe8    RTA_fromHost$rtdx
            00002ff0    RTA_toHost
            0000552e    RTA_toHost$buf
00000040                RTA_toHost$framesize
00000000                RTA_toHost$hst
00000000                RTA_toHost$id
00000001                RTA_toHost$mode
            00005354    RTA_toHost$pipe
            00014c12    RTA_toHost$pipe$dtab
            00005356    RTA_toHost$pipe$rd
            00005358    RTA_toHost$pipe$rdaddr
            0000535c    RTA_toHost$pipe$rdcurdesc
            0000535a    RTA_toHost$pipe$rdsize
            0000536c    RTA_toHost$pipe$rdstshdl
            0000536e    RTA_toHost$pipe$wr
            00005370    RTA_toHost$pipe$wraddr
            00005374    RTA_toHost$pipe$wrcurdesc
            00005372    RTA_toHost$pipe$wrsize
            00005384    RTA_toHost$pipe$wrstshdl
            00002ff4    RTA_toHost$rtdx
00000001                RTDX$
00000102                RTDX_BUFMEMSIZE
ffffffff                RTDX_DATAMEMSEG
            00005140    RTDX_D_BufRead
            00005142    RTDX_D_BufWrite
00000000                RTDX_MODE
00000001                RTDX_USERTDX
00000000                RTDX_USERTEXECUTION
ffffffff                SARAM
ffffffff                SARAM31
00000001                SEM$
            00004a1c    SEM_AbortTransferDone
            00004a74    SEM_ClearEndpointStalltDone
            00004a32    SEM_ConnectDeviceDone
            00004aa0    SEM_DisconnectDeviceDone
            00004ab6    SEM_I2cDevBusy
            00004a5e    SEM_MUSBDMARxComplete
            00004a8a    SEM_MUSBMSCTaskExited
            00004a06    SEM_MUSBMainTaskExited
            00004ae2    SEM_PingPongRxLeftComplete
            00004b66    SEM_PingPongRxLeftComplete2
            00004b92    SEM_PingPongRxLeftComplete3
            00004bea    SEM_PingPongRxLeftComplete4
            00004af8    SEM_PingPongRxRightComplete
            00004b7c    SEM_PingPongRxRightComplete2
            00004ba8    SEM_PingPongRxRightComplete3
            00004c00    SEM_PingPongRxRightComplete4
            00004b0e    SEM_PingPongTxLeftComplete
            00004b3a    SEM_PingPongTxLeftComplete2
            00004bbe    SEM_PingPongTxLeftComplete3
            00004c16    SEM_PingPongTxLeftComplete4
            00004b24    SEM_PingPongTxRightComplete
            00004b50    SEM_PingPongTxRightComplete2
            00004bd4    SEM_PingPongTxRightComplete3
            00004c2c    SEM_PingPongTxRightComplete4
            00004acc    SEM_RTCAlarmOff
            00004a48    SEM_ResetDeviceDone
00000000                SIO$
00000001                STS$
00005166                STS_A_TABBEG
0000a2cc                STS_A_TABBEGb
0000520e                STS_A_TABEND
0000a41c                STS_A_TABENDb
0002bb6e                STS_F_add
0002bb4c                STS_F_delta
0002bb86                STS_F_reset
00000001                SWI$
000052aa                SWI_A_TABBEG
0000a554                SWI_A_TABBEGb
00005322                SWI_A_TABEND
0000a644                SWI_A_TABENDb
00000006                SWI_A_TABLEN
            000050de    SWI_D_curfxn
            000050da    SWI_D_curmask
            000050dd    SWI_D_curmbox
            000050db    SWI_D_curset
            000050d8    SWI_D_execaddr
            0000511e    SWI_D_inswi
            000050dc    SWI_D_lock
            000050e0    SWI_D_rdybeg
            000050e2    SWI_D_rdytab
            000050d6    SWI_D_runaddr
00000000                SWI_EHOOKFXN
00029a32                SWI_EXECFXN
000298ec                SWI_F_enable
00029a32                SWI_F_exec
000299aa                SWI_F_exec_sync
0002991f                SWI_F_post
00029b1e                SWI_F_run
00000000                SWI_IHOOKFXN
            000052d2    SWI_Process_USB_Input
00000001                SWI_Process_USB_Input$dorta
00000003                SWI_Process_USB_Input$ord
00000005                SWI_Process_USB_Input$pri
            00005188    SWI_Process_USB_Input$sts
            00017d72    SWI_Process_USB_Input$sts$avgfmt
00000002                SWI_Process_USB_Input$sts$filter
00000001                SWI_Process_USB_Input$sts$filtmaxmult
00000001                SWI_Process_USB_Input$sts$filtsummult
            00017d62    SWI_Process_USB_Input$sts$maxfmt
            00005186    SWI_Process_USB_Input$sts$stsobj
            00017d6a    SWI_Process_USB_Input$sts$sumfmt
00000000                SWI_Process_USB_Input$sts$unittype
00000000                SWI_Process_USB_Input$swi
00029b1e                SWI_RUNFXN
            0000530e    SWI_Send_USB_Output
00000001                SWI_Send_USB_Output$dorta
00000006                SWI_Send_USB_Output$ord
00000005                SWI_Send_USB_Output$pri
            000051a0    SWI_Send_USB_Output$sts
            00017dc0    SWI_Send_USB_Output$sts$avgfmt
00000002                SWI_Send_USB_Output$sts$filter
00000001                SWI_Send_USB_Output$sts$filtmaxmult
00000001                SWI_Send_USB_Output$sts$filtsummult
            00017db0    SWI_Send_USB_Output$sts$maxfmt
            0000519e    SWI_Send_USB_Output$sts$stsobj
            00017db8    SWI_Send_USB_Output$sts$sumfmt
00000000                SWI_Send_USB_Output$sts$unittype
00000000                SWI_Send_USB_Output$swi
            000052e6    SWI_Store_USB_Input
00000001                SWI_Store_USB_Input$dorta
00000004                SWI_Store_USB_Input$ord
00000005                SWI_Store_USB_Input$pri
            00005190    SWI_Store_USB_Input$sts
            00017d8c    SWI_Store_USB_Input$sts$avgfmt
00000002                SWI_Store_USB_Input$sts$filter
00000001                SWI_Store_USB_Input$sts$filtmaxmult
00000001                SWI_Store_USB_Input$sts$filtsummult
            00017d7c    SWI_Store_USB_Input$sts$maxfmt
            0000518e    SWI_Store_USB_Input$sts$stsobj
            00017d84    SWI_Store_USB_Input$sts$sumfmt
00000000                SWI_Store_USB_Input$sts$unittype
00000000                SWI_Store_USB_Input$swi
            000052fa    SWI_UserInterface
00000001                SWI_UserInterface$dorta
00000005                SWI_UserInterface$ord
00000004                SWI_UserInterface$pri
            00005198    SWI_UserInterface$sts
            00017da6    SWI_UserInterface$sts$avgfmt
00000002                SWI_UserInterface$sts$filter
00000001                SWI_UserInterface$sts$filtmaxmult
00000001                SWI_UserInterface$sts$filtsummult
            00017d96    SWI_UserInterface$sts$maxfmt
            00005196    SWI_UserInterface$sts$stsobj
            00017d9e    SWI_UserInterface$sts$sumfmt
00000000                SWI_UserInterface$sts$unittype
00000000                SWI_UserInterface$swi
00000001                SYS$
            000055b2    SYS$config
0002bed0                SYS_ABORTFXN
0002bef4                SYS_ERRORFXN
0002bf94                SYS_EXITFXN
0002bdb4                SYS_PUTCFXN
00004000                TRC_GBLTARG
            000055c1    TRC_R_mask
            000055c0    TRC_cinit
00000001                TSK$
            00004f1e    TSK_CodecConfig
00000006                TSK_CodecConfig$ord
00000006                TSK_CodecConfig$pri
            00015fda    TSK_CodecConfig$stack
            000163bc    TSK_CodecConfig$stkptr
            000051d0    TSK_CodecConfig$sts
            00017e5c    TSK_CodecConfig$sts$avgfmt
00000002                TSK_CodecConfig$sts$filter
00000001                TSK_CodecConfig$sts$filtmaxmult
00000001                TSK_CodecConfig$sts$filtsummult
            00017e4c    TSK_CodecConfig$sts$maxfmt
            000051ce    TSK_CodecConfig$sts$stsobj
            00017e54    TSK_CodecConfig$sts$sumfmt
00000000                TSK_CodecConfig$sts$unittype
            000163da    TSK_CodecConfig$sysstack
            000164bc    TSK_CodecConfig$sysstkptr
00000000                TSK_CodecConfig$tsk
            00004f36    TSK_CodecConfig$tskobj
            0000513c    TSK_D_idlstkaddr
            0000513e    TSK_D_idlsystkaddr
            00004ec6    TSK_MUSBMSCTask
00000004                TSK_MUSBMSCTask$ord
00000008                TSK_MUSBMSCTask$pri
            000164da    TSK_MUSBMSCTask$stack
            000168bc    TSK_MUSBMSCTask$stkptr
            000051c0    TSK_MUSBMSCTask$sts
            00017e28    TSK_MUSBMSCTask$sts$avgfmt
00000002                TSK_MUSBMSCTask$sts$filter
00000001                TSK_MUSBMSCTask$sts$filtmaxmult
00000001                TSK_MUSBMSCTask$sts$filtsummult
            00017e18    TSK_MUSBMSCTask$sts$maxfmt
            000051be    TSK_MUSBMSCTask$sts$stsobj
            00017e20    TSK_MUSBMSCTask$sts$sumfmt
00000000                TSK_MUSBMSCTask$sts$unittype
            000168da    TSK_MUSBMSCTask$sysstack
            000169bc    TSK_MUSBMSCTask$sysstkptr
00000000                TSK_MUSBMSCTask$tsk
            00004ede    TSK_MUSBMSCTask$tskobj
            00004ef2    TSK_MUSBMainTask
00000005                TSK_MUSBMainTask$ord
00000009                TSK_MUSBMainTask$pri
            000169da    TSK_MUSBMainTask$stack
            00016dbc    TSK_MUSBMainTask$stkptr
            000051c8    TSK_MUSBMainTask$sts
            00017e42    TSK_MUSBMainTask$sts$avgfmt
00000002                TSK_MUSBMainTask$sts$filter
00000001                TSK_MUSBMainTask$sts$filtmaxmult
00000001                TSK_MUSBMainTask$sts$filtsummult
            00017e32    TSK_MUSBMainTask$sts$maxfmt
            000051c6    TSK_MUSBMainTask$sts$stsobj
            00017e3a    TSK_MUSBMainTask$sts$sumfmt
00000000                TSK_MUSBMainTask$sts$unittype
            00016dda    TSK_MUSBMainTask$sysstack
            00016ebc    TSK_MUSBMainTask$sysstkptr
00000000                TSK_MUSBMainTask$tsk
            00004f0a    TSK_MUSBMainTask$tskobj
00000000                TSK_NUM_HOOKS
00000001                TSK_PRIORITY
            00004e42    TSK_PbAudioAlg
00000001                TSK_PbAudioAlg$ord
00000007                TSK_PbAudioAlg$pri
            00004000    TSK_PbAudioAlg$stack
            000043e2    TSK_PbAudioAlg$stkptr
            000051a8    TSK_PbAudioAlg$sts
            00017dda    TSK_PbAudioAlg$sts$avgfmt
00000002                TSK_PbAudioAlg$sts$filter
00000001                TSK_PbAudioAlg$sts$filtmaxmult
00000001                TSK_PbAudioAlg$sts$filtsummult
            00017dca    TSK_PbAudioAlg$sts$maxfmt
            000051a6    TSK_PbAudioAlg$sts$stsobj
            00017dd2    TSK_PbAudioAlg$sts$sumfmt
00000000                TSK_PbAudioAlg$sts$unittype
            00004400    TSK_PbAudioAlg$sysstack
            000044e2    TSK_PbAudioAlg$sysstkptr
00000000                TSK_PbAudioAlg$tsk
            00004e5a    TSK_PbAudioAlg$tskobj
00000000                TSK_READYFXN
            00004f4a    TSK_RecAudioAlg
00000007                TSK_RecAudioAlg$ord
00000007                TSK_RecAudioAlg$pri
            00004500    TSK_RecAudioAlg$stack
            000048e2    TSK_RecAudioAlg$stkptr
            000051d8    TSK_RecAudioAlg$sts
            00017e76    TSK_RecAudioAlg$sts$avgfmt
00000002                TSK_RecAudioAlg$sts$filter
00000001                TSK_RecAudioAlg$sts$filtmaxmult
00000001                TSK_RecAudioAlg$sts$filtsummult
            00017e66    TSK_RecAudioAlg$sts$maxfmt
            000051d6    TSK_RecAudioAlg$sts$stsobj
            00017e6e    TSK_RecAudioAlg$sts$sumfmt
00000000                TSK_RecAudioAlg$sts$unittype
            00004900    TSK_RecAudioAlg$sysstack
            000049e2    TSK_RecAudioAlg$sysstkptr
00000000                TSK_RecAudioAlg$tsk
            00004f62    TSK_RecAudioAlg$tskobj
00000000                TSK_STACKSEG
00000400                TSK_STACKSIZE
00000000                TSK_SWITCHFXN
00000100                TSK_SYSTACKSIZE
0002bfac                TSK_VCREATEFXN
0002bfac                TSK_VDELETEFXN
0002bfac                TSK_VEXITFXN
            00004e6e    TSK_idle
00000002                TSK_idle$ord
00000000                TSK_idle$pri
            00016eda    TSK_idle$stack
            000172bc    TSK_idle$stkptr
            000051b0    TSK_idle$sts
            00017df4    TSK_idle$sts$avgfmt
00000002                TSK_idle$sts$filter
00000001                TSK_idle$sts$filtmaxmult
00000001                TSK_idle$sts$filtsummult
            00017de4    TSK_idle$sts$maxfmt
            000051ae    TSK_idle$sts$stsobj
            00017dec    TSK_idle$sts$sumfmt
00000000                TSK_idle$sts$unittype
            000172da    TSK_idle$sysstack
            000173bc    TSK_idle$sysstkptr
00000000                TSK_idle$tsk
            00004e86    TSK_idle$tskobj
00000000                UDEV$
ffffffff                VECT
            00012ef8    _ACAppBuffer
            00012eb4    _AC_AppHandle
000147da                _AC_Close
000145c7                _AC_Ctrl
000145c1                _AC_GetactivityFlagStatus
000145bb                _AC_GetsuspendFlagStatus
0001455e                _AC_Hid
000144f8                _AC_Iso
0001416e                _AC_Open
00013f14                _AC_initDescriptors
00013c07                _AC_reqGetCurrent
00013af5                _AC_reqGetDescriptor
00013ad6                _AC_reqGetMaximum
00013ab7                _AC_reqGetMinimum
00013a98                _AC_reqGetResolution
00013a4c                _AC_reqHidGetIdle
000139d6                _AC_reqHidGetReport
0001398f                _AC_reqHidSetIdle
000136a0                _AC_reqSetCurrent
000135e3                _AC_reqSetInterface
0001590e                _AIC3254_Read
00014800                _AIC3254_Write
00014932                _AIC3254_init
00014886                _Adjust_Volume
000184c1                _AppGetMediaSize
000184bd                _AppGetMediaStatus
000184b9                _AppLockMedia
000184b5                _AppMediaEject
000184b1                _AppMediaInit
0002fd84                _BIOS_init
0002fe12                _BIOS_start
0001740a                _C5515_reset
0002b4db                _C55_clearIFR0
0002b4f0                _C55_clearIFR1
0002b463                _C55_disableIMR0
0002b486                _C55_disableIMR1
0002b4a9                _C55_enableIMR0
0002b4c2                _C55_enableIMR1
0000ea60                _CLK_COUNTSPMS
            00014c5a    _CLK_DFLTMICROSECS
            000050ac    _CLK_D_countspms
            000050a6    _CLK_D_dirty
            00014c5c    _CLK_D_microseconds
            000050a8    _CLK_D_prd
            000050aa    _CLK_D_tddr
0000ea5f                _CLK_PRD
00001810                _CLK_REGS
00000020                _CLK_TCR
00000000                _CLK_TDDR
00000000                _CLK_TIMERNUM
00000001                _CLK_USETIMER
0002bf39                _CLK_dispRun
0002b628                _CLK_dispatch
0002b6ec                _CLK_getfhtime
0002b6f8                _CLK_getshtime
            0000509e    _CLK_htimeDiv
            000050a0    _CLK_htimeMult
            00013d3e    _CLK_htimePerLtime
0002b670                _CLK_isr
            000050b0    _CLK_isrhook
0002be20                _CLK_itime
            000050a2    _CLK_ltimeDiv
            000050a4    _CLK_ltimeMult
0002b7c4                _CLK_measure
0002bf2e                _CLK_run
0002b508                _CLK_start
0002b590                _CLK_stop
            000050b6    _CLK_time
            00014c2a    _CLK_timer0arg
            00014c24    _CLK_timer0func
            00014c2c    _CLK_timer1arg
            00014c26    _CLK_timer1func
            00014c2e    _CLK_timer2arg
            00014c28    _CLK_timer2func
00001810                _CLK_timer5505
00001c14                _CLK_timerIAFR
00000000                _CLK_timerNum
0002bfb0                _CLK_wdogdisable
000175c3                _CSL_acTest
00011af5                _CSL_selfWakeupCallBack
00011ae5                _CSL_suspendCallBack
0001758d                _ClockGating
0001bdbb                _CodecConfigTask
00011a4e                _CompleteTransfer
ffffffff                _DARAM
0001bf47                _DDA_I2SHWInit
            00014be0    _DDA_I2SInfo
00016170                _DDC_DMAAdjustAddrOffset
0001667b                _DDC_DMAChangeDestAddr
00016667                _DDC_DMAChangeSrcAddr
000165d9                _DDC_DMACheckTxComplete
0001644d                _DDC_DMAConfigChan
0001612e                _DDC_DMADrvInit
00016110                _DDC_DMAReleaseChan
00015c82                _DDC_DMARequestChan
00015beb                _DDC_DMAStartTransfer
00015b54                _DDC_DMAStopTransfer
00019964                _DDC_I2SClose
00019952                _DDC_I2SDMADeinit
000198e9                _DDC_I2SDMAInit
00019826                _DDC_I2SDMARead
0001972f                _DDC_I2SDMAWrite
000195f3                _DDC_I2SHwSetup
0001956b                _DDC_I2SOpen
            00014ad8    _DDC_I2S_Instance
0001a300                _DDC_I2S_transEnable
0001a2a1                _DDC_I2S_write
0001c409                _DMA_AdjustAddrOffset
0001c3f7                _DMA_ChangeDestAddr
00015a98                _DMA_ChangeI2SDestAddr
000159dc                _DMA_ChangeI2SSrcAddr
0001c3e5                _DMA_ChangeSrcAddr
0001c3d1                _DMA_ConfigChan
0001c3c7                _DMA_DrvInit
0001c38b                _DMA_HwInit
0001593d                _DMA_Isr
0001c379                _DMA_ReleaseChan
0001c360                _DMA_RequestChan
0001c34e                _DMA_StartTransfer
0001c33c                _DMA_StopTransfer
0001755a                _DemoSwitch
            00013e51    _DemoSwitchFlag
000109f4                _DeviceNotification
0001c723                _EZDSP5535_GPIO_getInput
0001c6ba                _EZDSP5535_GPIO_init
0001c6e5                _EZDSP5535_GPIO_setDirection
0001c709                _EZDSP5535_GPIO_setOutput
0001c62c                _EZDSP5535_I2C_init
0001c692                _EZDSP5535_I2C_read
0001c661                _EZDSP5535_I2C_reset
0001c66c                _EZDSP5535_I2C_write
0001b8a3                _EZDSP5535_LED_getall
0001b86d                _EZDSP5535_LED_init
0001b998                _EZDSP5535_LED_off
0001b963                _EZDSP5535_LED_on
0001b8f5                _EZDSP5535_LED_setall
0001b9cb                _EZDSP5535_LED_toggle
0001bfe9                _EZDSP5535_OSD9616_init
0001bf9e                _EZDSP5535_OSD9616_multiSend
0001c0cb                _EZDSP5535_OSD9616_printLetter
0001bf76                _EZDSP5535_OSD9616_send
0001ba26                _EZDSP5535_XF_get
0001ba1b                _EZDSP5535_XF_off
0001ba10                _EZDSP5535_XF_on
0001ba35                _EZDSP5535_XF_toggle
0001cbc9                _EZDSP5535_init
0001cb83                _EZDSP5535_wait
0001cbb7                _EZDSP5535_waitusec
0002bfac                _FXN_F_nop
            0000509a    _GBL_clkIn
            0000509c    _GBL_freq
0002bfa3                _GBL_getVersion
            00005098    _GBL_procId
00019e29                _GPIO_clearInt
00019e0d                _GPIO_close
00019d9b                _GPIO_config
00019cd4                _GPIO_configBit
00019c74                _GPIO_disableInt
00019c11                _GPIO_enableInt
00019b9f                _GPIO_getConfig
00019b76                _GPIO_open
00019b07                _GPIO_read
00019a86                _GPIO_reset
00019a21                _GPIO_statusBit
000199a0                _GPIO_write
0001b624                _GPT_close
0001b5ac                _GPT_config
0001b582                _GPT_getCnt
0001b4fa                _GPT_open
0001b498                _GPT_reset
0001b47b                _GPT_start
0001b45e                _GPT_stop
            00014c62    _GpioObj
0001c56f                _GpioWrite02
0001c553                _GpioWrite04
00002fe2                _HST_A_TABBEG
00002ffc                _HST_A_TABEND
            00017cec    _HST_HOST_CHANNEL_DRIVER
00000018                _HWI_BERR
00000019                _HWI_DLOG
            0000512c    _HWI_D_inhwi
            00005120    _HWI_D_spsave
            00005122    _HWI_D_sspsave
0002a2e2                _HWI_F_DispIsr0
0002a063                _HWI_F_dispatch
0000000a                _HWI_INT10
0000000b                _HWI_INT11
0000000c                _HWI_INT12
0000000d                _HWI_INT13
0000000e                _HWI_INT14
0000000f                _HWI_INT15
00000010                _HWI_INT16
00000011                _HWI_INT17
00000012                _HWI_INT18
00000013                _HWI_INT19
00000002                _HWI_INT2
00000014                _HWI_INT20
00000015                _HWI_INT21
00000016                _HWI_INT22
00000017                _HWI_INT23
00000003                _HWI_INT3
00000004                _HWI_INT4
00000005                _HWI_INT5
00000006                _HWI_INT6
00000007                _HWI_INT7
00000008                _HWI_INT8
00000009                _HWI_INT9
00000001                _HWI_NMI
00000000                _HWI_RESET
0000001a                _HWI_RTOS
0000001b                _HWI_SINT27
0000001c                _HWI_SINT28
0000001d                _HWI_SINT29
0000001e                _HWI_SINT30
0000001f                _HWI_SINT31
            00001860    _HWI_STKBOTTOM
            00000860    _HWI_STKTOP
            00000860    _HWI_SYSSTKBOTTOM
            00000060    _HWI_SYSSTKTOP
00000004                _HWI_TINT
            00005120    _HWI_data
0002bf14                _HWI_disable
            00017fe0    _HWI_dispatchTab
0002bf24                _HWI_enable
0002bf28                _HWI_restore
0001119e                _HandleUSBInterrupt
0001c2f3                _I2C_Init
0001c28a                _I2C_Read
0001c269                _I2C_Write
0001938b                _I2C_config
000192ce                _I2C_eventDisable
00019211                _I2C_eventEnable
00019162                _I2C_getConfig
0001914e                _I2C_getEventId
000190f0                _I2C_init
00018fd2                _I2C_read
00018f78                _I2C_setCallback
00018dfc                _I2C_setup
00018cde                _I2C_write
0001bf35                _I2S_DMA_Deinit
0001bf0e                _I2S_DMA_INIT
0001befc                _I2S_DMA_ISR_INPUT
0001beea                _I2S_DMA_ISR_OUTPUT
0001bec5                _I2S_DeInit
00019532                _I2S_DmaRxLChCallBack
000194f9                _I2S_DmaRxRChCallBack
000194b9                _I2S_DmaTxLChCallBack
00019480                _I2S_DmaTxRChCallBack
0001be06                _I2S_INIT
0001bdf4                _I2S_ReceiveData
0001bde2                _I2S_TransmitData
0002bbdc                _IDL_busy
            000051e0    _IDL_busyObj
0002bc23                _IDL_calibrate
            000055a2    _IDL_cpuLoad
0002bc08                _IDL_init
0002bf88                _IDL_loop
0002beab                _IDL_stub
            00014a1a    _KNL_alarm
0002b598                _KNL_check
            00014a42    _KNL_curqueue
            00014a3a    _KNL_curtask
            00014a3e    _KNL_curtime
            00014a22    _KNL_dummy
0002b8f4                _KNL_enter
0002b934                _KNL_exit
0002b5f3                _KNL_idle
            00014a4e    _KNL_idlefxn
            00014a1e    _KNL_inactive
0002b954                _KNL_ipost
0002b610                _KNL_max
            00014a44    _KNL_maxqueue
0002bdec                _KNL_post
            00014a3c    _KNL_prevtask
            00014a20    _KNL_priority
            000149c8    _KNL_queues
0002a6d8                _KNL_run
0002af3f                _KNL_saveIsrFrame
            000149c7    _KNL_set
            00014a1c    _KNL_setpri
            000052be    _KNL_swi
            00014a40    _KNL_swiptr
0002ae92                _KNL_switch
            00014a48    _KNL_tcreatefxn
            00014a4a    _KNL_tdeletefxn
0002ab0c                _KNL_tick
            00014a4c    _KNL_treadyfxn
            00014a46    _KNL_tswitchfxn
            000149c6    _KNL_wFlag
            00014a18    _KNL_wList
0002ba2c                _LCK_pend
0002ba0c                _LCK_post
0001a711                _LLC_I2SDisable
0001a6a2                _LLC_I2SDisableICMR
0001a69b                _LLC_I2SDisableLoopBack
0001a694                _LLC_I2SEnable
0001a625                _LLC_I2SEnableICMR
0001a61e                _LLC_I2SEnableLoopBack
0001a612                _LLC_I2SResetIR
0001a5f3                _LLC_I2SSetClkPol
0001a58b                _LLC_I2SSetClkdiv
0001a56c                _LLC_I2SSetDataDelay
0001a54d                _LLC_I2SSetDataFormat
0001a52e                _LLC_I2SSetDataPacking
0001a50f                _LLC_I2SSetFsPol
0001a499                _LLC_I2SSetFsdiv
0001a47a                _LLC_I2SSetMono
0001a45b                _LLC_I2SSetSignExt
0001a43c                _LLC_I2SSetTransmitMode
0001a3ce                _LLC_I2SSetWordLength
0001a317                _LLC_ResetAll
0002a03e                _LNK_F_readCallBack
            000055a4    _LNK_dataPump
00005586                _LOG_A_TABBEG
0000559a                _LOG_A_TABEND
00000002                _LOG_A_TABLEN
            000050c0    _LOG_D_system
0002ba64                _LOG_event
0002b82c                _LOG_printf
[...]
            00013d36    _swiProcessCountIn
            00013d38    _mscTaskNum
            00013d3a    _msgMscCtlCount
            00013d3c    _msgIsoInCount
            00013d3e    _CLK_htimePerLtime
            00013d40    _SEM_BufferInReady
            00013d50    _bufferIn
            00013e50    _bufferInIdx
            00013e51    _DemoSwitchFlag
            00013e52    _recAudioTaskCountSave
            00013e54    _bufferFFT
            00014054    _bufferScrach
            00014254    _display_buffer
            000142d4    _playAudioTaskCountSave
            000142d6    _sofIntCountRecSaved
            000142d8    _sofIntCountPlaySave
            000142da    _recAudioTaskCountSec
            000142dc    _playAudioTaskCountSec
            000142de    _sofIntCountRecSec
            000142e0    _sofIntCountPlaySec
            000142e2    _secCount
            000142e4    _strDesc
            0001458c    _string_descriptor
            000145d0    _usbRegisters
            000145d1    _sysCtrlRegs
            000145d2    _gUsbContext
            0001469c    _gCtrlTransfer
            000146aa    _gBulkInTransfer
            000146b8    _gBulkOutTransfer
            000146c6    _gIsoInTransfer
            000146d4    _gIsoOutTransfer
            000146e2    _gIntInTransfer
            000146f0    _gEpStatus
            00014780    _gUsbEpHandle
            00014790    _startTransferNum
            00014792    _dmaChanObj
            00014892    _dmaEngObj
            0001489a    _dmaChanLookUp
            000148b4    _dmaEvtLookUp
            000148de    _dmaIsrCount
            000148e0    _dmaCallbackReqCount
            000148e2    _dmaCallbackCount
            000148e4    _dmaIsrCountArray
            00014904    ___atexit_func_id__
            000149c6    _KNL_wFlag
            000149c7    _KNL_set
            000149c8    _KNL_queues
            00014a18    _KNL_wList
            00014a1a    _KNL_alarm
            00014a1c    _KNL_setpri
            00014a1e    _KNL_inactive
            00014a20    _KNL_priority
            00014a22    _KNL_dummy
            00014a3a    _KNL_curtask
            00014a3c    _KNL_prevtask
            00014a3e    _KNL_curtime
            00014a40    _KNL_swiptr
            00014a42    _KNL_curqueue
            00014a44    _KNL_maxqueue
            00014a46    _KNL_tswitchfxn
            00014a48    _KNL_tcreatefxn
            00014a4a    _KNL_tdeletefxn
            00014a4c    _KNL_treadyfxn
            00014a4e    _KNL_idlefxn
            00014a53    _usb_rec_mode
            00014a54    _usb_rec_start
            00014a55    _usb_play_mode
            00014a56    _usb_play_start
            00014a57    _no_main_task
            00014a58    _hidIntInEpReady
            00014a59    _firstRecordFlag
            00014a5a    _sus
            00014a5c    _wake
            00014a5e    _isoInIntCount
            00014a60    _isoOutIntCount
            00014a62    _isoSofIntCount
            00014a64    _usbIntTotalCount
            00014a66    _completeTransCount
            00014a68    _deviceNotifyCount
            00014a6a    _isoTxCount
            00014a6c    _isoRxCount
            00014a6e    _stopMsgMscCtlFlag
            00014a6f    _rxPbSampNum
            00014a70    _swiStoreCount
            00014a72    _rxPacketSize
            00014a73    _uFrameCount
            00014a74    _swiSendCount
            00014a76    _underRunCount
            00014a78    _fifoEmptyCount
            00014a7a    _sofIntCountPlay
            00014a7c    _sofIntCountRec
            00014a7e    _sofIntCountRecSave
            00014a80    _usbIntCount
            00014a82    _sof_int_count
            00014a84    _sofNoRxCount
            00014a86    _sofNoTxCount
            00014a88    _dmaSampCntPerSec
            00014a8a    _usbIsoInSampCntPerSec
            00014a8c    _isoFbckIntCount
            00014a8e    _mainTaskNum
            00014a90    _inTransferNum
            00014a92    _inTransferErrNum
            00014a94    _ddcI2CObj
            00014aba    _ddcI2CDriver
            00014ad8    _DDC_I2S_Instance
            00014b00    _gi2sTxLeftBuf
            00014b02    _gi2sTxRightBuf
            00014b04    _gi2sNextTxLeftBuf
            00014b06    _gi2sNextTxRightBuf
            00014b08    _gi2sNextRxLeftBuf
            00014b0a    _gi2sNextRxRightBuf
            00014b0c    _gZeroBuf
            00014b0e    _dma_error
            00014b10    _i2sDmaTxLChCallBackCount
            00014b12    _i2sDmaTxRChCallBackCount
            00014b14    _i2sDmaRxLChCallBackCount
            00014b16    _i2sDmaRxRChCallBackCount
            00014b18    _TSK_nTasks
            00014b19    _TSK_pid
            00014b1a    _TSK_ATTRS
            00014b28    _TSK_config
            00014b36    _TSK
            00014b38    _TSK_timerSem
            00014b48    __TSK_mutex
            00014b5c    __MEM_mutex
            00014b70    _OBJ_table
            00014b8c    _OBJ_segtab
            00014b94    _SYS_exitStack
            00014ba4    _SYS_exitStackPtr
            00014ba6    _SYS_exitStackTop
            00014ba8    _gAllowedPbnStates
            00014bad    _gHidReportReady
            00014bae    _gHidReport
            00014bbc    _gUsbPbSampRateHz
            00014bbe    _gDacSampRateHz
            00014bc0    _dmaChanNum
            00014bc1    _dmaFrameLenSamps
            00014bc2    _dmaBaseAddr
            00014bc4    _dmaStartAddrReg0
            00014bc5    _dmaStartAddrReg1
            00014bc6    _dmaCXferCnt
            00014bc7    _numCDmaXfer
            00014bc8    _dmaCurAddr
            00014bca    _firstSof
            00014bcb    _dmaCurCnt
            00014bcc    _dmaPrevCnt
            00014bcd    _i2sRxSampCnt
            00014bce    _gI2cObj
            00014bde    _i2cHandle
            00014be0    _DDA_I2SInfo
            00014bf0    _gPbSampRateChange
            00014bf1    _gRecSampRateChange
            00014bf2    _mute_flag_change
            00014bf3    _rec_mute_flag_change
            00014bf4    _playback_volume_flag_change_Left
            00014bf5    _playback_volume_flag_change_Right
            00014bf6    _playback_volume_flag_change_Left_Right
            00014bf7    _numRecSamps
            00014bf8    _numPbSamps
            00014bf9    _alt_setting_rec
            00014bfa    _alt_setting_play
            00014bfc    _inPacketNum
            00014bfe    _pllObj
            00014c04    _pllCfg1
            00014c08    _hPll
            00014c0a    _pConfigInfo
            00014c0c    RTA_fromHost$pipe$dtab
            00014c12    RTA_toHost$pipe$dtab
            00014c18    _sdramIndex
            00014c1a    _recAudioTaskCount
            00014c1c    _recAudioCopyCount
            00014c1e    _playAudioTaskCount
            00014c20    _playAudioCopyCount
            00014c22    _playMemsetCount
            00014c24    _CLK_timer0func
            00014c26    _CLK_timer1func
            00014c28    _CLK_timer2func
            00014c2a    _CLK_timer0arg
            00014c2c    _CLK_timer1arg
            00014c2e    _CLK_timer2arg
            00014c30    _sdramBasePtr0
            00014c32    _sdramPtr0
            00014c34    _sdramBasePtr1
            00014c36    _sdramPtr1
            00014c38    _sdram_cntr
            00014c3a    _sdram_flag
            00014c3c    _gSetRecSampRateFlag
            00014c3d    _gSetRecSampNum
            00014c3e    _gSetRecSampRateTemp
            00014c40    _gSetRecSampRate
            00014c42    _gSetRecSampRatePrev
            00014c44    _gSetRecSampNumDelta
            00014c58    _rtdxNullChanCnt
            00014c59    _rtdxNullFuncCnt
            00014c5a    _CLK_DFLTMICROSECS
            00014c5c    _CLK_D_microseconds
            00014c5e    _SEM_ATTRS
            00014c62    _GpioObj
            00014c64    _hGpio
            00014c66    _gGpioObj
            00014c68    _gpio02State
            00014c69    _gpio04State
            00014c6a    __lock
            00014c6c    __unlock
            00014c6e    __cleanup_ptr
            00014c70    __dtors_ptr
            00014c72    _hi2c
            00014c74    _dtors
000298ec                SWI_F_enable
000298ec                _SWI_enable
            00014c76    ___end__
            00014c76    end
0002991f                SWI_F_post
0002991f                _SWI_post
000299aa                SWI_F_exec_sync
00029a32                SWI_EXECFXN
00029a32                SWI_F_exec
00029b1e                SWI_F_run
00029b1e                SWI_RUNFXN
00029c24                logPost
00029c76                stsPost
00029cc0                LNK_F_init
00029cc2                LNK_F_checkChanEnabled
00029cd0                LNK_F_getNextChan
00029ce9                LNK_F_getChanPtr
00029d1b                LNK_F_dataPump
00029d1b                LNK_rcloop
00029d6f                LNK_rdrtry
00029d79                LNK_rrloop
00029def                LNK_wrrtry
00029df9                LNK_wrloop
00029e86                LNK_newin
00029f6a                LNK_newout
0002a03e                LNK_F_readCallBack
0002a03e                _LNK_F_readCallBack
0002a063                HWI_F_dispatch
0002a063                _HWI_F_dispatch
0002a2e2                _HWI_F_DispIsr0
0002a3c4                _SEM_pendEnterKnl
0002a54f                PRD_F_swi
0002a674                PRD_F_tick
0002a6d8                _KNL_run
0002a860                _MEM_free
0002ab0c                _KNL_tick
0002ab1c                RTA_F_getlog
0002ab1c                _RTA_F_getlog
0002ab48                RTA_F_getsts
0002ab77                RTA_F_readblk
0002ab86                RTA_F_writeword
0002ab8a                RTA_F_resetmem
0002aba5                RTA_F_dispatch
0002ac4c                _MEM_alloc
0002ad79                PIP_F_take
0002adcd                PIP_F_probe
0002adcf                PIP_F_give
0002ae41                PIP_F_start
0002ae92                _KNL_switch
0002aee0                KNL_glue
0002af1f                KNL_tick_stub
0002af1f                PRD_THOOKFXN
0002af3f                _KNL_saveIsrFrame
0002afa0                _MBX_pend
0002b028                _MBX_post
0002b0b0                __SEM_dopost
0002b1b4                _TSK_exit
0002b2ac                _TSK_setup
0002b400                _TSK_startup
0002b463                _C55_disableIMR0
0002b486                _C55_disableIMR1
0002b4a9                _C55_enableIMR0
0002b4c2                _C55_enableIMR1
0002b4db                _C55_clearIFR0
0002b4f0                _C55_clearIFR1
0002b508                _CLK_start
0002b590                _CLK_stop
0002b598                _KNL_check
0002b5f3                _KNL_idle
0002b610                _KNL_max
0002b628                _CLK_dispatch
0002b670                CLK_TIMER0FUNC
0002b670                _CLK_isr
0002b6ec                _CLK_getfhtime
0002b6f8                CLK_F_gethtime
0002b6f8                CLK_TIMEFXN
0002b6f8                _CLK_getshtime
0002b73f                _SEM_post
0002b73f                _SEM_postBinary
0002b7c4                _CLK_measure
0002b82c                _LOG_printf
0002b890                _OBJ_create
0002b8f4                _KNL_enter
0002b934                _KNL_exit
0002b954                _KNL_ipost
0002b9b0                _SEM_create
0002ba0c                _LCK_post
0002ba2c                _LCK_pend
0002ba64                LOG_F_event
0002ba64                _LOG_event
0002bab5                _SEM_pend
0002bb04                _SEM_postEnterKnl
0002bb4c                STS_F_delta
0002bb4c                _STS_delta
0002bb6e                STS_F_add
0002bb6e                _STS_add
0002bb86                STS_F_reset
0002bb86                _STS_reset
0002bb94                _SYS_exit
0002bbdc                IDL_F_busy
0002bbdc                _IDL_busy
0002bc08                _IDL_init
0002bc23                _IDL_calibrate
0002bc6c                _OBJ_delete
0002bcb4                _TSK_disable
0002bce0                _TSK_enable
0002bcf8                RTA_F_andn
0002bd0e                RTA_F_or
0002bd25                iRTA_F_or
0002bd3b                _QUE_get
0002bd5a                _QUE_put
0002bd7d                _PRD_getticks
0002bd85                _PRD_tick
0002bd8b                _PRD_start
0002bdad                _PRD_stop
0002bdb4                SYS_PUTCFXN
0002bdb4                _UTL_doPutc
0002bdec                _KNL_post
0002be20                CLK_F_itime
0002be20                _CLK_itime
0002be54                _MEM_valloc
0002be86                CLK_TIMER2FUNC
0002be86                FXN_F_nop
0002be88                FXN_F_run
0002bea5                FXN_F_zero
0002bea9                FXN_F_selfLoop
0002beab                IDL_CALIBRFXN
0002beab                _IDL_stub
0002bed0                SYS_ABORTFXN
0002bed0                _UTL_doAbort
0002bef4                SYS_ERRORFXN
0002bef4                _UTL_doError
0002bf14                _HWI_disable
0002bf24                _HWI_enable
0002bf28                _HWI_restore
0002bf2e                _CLK_run
0002bf39                CLK_F_dispRun
0002bf39                CLK_HOOKFXN
0002bf39                _CLK_dispRun
0002bf48                _SYS_abort
0002bf60                _SYS_error
0002bf78                _SEM_delete
0002bf88                IDL_F_loop
0002bf88                _IDL_loop
0002bf94                SYS_EXITFXN
0002bf94                _UTL_halt
0002bf9c                _STS_set
0002bfa3                _GBL_getVersion
0002bfac                GBL_BIOS_BOOTFXN
0002bfac                GBL_USERINITFXN
0002bfac                GIO_CREATEFXN
0002bfac                GIO_DELETEFXN
0002bfac                GIO_PENDFXN
0002bfac                GIO_POSTFXN
0002bfac                PWRM_PWRM_BOOTHOOKFXN
0002bfac                TSK_VCREATEFXN
0002bfac                TSK_VDELETEFXN
0002bfac                TSK_VEXITFXN
0002bfac                _FXN_F_nop
0002bfb0                _CLK_wdogdisable
            00015fda    TSK_CodecConfig$stack
            000163bc    TSK_CodecConfig$stkptr
            000163da    TSK_CodecConfig$sysstack
            000164bc    TSK_CodecConfig$sysstkptr
            000164da    TSK_MUSBMSCTask$stack
            000168bc    TSK_MUSBMSCTask$stkptr
            000168da    TSK_MUSBMSCTask$sysstack
            000169bc    TSK_MUSBMSCTask$sysstkptr
            000169da    TSK_MUSBMainTask$stack
            00016dbc    TSK_MUSBMainTask$stkptr
            00016dda    TSK_MUSBMainTask$sysstack
            00016ebc    TSK_MUSBMainTask$sysstkptr
            00016eda    TSK_idle$stack
            000172bc    TSK_idle$stkptr
            000172da    TSK_idle$sysstack
            000173bc    TSK_idle$sysstkptr
            000173da    mainTsk$stack
            000177bc    mainTsk$stkptr
            000177da    mainTsk$sysstack
            000178bc    mainTsk$sysstkptr
            00017988    _configDescriptor
            00017ba8    _acHidReportDescriptor
            00017c03    _volume_table
            00017ca8    _deviceDescriptorB
            00017cbc    _deviceQualifierDescr
            00017cd8    _pllCfg_120MHz
            00017cec    _HST_HOST_CHANNEL_DRIVER
            00017cf4    poll$sts$maxfmt
            00017cfd    poll$sts$sumfmt
            00017d06    poll$sts$avgfmt
            00017d11    second$sts$maxfmt
            00017d1a    second$sts$sumfmt
            00017d23    second$sts$avgfmt
            00017d2e    PRD_swi$sts$maxfmt
            00017d36    PRD_swi$sts$sumfmt
            00017d3e    PRD_swi$sts$avgfmt
            00017d48    KNL_swi$sts$maxfmt
            00017d50    KNL_swi$sts$sumfmt
            00017d58    KNL_swi$sts$avgfmt
            00017d62    SWI_Process_USB_Input$sts$maxfmt
            00017d6a    SWI_Process_USB_Input$sts$sumfmt
            00017d72    SWI_Process_USB_Input$sts$avgfmt
            00017d7c    SWI_Store_USB_Input$sts$maxfmt
            00017d84    SWI_Store_USB_Input$sts$sumfmt
            00017d8c    SWI_Store_USB_Input$sts$avgfmt
            00017d96    SWI_UserInterface$sts$maxfmt
            00017d9e    SWI_UserInterface$sts$sumfmt
            00017da6    SWI_UserInterface$sts$avgfmt
            00017db0    SWI_Send_USB_Output$sts$maxfmt
            00017db8    SWI_Send_USB_Output$sts$sumfmt
            00017dc0    SWI_Send_USB_Output$sts$avgfmt
            00017dca    TSK_PbAudioAlg$sts$maxfmt
            00017dd2    TSK_PbAudioAlg$sts$sumfmt
            00017dda    TSK_PbAudioAlg$sts$avgfmt
            00017de4    TSK_idle$sts$maxfmt
            00017dec    TSK_idle$sts$sumfmt
            00017df4    TSK_idle$sts$avgfmt
            00017dfe    mainTsk$sts$maxfmt
            00017e06    mainTsk$sts$sumfmt
            00017e0e    mainTsk$sts$avgfmt
            00017e18    TSK_MUSBMSCTask$sts$maxfmt
            00017e20    TSK_MUSBMSCTask$sts$sumfmt
            00017e28    TSK_MUSBMSCTask$sts$avgfmt
            00017e32    TSK_MUSBMainTask$sts$maxfmt
            00017e3a    TSK_MUSBMainTask$sts$sumfmt
            00017e42    TSK_MUSBMainTask$sts$avgfmt
            00017e4c    TSK_CodecConfig$sts$maxfmt
            00017e54    TSK_CodecConfig$sts$sumfmt
            00017e5c    TSK_CodecConfig$sts$avgfmt
            00017e66    TSK_RecAudioAlg$sts$maxfmt
            00017e6e    TSK_RecAudioAlg$sts$sumfmt
            00017e76    TSK_RecAudioAlg$sts$avgfmt
            00017e80    IDL_busyObj$maxfmt
            00017e83    IDL_busyObj$sumfmt
            00017e86    IDL_busyObj$avgfmt
            00017e8b    mySts1$maxfmt
            00017e8e    mySts1$sumfmt
            00017e91    mySts1$avgfmt
            00017e96    mySts2$maxfmt
            00017e99    mySts2$sumfmt
            00017e9c    mySts2$avgfmt
            00017ea1    mySts3$maxfmt
            00017ea4    mySts3$sumfmt
            00017ea7    mySts3$avgfmt
            00017eac    mySts4$maxfmt
            00017eaf    mySts4$sumfmt
            00017eb2    mySts4$avgfmt
            00017eb7    mySts5$maxfmt
            00017eba    mySts5$sumfmt
            00017ebd    mySts5$avgfmt
0002fd84                BIOS_init
0002fd84                _BIOS_init
0002fe12                BIOS_start
0002fe12                _BIOS_start
0002fe58                _TSK_init
0002fedc                _auto_init
0002ff4d                _c_int00
0002ffbc                _OBJ_init
            00017fe0    _HWI_dispatchTab
0004df00                HWI_A_VECS
0004df00                hwi0
0004df08                hwi1
0004df10                hwi2
0004df18                hwi3
0004df20                hwi4
0004df28                hwi5
0004df30                hwi6
0004df38                hwi7
0004df40                hwi8
0004df48                hwi9
0004df50                hwi10
0004df58                hwi11
0004df60                hwi12
0004df68                hwi13
0004df70                hwi14
0004df78                hwi15
0004df80                hwi16
0004df88                hwi17
0004df90                hwi18
0004df98                hwi19
0004dfa0                hwi20
0004dfa8                hwi21
0004dfb0                hwi22
0004dfb8                hwi23
0004dfc0                hwi24
0004dfc8                hwi25
0004dfd0                hwi26
0004dfd8                hwi27
0004dfe0                hwi28
0004dfe8                hwi29
0004dff0                hwi30
0004dff8                hwi31
            00027000    trace$buf
00f80000                GBL_CACHEICRTAG1
00f81000                GBL_CACHEICRTAG2
ffffffff                DARAM
ffffffff                HST_DSMBUFSEG
ffffffff                RTDX_DATAMEMSEG
ffffffff                SARAM
ffffffff                SARAM31
ffffffff                VECT
ffffffff                _DARAM
ffffffff                _SARAM
ffffffff                _SARAM31
ffffffff                _VECT
ffffffff                ___binit__
ffffffff                ___c_args__
ffffffff                binit

[1712 symbols]
